/home/nxf91053/Documents/MCUXpresso_24.12.148/workspace/evkcmimxrt1060_sai_edma_record_playback/CMSIS/m-profile/armv7m_mpu.h:189:22:ARM_MPU_Enable	16	static
/home/nxf91053/Documents/MCUXpresso_24.12.148/workspace/evkcmimxrt1060_sai_edma_record_playback/CMSIS/m-profile/armv7m_mpu.h:202:22:ARM_MPU_Disable	4	static
/home/nxf91053/Documents/MCUXpresso_24.12.148/workspace/evkcmimxrt1060_sai_edma_record_playback/drivers/fsl_clock.h:1408:20:CLOCK_SetMux	24	static
/home/nxf91053/Documents/MCUXpresso_24.12.148/workspace/evkcmimxrt1060_sai_edma_record_playback/drivers/fsl_clock.h:1434:24:CLOCK_GetMux	16	static
/home/nxf91053/Documents/MCUXpresso_24.12.148/workspace/evkcmimxrt1060_sai_edma_record_playback/drivers/fsl_clock.h:1460:20:CLOCK_SetDiv	24	static
/home/nxf91053/Documents/MCUXpresso_24.12.148/workspace/evkcmimxrt1060_sai_edma_record_playback/drivers/fsl_clock.h:1485:24:CLOCK_GetDiv	16	static
/home/nxf91053/Documents/MCUXpresso_24.12.148/workspace/evkcmimxrt1060_sai_edma_record_playback/drivers/fsl_clock.h:1546:24:CLOCK_GetOscFreq	4	static
../board/board.c:24:10:BOARD_DebugConsoleSrcFreq	24	static
../board/board.c:43:6:BOARD_InitDebugConsole	16	static
../board/board.c:51:6:BOARD_LPI2C_Init	48	static
../board/board.c:69:10:BOARD_LPI2C_Send	48	static
../board/board.c:89:10:BOARD_LPI2C_Receive	48	static
../board/board.c:109:10:BOARD_LPI2C_SendSCCB	48	static
../board/board.c:129:10:BOARD_LPI2C_ReceiveSCCB	56	static
../board/board.c:162:6:BOARD_Accel_I2C_Init	8	static
../board/board.c:167:10:BOARD_Accel_I2C_Send	40	static
../board/board.c:174:10:BOARD_Accel_I2C_Receive	32	static
../board/board.c:180:6:BOARD_Codec_I2C_Init	8	static
../board/board.c:185:10:BOARD_Codec_I2C_Send	32	static
../board/board.c:192:10:BOARD_Codec_I2C_Receive	32	static
../board/board.c:198:6:BOARD_Camera_I2C_Init	8	static
../board/board.c:205:10:BOARD_Camera_I2C_Send	32	static
../board/board.c:212:10:BOARD_Camera_I2C_Receive	32	static
../board/board.c:219:10:BOARD_Camera_I2C_SendSCCB	32	static
../board/board.c:226:10:BOARD_Camera_I2C_ReceiveSCCB	32	static
../board/board.c:233:10:BOARD_Touch_I2C_Send	32	static
../board/board.c:240:10:BOARD_Touch_I2C_Receive	32	static
../board/board.c:248:6:BOARD_ConfigMPU	72	static
