/home/nxf91053/Documents/MCUXpresso_24.12.148/workspace/evkcmimxrt1060_sai_edma_record_playback/drivers/fsl_common_arm.h:232:20:_SDK_AtomicLocalClearAndSet4Byte	48	static
/home/nxf91053/Documents/MCUXpresso_24.12.148/workspace/evkcmimxrt1060_sai_edma_record_playback/drivers/fsl_clock.h:1496:20:CLOCK_ControlGate	32	static
/home/nxf91053/Documents/MCUXpresso_24.12.148/workspace/evkcmimxrt1060_sai_edma_record_playback/drivers/fsl_clock.h:1513:20:CLOCK_EnableClock	16	static
/home/nxf91053/Documents/MCUXpresso_24.12.148/workspace/evkcmimxrt1060_sai_edma_record_playback/drivers/fsl_iomuxc.h:1288:20:IOMUXC_SetPinMux	24	static
/home/nxf91053/Documents/MCUXpresso_24.12.148/workspace/evkcmimxrt1060_sai_edma_record_playback/drivers/fsl_iomuxc.h:1320:20:IOMUXC_SetPinConfig	24	static
../board/pin_mux.c:34:6:BOARD_InitBootPins	8	static
../board/pin_mux.c:70:6:BOARD_InitCS42448Pins	24	static
../board/pin_mux.c:142:6:BOARD_InitDebugConsolePins	16	static
../board/pin_mux.c:180:6:BOARD_InitWM8962Pins	16	static
