Archive member included to satisfy reference by file (symbol)

/usr/local/mcuxpressoide-24.12.148/ide/plugins/com.nxp.mcuxpresso.tools.linux_24.12.0.202407110909/tools/bin/../lib/gcc/arm-none-eabi/13.2.1/../../../../arm-none-eabi/lib/thumb/v7e-m+dp/hard/libcr_nohost_nf.a(_cr__main.o)
                              ./startup/startup_mimxrt1176_cm7.o (__main)
/usr/local/mcuxpressoide-24.12.148/ide/plugins/com.nxp.mcuxpresso.tools.linux_24.12.0.202407110909/tools/bin/../lib/gcc/arm-none-eabi/13.2.1/../../../../arm-none-eabi/lib/thumb/v7e-m+dp/hard/libcr_c.a(memset.o)
                              ./drivers/fsl_dcdc.o (memset)
/usr/local/mcuxpressoide-24.12.148/ide/plugins/com.nxp.mcuxpresso.tools.linux_24.12.0.202407110909/tools/bin/../lib/gcc/arm-none-eabi/13.2.1/../../../../arm-none-eabi/lib/thumb/v7e-m+dp/hard/libcr_c.a(alloc.o)
                              ./drivers/fsl_common.o (malloc)
/usr/local/mcuxpressoide-24.12.148/ide/plugins/com.nxp.mcuxpresso.tools.linux_24.12.0.202407110909/tools/bin/../lib/gcc/arm-none-eabi/13.2.1/../../../../arm-none-eabi/lib/thumb/v7e-m+dp/hard/libcr_c.a(errno.o)
                              ./utilities/str/fsl_str.o (errno)
/usr/local/mcuxpressoide-24.12.148/ide/plugins/com.nxp.mcuxpresso.tools.linux_24.12.0.202407110909/tools/bin/../lib/gcc/arm-none-eabi/13.2.1/../../../../arm-none-eabi/lib/thumb/v7e-m+dp/hard/libcr_c.a(initio.o)
                              /usr/local/mcuxpressoide-24.12.148/ide/plugins/com.nxp.mcuxpresso.tools.linux_24.12.0.202407110909/tools/bin/../lib/gcc/arm-none-eabi/13.2.1/../../../../arm-none-eabi/lib/thumb/v7e-m+dp/hard/libcr_nohost_nf.a(_cr__main.o) (_initio)
/usr/local/mcuxpressoide-24.12.148/ide/plugins/com.nxp.mcuxpresso.tools.linux_24.12.0.202407110909/tools/bin/../lib/gcc/arm-none-eabi/13.2.1/../../../../arm-none-eabi/lib/thumb/v7e-m+dp/hard/libcr_c.a(scanf.o)
                              ./utilities/str/fsl_str.o (strtoul)
/usr/local/mcuxpressoide-24.12.148/ide/plugins/com.nxp.mcuxpresso.tools.linux_24.12.0.202407110909/tools/bin/../lib/gcc/arm-none-eabi/13.2.1/../../../../arm-none-eabi/lib/thumb/v7e-m+dp/hard/libcr_c.a(setvbuf.o)
                              /usr/local/mcuxpressoide-24.12.148/ide/plugins/com.nxp.mcuxpresso.tools.linux_24.12.0.202407110909/tools/bin/../lib/gcc/arm-none-eabi/13.2.1/../../../../arm-none-eabi/lib/thumb/v7e-m+dp/hard/libcr_c.a(initio.o) (setvbuf)
/usr/local/mcuxpressoide-24.12.148/ide/plugins/com.nxp.mcuxpresso.tools.linux_24.12.0.202407110909/tools/bin/../lib/gcc/arm-none-eabi/13.2.1/../../../../arm-none-eabi/lib/thumb/v7e-m+dp/hard/libcr_c.a(strlen.o)
                              ./utilities/str/fsl_str.o (strlen)
/usr/local/mcuxpressoide-24.12.148/ide/plugins/com.nxp.mcuxpresso.tools.linux_24.12.0.202407110909/tools/bin/../lib/gcc/arm-none-eabi/13.2.1/../../../../arm-none-eabi/lib/thumb/v7e-m+dp/hard/libcr_c.a(ungetc.o)
                              /usr/local/mcuxpressoide-24.12.148/ide/plugins/com.nxp.mcuxpresso.tools.linux_24.12.0.202407110909/tools/bin/../lib/gcc/arm-none-eabi/13.2.1/../../../../arm-none-eabi/lib/thumb/v7e-m+dp/hard/libcr_c.a(scanf.o) (ungetc)
/usr/local/mcuxpressoide-24.12.148/ide/plugins/com.nxp.mcuxpresso.tools.linux_24.12.0.202407110909/tools/bin/../lib/gcc/arm-none-eabi/13.2.1/../../../../arm-none-eabi/lib/thumb/v7e-m+dp/hard/libcr_c.a(__fillbuf.o)
                              /usr/local/mcuxpressoide-24.12.148/ide/plugins/com.nxp.mcuxpresso.tools.linux_24.12.0.202407110909/tools/bin/../lib/gcc/arm-none-eabi/13.2.1/../../../../arm-none-eabi/lib/thumb/v7e-m+dp/hard/libcr_c.a(scanf.o) (__filbuf)
/usr/local/mcuxpressoide-24.12.148/ide/plugins/com.nxp.mcuxpresso.tools.linux_24.12.0.202407110909/tools/bin/../lib/gcc/arm-none-eabi/13.2.1/../../../../arm-none-eabi/lib/thumb/v7e-m+dp/hard/libcr_c.a(__init_alloc.o)
                              /usr/local/mcuxpressoide-24.12.148/ide/plugins/com.nxp.mcuxpresso.tools.linux_24.12.0.202407110909/tools/bin/../lib/gcc/arm-none-eabi/13.2.1/../../../../arm-none-eabi/lib/thumb/v7e-m+dp/hard/libcr_c.a(alloc.o) (__heaps)
/usr/local/mcuxpressoide-24.12.148/ide/plugins/com.nxp.mcuxpresso.tools.linux_24.12.0.202407110909/tools/bin/../lib/gcc/arm-none-eabi/13.2.1/../../../../arm-none-eabi/lib/thumb/v7e-m+dp/hard/libcr_c.a(_cr_sbrk.o)
                              /usr/local/mcuxpressoide-24.12.148/ide/plugins/com.nxp.mcuxpresso.tools.linux_24.12.0.202407110909/tools/bin/../lib/gcc/arm-none-eabi/13.2.1/../../../../arm-none-eabi/lib/thumb/v7e-m+dp/hard/libcr_c.a(alloc.o) (_sbrk)
/usr/local/mcuxpressoide-24.12.148/ide/plugins/com.nxp.mcuxpresso.tools.linux_24.12.0.202407110909/tools/bin/../lib/gcc/arm-none-eabi/13.2.1/../../../../arm-none-eabi/lib/thumb/v7e-m+dp/hard/libcr_c.a(_deferredlazyseek.o)
[...]
Memory Configuration

Name             Origin             Length             Attributes
BOARD_FLASH      0x30000000         0x04000000         xr
SRAM_DTC_cm7     0x20000000         0x00040000         xrw
SRAM_ITC_cm7     0x00000000         0x00040000         xrw
SRAM_OC1         0x20240000         0x00080000         xrw
SRAM_OC2         0x202c0000         0x00040000         xrw
NCACHE_REGION    0x20300000         0x00040000         xrw
SRAM_OC_ECC1     0x20340000         0x00010000         xrw
SRAM_OC_ECC2     0x20350000         0x00010000         xrw
BOARD_SDRAM      0x80000000         0x04000000         xrw
*default*        0x00000000         0xffffffff

Linker script and memory map

LOAD ./xip/dcd.o
LOAD ./xip/evkbmimxrt1170_flexspi_nor_config.o
LOAD ./xip/fsl_flexspi_nor_boot.o
LOAD ./xip/xmcd.o
LOAD ./utilities/str/fsl_str.o
LOAD ./utilities/debug_console_lite/fsl_debug_console.o
LOAD ./utilities/fsl_assert.o
LOAD ./utilities/fsl_memcpy.o
LOAD ./startup/boot_multicore_slave.o
LOAD ./startup/startup_mimxrt1176_cm7.o
LOAD ./source/hello_world.o
LOAD ./source/semihost_hardfault.o
LOAD ./drivers/fsl_anatop_ai.o
LOAD ./drivers/fsl_cache.o
LOAD ./drivers/fsl_clock.o
LOAD ./drivers/fsl_common.o
LOAD ./drivers/fsl_common_arm.o
LOAD ./drivers/fsl_dcdc.o
LOAD ./drivers/fsl_gpc.o
LOAD ./drivers/fsl_gpio.o
LOAD ./drivers/fsl_lpuart.o
LOAD ./drivers/fsl_mu.o
LOAD ./drivers/fsl_pgmc.o
LOAD ./drivers/fsl_pmu.o
LOAD ./drivers/fsl_soc_src.o
LOAD ./device/system_MIMXRT1176_cm7.o
LOAD ./component/uart/fsl_adapter_lpuart.o
LOAD ./board/board.o
LOAD ./board/clock_config.o
LOAD ./board/hardware_init.o
LOAD ./board/pin_mux.o
START GROUP
LOAD /usr/local/mcuxpressoide-24.12.148/ide/plugins/com.nxp.mcuxpresso.tools.linux_24.12.0.202407110909/tools/bin/../lib/gcc/arm-none-eabi/13.2.1/../../../../arm-none-eabi/lib/thumb/v7e-m+dp/hard/libcr_nohost_nf.a
LOAD /usr/local/mcuxpressoide-24.12.148/ide/plugins/com.nxp.mcuxpresso.tools.linux_24.12.0.202407110909/tools/bin/../lib/gcc/arm-none-eabi/13.2.1/../../../../arm-none-eabi/lib/thumb/v7e-m+dp/hard/libcr_c.a
LOAD /usr/local/mcuxpressoide-24.12.148/ide/plugins/com.nxp.mcuxpresso.tools.linux_24.12.0.202407110909/tools/bin/../lib/gcc/arm-none-eabi/13.2.1/thumb/v7e-m+dp/hard/libcr_eabihelpers.a
LOAD /usr/local/mcuxpressoide-24.12.148/ide/plugins/com.nxp.mcuxpresso.tools.linux_24.12.0.202407110909/tools/bin/../lib/gcc/arm-none-eabi/13.2.1/thumb/v7e-m+dp/hard/libgcc.a
END GROUP
                0x30000000                        __base_BOARD_FLASH = 0x30000000
                0x30000000                        __base_Flash = 0x30000000
                0x34000000                        __top_BOARD_FLASH = 0x34000000
                0x34000000                        __top_Flash = 0x34000000
                0x20000000                        __base_SRAM_DTC_cm7 = 0x20000000
                0x20000000                        __base_RAM = 0x20000000
                0x20040000                        __top_SRAM_DTC_cm7 = 0x20040000
                0x20040000                        __top_RAM = 0x20040000
                0x00000000                        __base_SRAM_ITC_cm7 = 0x0
                0x00000000                        __base_RAM2 = 0x0
                0x00040000                        __top_SRAM_ITC_cm7 = 0x40000
                0x00040000                        __top_RAM2 = 0x40000
                0x20240000                        __base_SRAM_OC1 = 0x20240000
                0x20240000                        __base_RAM3 = 0x20240000
                0x202c0000                        __top_SRAM_OC1 = 0x202c0000
                0x202c0000                        __top_RAM3 = 0x202c0000
                0x202c0000                        __base_SRAM_OC2 = 0x202c0000
                0x202c0000                        __base_RAM4 = 0x202c0000
                0x20300000                        __top_SRAM_OC2 = 0x20300000
                0x20300000                        __top_RAM4 = 0x20300000
                0x20300000                        __base_NCACHE_REGION = 0x20300000
                0x20300000                        __base_RAM5 = 0x20300000
                0x20340000                        __top_NCACHE_REGION = 0x20340000
                0x20340000                        __top_RAM5 = 0x20340000
                0x20340000                        __base_SRAM_OC_ECC1 = 0x20340000
                0x20340000                        __base_RAM6 = 0x20340000
                0x20350000                        __top_SRAM_OC_ECC1 = 0x20350000
                0x20350000                        __top_RAM6 = 0x20350000
                0x20350000                        __base_SRAM_OC_ECC2 = 0x20350000
                0x20350000                        __base_RAM7 = 0x20350000
                0x20360000                        __top_SRAM_OC_ECC2 = 0x20360000
                0x20360000                        __top_RAM7 = 0x20360000
                0x80000000                        __base_BOARD_SDRAM = 0x80000000
                0x80000000                        __base_RAM8 = 0x80000000
                0x84000000                        __top_BOARD_SDRAM = 0x84000000
                0x84000000                        __top_RAM8 = 0x84000000

.boot_hdr       0x30000000     0x2000
 FILL mask 0xff
                0x00000400                        . = 0x400
 *fill*         0x30000000      0x400 ff
                0x30000400                        __boot_hdr_start__ = ABSOLUTE (.)
 *(SORT_BY_ALIGNMENT(.boot_hdr.conf))
 .boot_hdr.conf
                0x30000400      0x200 ./xip/evkbmimxrt1170_flexspi_nor_config.o
                0x30000400                qspiflash_config
                0x00001000                        . = 0x1000
 *fill*         0x30000600      0xa00 ff
                0x30001000                        __boot_hdr_ivt_loadaddr__ = ABSOLUTE (.)
 *(SORT_BY_ALIGNMENT(.boot_hdr.ivt))
 .boot_hdr.ivt  0x30001000       0x20 ./xip/fsl_flexspi_nor_boot.o
                0x30001000                image_vector_table
                0x00001020                        . = 0x1020
                0x30001020                        __boot_hdr_boot_data_loadaddr__ = ABSOLUTE (.)
 *(SORT_BY_ALIGNMENT(.boot_hdr.boot_data))
 .boot_hdr.boot_data
                0x30001020       0x10 ./xip/fsl_flexspi_nor_boot.o
                0x30001020                g_boot_data
                0x00001030                        . = 0x1030
                0x30001030                        __boot_hdr_dcd_loadaddr__ = ABSOLUTE (.)
 *(SORT_BY_ALIGNMENT(.boot_hdr.dcd_data))
                0x30001030                        __boot_hdr_end__ = ABSOLUTE (.)
                0x00002000                        . = 0x2000
 *fill*         0x30001030      0xfd0 ff

.text           0x30002000     0x6088
 FILL mask 0xff
                0x30002000                        __vectors_start__ = ABSOLUTE (.)
 *(SORT_BY_ALIGNMENT(.isr_vector))
 .isr_vector    0x30002000      0x3a8 ./startup/startup_mimxrt1176_cm7.o
                0x30002000                __Vectors
                0x30002000                g_pfnVectors
                0x300023a8                        . = ALIGN (0x4)
                0x300023a8                        __section_table_start = .
                0x300023a8                        __data_section_table = .
                0x300023a8        0x4 LONG 0x30008088 LOADADDR (.data)
                0x300023ac        0x4 LONG 0x20000000 ADDR (.data)
                0x300023b0        0x4 LONG 0x4 SIZEOF (.data)
                0x300023b4        0x4 LONG 0x30008088 LOADADDR (.data_RAM2)
                0x300023b8        0x4 LONG 0x0 ADDR (.data_RAM2)
                0x300023bc        0x4 LONG 0x0 SIZEOF (.data_RAM2)
                0x300023c0        0x4 LONG 0x30008088 LOADADDR (.data_RAM3)
                0x300023c4        0x4 LONG 0x20240000 ADDR (.data_RAM3)
                0x300023c8        0x4 LONG 0x0 SIZEOF (.data_RAM3)
                0x300023cc        0x4 LONG 0x30008088 LOADADDR (.data_RAM4)
                0x300023d0        0x4 LONG 0x202c0000 ADDR (.data_RAM4)
                0x300023d4        0x4 LONG 0x0 SIZEOF (.data_RAM4)
                0x300023d8        0x4 LONG 0x30008088 LOADADDR (.data_RAM5)
                0x300023dc        0x4 LONG 0x20300000 ADDR (.data_RAM5)
                0x300023e0        0x4 LONG 0x0 SIZEOF (.data_RAM5)
                0x300023e4        0x4 LONG 0x30008088 LOADADDR (.data_RAM6)
                0x300023e8        0x4 LONG 0x20340000 ADDR (.data_RAM6)
                0x300023ec        0x4 LONG 0x0 SIZEOF (.data_RAM6)
                0x300023f0        0x4 LONG 0x30008088 LOADADDR (.data_RAM7)
                0x300023f4        0x4 LONG 0x20350000 ADDR (.data_RAM7)
                0x300023f8        0x4 LONG 0x0 SIZEOF (.data_RAM7)
                0x300023fc        0x4 LONG 0x30008088 LOADADDR (.data_RAM8)
                0x30002400        0x4 LONG 0x80000000 ADDR (.data_RAM8)
                0x30002404        0x4 LONG 0x0 SIZEOF (.data_RAM8)
                0x30002408                        __data_section_table_end = .
                0x30002408                        __bss_section_table = .
                0x30002408        0x4 LONG 0x20000004 ADDR (.bss)
                0x3000240c        0x4 LONG 0x134 SIZEOF (.bss)
                0x30002410        0x4 LONG 0x0 ADDR (.bss_RAM2)
                0x30002414        0x4 LONG 0x0 SIZEOF (.bss_RAM2)
                0x30002418        0x4 LONG 0x20240000 ADDR (.bss_RAM3)
                0x3000241c        0x4 LONG 0x0 SIZEOF (.bss_RAM3)
                0x30002420        0x4 LONG 0x202c0000 ADDR (.bss_RAM4)
                0x30002424        0x4 LONG 0x0 SIZEOF (.bss_RAM4)
                0x30002428        0x4 LONG 0x20300000 ADDR (.bss_RAM5)
                0x3000242c        0x4 LONG 0x0 SIZEOF (.bss_RAM5)
                0x30002430        0x4 LONG 0x20340000 ADDR (.bss_RAM6)
                0x30002434        0x4 LONG 0x0 SIZEOF (.bss_RAM6)
                0x30002438        0x4 LONG 0x20350000 ADDR (.bss_RAM7)
                0x3000243c        0x4 LONG 0x0 SIZEOF (.bss_RAM7)
                0x30002440        0x4 LONG 0x80000000 ADDR (.bss_RAM8)
                0x30002444        0x4 LONG 0x0 SIZEOF (.bss_RAM8)
                0x30002448                        __bss_section_table_end = .
                0x30002448                        __section_table_end = .
 *(SORT_BY_ALIGNMENT(.after_vectors*))
 .after_vectors.init_data
                0x30002448       0x54 ./startup/startup_mimxrt1176_cm7.o
                0x30002448                data_init
 .after_vectors.init_bss
                0x3000249c       0x4c ./startup/startup_mimxrt1176_cm7.o
                0x3000249c                bss_init
 .after_vectors.reset
                0x300024e8       0x54 ./startup/startup_mimxrt1176_cm7.o
                0x300024e8                ResetISR
 .after_vectors
                0x3000253c       0x14 ./startup/startup_mimxrt1176_cm7.o
                0x3000253c                NMI_Handler
                0x30002540                MemManage_Handler
                0x30002542                BusFault_Handler
                0x30002544                UsageFault_Handler
                0x30002546                SVC_Handler
                0x30002548                DebugMon_Handler
                0x3000254a                PendSV_Handler
                0x3000254c                SysTick_Handler
                0x3000254e                ACMP4_DriverIRQHandler
                0x3000254e                Reserved214_DriverIRQHandler
                0x3000254e                DCIC1_DriverIRQHandler
                0x3000254e                KPP_DriverIRQHandler
                0x3000254e                FLEXSPI2_DriverIRQHandler
                0x3000254e                LPSPI2_DriverIRQHandler
                0x3000254e                FLEXRAM_ECC_DriverIRQHandler
                0x3000254e                SAI3_RX_DriverIRQHandler
                0x3000254e                ADC_ETC_IRQ3_DriverIRQHandler
                0x3000254e                Reserved168_DriverIRQHandler
                0x3000254e                Reserved178_DriverIRQHandler
                0x3000254e                SNVS_HP_NON_TZ_DriverIRQHandler
                0x3000254e                PWM4_FAULT_DriverIRQHandler
                0x3000254e                DMA13_DMA29_DriverIRQHandler
                0x3000254e                Reserved185_DriverIRQHandler
                0x3000254e                FLEXRAM_DriverIRQHandler
                0x3000254e                KEY_MANAGER_DriverIRQHandler
                0x3000254e                LPSPI4_DriverIRQHandler
                0x3000254e                SEMC_DriverIRQHandler
                0x3000254e                SPDIF_DriverIRQHandler
                0x3000254e                PWM4_3_DriverIRQHandler
                0x3000254e                LPI2C5_DriverIRQHandler
                0x3000254e                TMPSNS_LOW_HIGH_DriverIRQHandler
                0x3000254e                RDC_DriverIRQHandler
                0x3000254e                GPIO3_Combined_0_15_DriverIRQHandler
                0x3000254e                Reserved167_DriverIRQHandler
                0x3000254e                CAN3_DriverIRQHandler
                0x3000254e                PIT2_DriverIRQHandler
                0x3000254e                CAAM_RTIC_DriverIRQHandler
                0x3000254e                OCOTP_READ_FUSE_ERROR_DriverIRQHandler
                0x3000254e                DMA7_DMA23_DriverIRQHandler
                0x3000254e                GPIO6_Combined_16_31_DriverIRQHandler
                0x3000254e                SAI4_TX_DriverIRQHandler
                0x3000254e                Reserved110_DriverIRQHandler
                0x3000254e                Reserved210_DriverIRQHandler
                0x3000254e                LPI2C3_DriverIRQHandler
                0x3000254e                GPR_IRQ_DriverIRQHandler
                0x3000254e                Reserved208_DriverIRQHandler
                0x3000254e                PWM2_FAULT_DriverIRQHandler
                0x3000254e                PWM3_1_DriverIRQHandler
                0x3000254e                SEMA4_CP1_DriverIRQHandler
                0x3000254e                DAC_DriverIRQHandler
                0x3000254e                ENET_1G_MAC0_Tx_Rx_1_DriverIRQHandler
                0x3000254e                XECC_FLEXSPI2_INT_DriverIRQHandler
                0x3000254e                LPSR_LP8_BROWNOUT_DriverIRQHandler
                0x3000254e                Reserved166_DriverIRQHandler
                0x3000254e                DMA14_DMA30_DriverIRQHandler
                0x3000254e                TMR1_DriverIRQHandler
                0x3000254e                PWM3_2_DriverIRQHandler
                0x3000254e                ENET_1588_Timer_DriverIRQHandler
                0x3000254e                ENET_QOS_PMT_DriverIRQHandler
                0x3000254e                FLEXIO2_DriverIRQHandler
                0x3000254e                GPIO2_Combined_16_31_DriverIRQHandler
                0x3000254e                CTI_TRIGGER_OUT0_DriverIRQHandler
                0x3000254e                PWM4_1_DriverIRQHandler
                0x3000254e                Reserved213_DriverIRQHandler
                0x3000254e                CAAM_IRQ0_DriverIRQHandler
                0x3000254e                RTWDOG3_DriverIRQHandler
                0x3000254e                PWM3_3_DriverIRQHandler
                0x3000254e                DMA0_DMA16_DriverIRQHandler
                0x3000254e                IntDefaultHandler
                0x3000254e                DMA2_DMA18_DriverIRQHandler
                0x3000254e                XECC_FLEXSPI1_FATAL_INT_DriverIRQHandler
                0x3000254e                XECC_SEMC_INT_DriverIRQHandler
                0x3000254e                USDHC1_DriverIRQHandler
                0x3000254e                ENC3_DriverIRQHandler
                0x3000254e                PWM3_FAULT_DriverIRQHandler
                0x3000254e                Reserved186_DriverIRQHandler
                0x3000254e                LPI2C6_DriverIRQHandler
                0x3000254e                TMPSNS_PANIC_DriverIRQHandler
                0x3000254e                EWM_DriverIRQHandler
                0x3000254e                WDOG1_DriverIRQHandler
                0x3000254e                FLEXIO1_DriverIRQHandler
                0x3000254e                ENET_DriverIRQHandler
                0x3000254e                TMR4_DriverIRQHandler
                0x3000254e                ENC2_DriverIRQHandler
                0x3000254e                ENET_1G_MAC0_Tx_Rx_2_DriverIRQHandler
                0x3000254e                ADC_ETC_IRQ2_DriverIRQHandler
                0x3000254e                GPIO1_Combined_16_31_DriverIRQHandler
                0x3000254e                SAI1_DriverIRQHandler
                0x3000254e                DMA12_DMA28_DriverIRQHandler
                0x3000254e                MECC1_FATAL_INT_DriverIRQHandler
                0x3000254e                PWM4_0_DriverIRQHandler
                0x3000254e                MIPI_DSI_DriverIRQHandler
                0x3000254e                ADC_ETC_ERROR_IRQ_DriverIRQHandler
                0x3000254e                ACMP2_DriverIRQHandler
                0x3000254e                GPIO5_Combined_0_15_DriverIRQHandler
                0x3000254e                GPU2D_DriverIRQHandler
                0x3000254e                GPT2_DriverIRQHandler
                0x3000254e                MUA_DriverIRQHandler
                0x3000254e                CAN3_ERROR_DriverIRQHandler
                0x3000254e                DMA10_DMA26_DriverIRQHandler
                0x3000254e                PWM2_1_DriverIRQHandler
                0x3000254e                PWM1_1_DriverIRQHandler
                0x3000254e                PXP_DriverIRQHandler
                0x3000254e                ADC1_DriverIRQHandler
                0x3000254e                PDM_ERROR_DriverIRQHandler
                0x3000254e                MIPI_CSI_DriverIRQHandler
                0x3000254e                CAAM_IRQ3_DriverIRQHandler
                0x3000254e                PWM1_0_DriverIRQHandler
                0x3000254e                CAAM_IRQ1_DriverIRQHandler
                0x3000254e                DMA1_DMA17_DriverIRQHandler
                0x3000254e                GPT6_DriverIRQHandler
                0x3000254e                PIT1_DriverIRQHandler
                0x3000254e                ENC1_DriverIRQHandler
                0x3000254e                ENC4_DriverIRQHandler
                0x3000254e                CAN2_DriverIRQHandler
                0x3000254e                Reserved169_DriverIRQHandler
                0x3000254e                LPSR_LP0_BROWNOUT_DriverIRQHandler
                0x3000254e                CAN2_ERROR_DriverIRQHandler
                0x3000254e                GPT5_DriverIRQHandler
                0x3000254e                DMA8_DMA24_DriverIRQHandler
                0x3000254e                GPT1_DriverIRQHandler
                0x3000254e                SNVS_HP_TZ_DriverIRQHandler
                0x3000254e                CAAM_RECORVE_ERRPR_DriverIRQHandler
                0x3000254e                CAAM_IRQ2_DriverIRQHandler
                0x3000254e                ACMP3_DriverIRQHandler
                0x3000254e                DMA6_DMA22_DriverIRQHandler
                0x3000254e                GPIO6_Combined_0_15_DriverIRQHandler
                0x3000254e                SAI4_RX_DriverIRQHandler
                0x3000254e                TMR3_DriverIRQHandler
                0x3000254e                TMR2_DriverIRQHandler
                0x3000254e                DCIC2_DriverIRQHandler
                0x3000254e                FLEXSPI1_DriverIRQHandler
                0x3000254e                GPIO1_Combined_0_15_DriverIRQHandler
                0x3000254e                USDHC2_DriverIRQHandler
                0x3000254e                PWM4_2_DriverIRQHandler
                0x3000254e                SAI2_DriverIRQHandler
                0x3000254e                CORE_DriverIRQHandler
                0x3000254e                LPSPI6_DriverIRQHandler
                0x3000254e                USBPHY2_DriverIRQHandler
                0x3000254e                OCOTP_READ_DONE_ERROR_DriverIRQHandler
                0x3000254e                CDOG_DriverIRQHandler
                0x3000254e                USBPHY1_DriverIRQHandler
                0x3000254e                PDM_EVENT_DriverIRQHandler
                0x3000254e                LCDIFv2_DriverIRQHandler
                0x3000254e                Reserved211_DriverIRQHandler
                0x3000254e                DMA11_DMA27_DriverIRQHandler
                0x3000254e                CSI_DriverIRQHandler
                0x3000254e                PWM2_3_DriverIRQHandler
                0x3000254e                XBAR1_IRQ_2_3_DriverIRQHandler
                0x3000254e                GPIO3_Combined_16_31_DriverIRQHandler
                0x3000254e                PWM1_FAULT_DriverIRQHandler
                0x3000254e                LPI2C1_DriverIRQHandler
                0x3000254e                EMVSIM2_DriverIRQHandler
                0x3000254e                MECC2_FATAL_INT_DriverIRQHandler
                0x3000254e                PWM2_2_DriverIRQHandler
                0x3000254e                DMA4_DMA20_DriverIRQHandler
                0x3000254e                DMA9_DMA25_DriverIRQHandler
                0x3000254e                GPT4_DriverIRQHandler
                0x3000254e                XBAR1_IRQ_0_1_DriverIRQHandler
                0x3000254e                ADC_ETC_IRQ1_DriverIRQHandler
                0x3000254e                LPSPI1_DriverIRQHandler
                0x3000254e                Reserved215_DriverIRQHandler
                0x3000254e                DMA3_DMA19_DriverIRQHandler
                0x3000254e                XECC_FLEXSPI1_INT_DriverIRQHandler
                0x3000254e                ENET_QOS_DriverIRQHandler
                0x3000254e                LPSPI5_DriverIRQHandler
                0x3000254e                SEMA4_CP0_DriverIRQHandler
                0x3000254e                Reserved170_DriverIRQHandler
                0x3000254e                Reserved177_DriverIRQHandler
                0x3000254e                LPI2C4_DriverIRQHandler
                0x3000254e                GPC_DriverIRQHandler
                0x3000254e                GPIO2_Combined_0_15_DriverIRQHandler
                0x3000254e                GPT3_DriverIRQHandler
                0x3000254e                TMPSNS_INT_DriverIRQHandler
                0x3000254e                PWM1_2_DriverIRQHandler
                0x3000254e                USB_OTG1_DriverIRQHandler
                0x3000254e                XECC_SEMC_FATAL_INT_DriverIRQHandler
                0x3000254e                SAI3_TX_DriverIRQHandler
                0x3000254e                WDOG2_DriverIRQHandler
                0x3000254e                Reserved68_DriverIRQHandler
                0x3000254e                MECC2_INT_DriverIRQHandler
                0x3000254e                ENET_1G_1588_Timer_DriverIRQHandler
                0x3000254e                Reserved180_DriverIRQHandler
                0x3000254e                PWM3_0_DriverIRQHandler
                0x3000254e                CAN1_ERROR_DriverIRQHandler
                0x3000254e                GPIO4_Combined_0_15_DriverIRQHandler
                0x3000254e                GPIO4_Combined_16_31_DriverIRQHandler
                0x3000254e                GPIO5_Combined_16_31_DriverIRQHandler
                0x3000254e                EMVSIM1_DriverIRQHandler
                0x3000254e                ASRC_DriverIRQHandler
                0x3000254e                DMA5_DMA21_DriverIRQHandler
                0x3000254e                Reserved179_DriverIRQHandler
                0x3000254e                ADC2_DriverIRQHandler
                0x3000254e                DMA15_DMA31_DriverIRQHandler
                0x3000254e                PDM_HWVAD_ERROR_DriverIRQHandler
                0x3000254e                LPSPI3_DriverIRQHandler
                0x3000254e                PWM1_3_DriverIRQHandler
                0x3000254e                PDM_HWVAD_EVENT_DriverIRQHandler
                0x3000254e                ACMP1_DriverIRQHandler
                0x3000254e                LPI2C2_DriverIRQHandler
                0x3000254e                XECC_FLEXSPI2_FATAL_INT_DriverIRQHandler
                0x3000254e                DMA_ERROR_DriverIRQHandler
                0x3000254e                ADC_ETC_IRQ0_DriverIRQHandler
                0x3000254e                Reserved212_DriverIRQHandler
                0x3000254e                CAN1_DriverIRQHandler
                0x3000254e                eLCDIF_DriverIRQHandler
                0x3000254e                MECC1_INT_DriverIRQHandler
                0x3000254e                CTI_TRIGGER_OUT1_DriverIRQHandler
                0x3000254e                PWM2_0_DriverIRQHandler
                0x3000254e                ENET_1G_DriverIRQHandler
                0x3000254e                Reserved209_DriverIRQHandler
                0x3000254e                SNVS_PULSE_EVENT_DriverIRQHandler
                0x3000254e                CM7_GPIO2_3_DriverIRQHandler
                0x3000254e                GPIO13_Combined_0_31_DriverIRQHandler
                0x3000254e                USB_OTG2_DriverIRQHandler
 *(SORT_BY_ALIGNMENT(.text*))
 .text.CLOCK_GetAvPllFreq
                0x30002550       0xf4 ./drivers/fsl_clock.o
 .text.DbgConsole_Init
                0x30002644       0x88 ./utilities/debug_console_lite/fsl_debug_console.o
                0x30002644                DbgConsole_Init
 .text.DbgConsole_Vprintf
                0x300026cc       0x3c ./utilities/debug_console_lite/fsl_debug_console.o
                0x300026cc                DbgConsole_Vprintf
 .text.DbgConsole_Putchar
                0x30002708       0x30 ./utilities/debug_console_lite/fsl_debug_console.o
                0x30002708                DbgConsole_Putchar
 .text.DbgConsole_Getchar
                0x30002738       0x3c ./utilities/debug_console_lite/fsl_debug_console.o
                0x30002738                DbgConsole_Getchar
 .text.DbgConsole_PrintfFormattedData
                0x30002774      0x3e0 ./utilities/debug_console_lite/fsl_debug_console.o
 .text.__assertion_failed
                0x30002b54       0x2c ./utilities/fsl_assert.o
                0x30002b54                __assertion_failed
 .text          0x30002b80       0xa0 ./utilities/fsl_memcpy.o
                0x30002b80                memcpy
 .text.main     0x30002c20       0x28 ./source/hello_world.o
                0x30002c20                main
 .text.ANATOP_AI_Access
                0x30002c48      0x630 ./drivers/fsl_anatop_ai.o
                0x30002c48                ANATOP_AI_Access
 .text.CLOCK_GetRootClockMux
                0x30003278       0x2c ./drivers/fsl_clock.o
 .text.CLOCK_GetRootClockDiv
                0x300032a4       0x28 ./drivers/fsl_clock.o
 .text.CLOCK_GetRootClockFreq
                0x300032cc       0x58 ./drivers/fsl_clock.o
 .text.CLOCK_InitArmPll
                0x30003324      0x15c ./drivers/fsl_clock.o
                0x30003324                CLOCK_InitArmPll
 .text.CLOCK_InitSysPll2
                0x30003480      0x1dc ./drivers/fsl_clock.o
                0x30003480                CLOCK_InitSysPll2
 .text.CLOCK_InitPfd
                0x3000365c      0x168 ./drivers/fsl_clock.o
                0x3000365c                CLOCK_InitPfd
 .text.CLOCK_GetPfdFreq
                0x300037c4       0xd8 ./drivers/fsl_clock.o
                0x300037c4                CLOCK_GetPfdFreq
 .text.CLOCK_InitSysPll3
                0x3000389c       0xf0 ./drivers/fsl_clock.o
                0x3000389c                CLOCK_InitSysPll3
 .text.CLOCK_SetPllBypass
                0x3000398c       0xe0 ./drivers/fsl_clock.o
                0x3000398c                CLOCK_SetPllBypass
 .text.ANATOP_PllToggleHoldRingOff
                0x30003a6c       0x34 ./drivers/fsl_clock.o
 .text.ANATOP_PllConfigure
                0x30003aa0       0xb4 ./drivers/fsl_clock.o
 .text.ANATOP_AudioPllGate
                0x30003b54       0x48 ./drivers/fsl_clock.o
 .text.ANATOP_AudioPllSwEnClk
                0x30003b9c       0x48 ./drivers/fsl_clock.o
 .text.ANATOP_VideoPllGate
                0x30003be4       0x48 ./drivers/fsl_clock.o
 .text.ANATOP_VideoPllSwEnClk
                0x30003c2c       0x48 ./drivers/fsl_clock.o
 .text.CLOCK_InitVideoPll
                0x30003c74       0xd4 ./drivers/fsl_clock.o
                0x30003c74                CLOCK_InitVideoPll
 .text.ANATOP_SysPll1Gate
                0x30003d48       0x48 ./drivers/fsl_clock.o
 .text.ANATOP_SysPll1Div2En
                0x30003d90       0x48 ./drivers/fsl_clock.o
 .text.ANATOP_SysPll1Div5En
                0x30003dd8       0x48 ./drivers/fsl_clock.o
 .text.ANATOP_SysPll1SwEnClk
                0x30003e20       0x48 ./drivers/fsl_clock.o
 .text.CLOCK_GetPllFreq
                0x30003e68       0xdc ./drivers/fsl_clock.o
                0x30003e68                CLOCK_GetPllFreq
 .text.CLOCK_GetFreq
                0x30003f44      0x1c4 ./drivers/fsl_clock.o
                0x30003f44                CLOCK_GetFreq
 .text.CLOCK_OSC_EnableOscRc400M
                0x30004108       0x2c ./drivers/fsl_clock.o
                0x30004108                CLOCK_OSC_EnableOscRc400M
 .text.SDK_DelayAtLeastUs
                0x30004134       0x94 ./drivers/fsl_common_arm.o
                0x30004134                SDK_DelayAtLeastUs
 .text.DCDC_BootIntoDCM
                0x300041c8       0x64 ./drivers/fsl_dcdc.o
                0x300041c8                DCDC_BootIntoDCM
 .text.CLOCK_ControlGate
                0x3000422c       0x7c ./drivers/fsl_lpuart.o
 .text.LPUART_GetInstance
                0x300042a8       0x4c ./drivers/fsl_lpuart.o
                0x300042a8                LPUART_GetInstance
 .text.LPUART_Init
                0x300042f4      0x30c ./drivers/fsl_lpuart.o
                0x300042f4                LPUART_Init
 .text.LPUART_GetDefaultConfig
                0x30004600       0x88 ./drivers/fsl_lpuart.o
                0x30004600                LPUART_GetDefaultConfig
 .text.LPUART_GetStatusFlags
                0x30004688       0x38 ./drivers/fsl_lpuart.o
                0x30004688                LPUART_GetStatusFlags
 .text.LPUART_ClearStatusFlags
                0x300046c0       0x7c ./drivers/fsl_lpuart.o
                0x300046c0                LPUART_ClearStatusFlags
 .text.LPUART_WriteBlocking
                0x3000473c       0x68 ./drivers/fsl_lpuart.o
                0x3000473c                LPUART_WriteBlocking
 .text.LPUART_ReadBlocking
                0x300047a4      0x160 ./drivers/fsl_lpuart.o
                0x300047a4                LPUART_ReadBlocking
 .text.LPUART1_DriverIRQHandler
                0x30004904       0x28 ./drivers/fsl_lpuart.o
                0x30004904                LPUART1_DriverIRQHandler
 .text.LPUART2_DriverIRQHandler
                0x3000492c       0x28 ./drivers/fsl_lpuart.o
                0x3000492c                LPUART2_DriverIRQHandler
 .text.LPUART3_DriverIRQHandler
                0x30004954       0x28 ./drivers/fsl_lpuart.o
                0x30004954                LPUART3_DriverIRQHandler
 .text.LPUART4_DriverIRQHandler
                0x3000497c       0x28 ./drivers/fsl_lpuart.o
                0x3000497c                LPUART4_DriverIRQHandler
 .text.LPUART5_DriverIRQHandler
                0x300049a4       0x28 ./drivers/fsl_lpuart.o
                0x300049a4                LPUART5_DriverIRQHandler
 .text.LPUART6_DriverIRQHandler
                0x300049cc       0x28 ./drivers/fsl_lpuart.o
                0x300049cc                LPUART6_DriverIRQHandler
 .text.LPUART7_DriverIRQHandler
                0x300049f4       0x28 ./drivers/fsl_lpuart.o
                0x300049f4                LPUART7_DriverIRQHandler
 .text.LPUART8_DriverIRQHandler
                0x30004a1c       0x28 ./drivers/fsl_lpuart.o
                0x30004a1c                LPUART8_DriverIRQHandler
 .text.LPUART9_DriverIRQHandler
                0x30004a44       0x28 ./drivers/fsl_lpuart.o
                0x30004a44                LPUART9_DriverIRQHandler
 .text.LPUART10_DriverIRQHandler
                0x30004a6c       0x28 ./drivers/fsl_lpuart.o
                0x30004a6c                LPUART10_DriverIRQHandler
 .text.LPUART11_DriverIRQHandler
                0x30004a94       0x28 ./drivers/fsl_lpuart.o
                0x30004a94                LPUART11_DriverIRQHandler
 .text.LPUART12_DriverIRQHandler
                0x30004abc       0x28 ./drivers/fsl_lpuart.o
                0x30004abc                LPUART12_DriverIRQHandler
 .text.PMU_StaticEnablePllLdo
                0x30004ae4       0x5c ./drivers/fsl_pmu.o
                0x30004ae4                PMU_StaticEnablePllLdo
 .text.PMU_StaticEnableLpsrAnaLdoBypassMode
                0x30004b40       0xc8 ./drivers/fsl_pmu.o
                0x30004b40                PMU_StaticEnableLpsrAnaLdoBypassMode
 .text.PMU_StaticEnableLpsrDigLdoBypassMode
                0x30004c08       0xa8 ./drivers/fsl_pmu.o
                0x30004c08                PMU_StaticEnableLpsrDigLdoBypassMode
 .text.PMU_EnableBodyBias
                0x30004cb0      0x154 ./drivers/fsl_pmu.o
                0x30004cb0                PMU_EnableBodyBias
 .text.SystemInit
                0x30004e04      0x18c ./device/system_MIMXRT1176_cm7.o
                0x30004e04                SystemInit
 .text.HAL_UartInitCommon
                0x30004f90       0xe0 ./component/uart/fsl_adapter_lpuart.o
 .text.HAL_UartInit
                0x30005070       0x84 ./component/uart/fsl_adapter_lpuart.o
                0x30005070                HAL_UartInit
 .text.HAL_UartReceiveBlocking
                0x300050f4       0x6c ./component/uart/fsl_adapter_lpuart.o
                0x300050f4                HAL_UartReceiveBlocking
 .text.HAL_UartSendBlocking
                0x30005160       0x64 ./component/uart/fsl_adapter_lpuart.o
                0x30005160                HAL_UartSendBlocking
 .text.ARM_MPU_Enable
                0x300051c4       0x44 ./board/board.o
 .text.ARM_MPU_Disable
                0x30005208       0x40 ./board/board.o
 .text.CLOCK_GetRootClockMux
                0x30005248       0x2c ./board/board.o
 .text.CLOCK_GetRootClockDiv
                0x30005274       0x28 ./board/board.o
 .text.CLOCK_GetRootClockFreq
                0x3000529c       0x58 ./board/board.o
 .text.BOARD_ConfigMPU
                0x300052f4      0x364 ./board/board.o
                0x300052f4                BOARD_ConfigMPU
 .text.CLOCK_GetRootClockMux
                0x30005658       0x2c ./board/clock_config.o
 .text.CLOCK_GetRootClockDiv
                0x30005684       0x28 ./board/clock_config.o
 .text.CLOCK_SetRootClock
                0x300056ac       0x6c ./board/clock_config.o
 .text.CLOCK_GetRootClockFreq
                0x30005718       0x58 ./board/clock_config.o
 .text.CLOCK_OSC_EnableOsc48M
                0x30005770       0x3c ./board/clock_config.o
 .text.CLOCK_OSC_EnableOsc48MDiv2
                0x300057ac       0x3c ./board/clock_config.o
 .text.CLOCK_OSC_GateOscRc400M
                0x300057e8       0x3c ./board/clock_config.o
 .text.IOMUXC_MQSConfig
                0x30005824       0x40 ./board/clock_config.o
 .text.BOARD_BootClockRUN
                0x30005864      0x7bc ./board/clock_config.o
                0x30005864                BOARD_BootClockRUN
 .text.CLOCK_ControlGate
                0x30006020       0x7c ./board/pin_mux.o
 .text.BOARD_InitPins
                0x3000609c       0xcc ./board/pin_mux.o
                0x3000609c                BOARD_InitPins
 .text._initio  0x30006168       0x78 /usr/local/mcuxpressoide-24.12.148/ide/plugins/com.nxp.mcuxpresso.tools.linux_24.12.0.202407110909/tools/bin/../lib/gcc/arm-none-eabi/13.2.1/../../../../arm-none-eabi/lib/thumb/v7e-m+dp/hard/libcr_c.a(initio.o)
                0x30006168                _initio
 .text._Cwritebuf
                0x300061e0       0x6c /usr/local/mcuxpressoide-24.12.148/ide/plugins/com.nxp.mcuxpresso.tools.linux_24.12.0.202407110909/tools/bin/../lib/gcc/arm-none-eabi/13.2.1/../../../../arm-none-eabi/lib/thumb/v7e-m+dp/hard/libcr_c.a(_writebuf.o)
                0x300061e0                _Cwritebuf
 .text.fflush   0x3000624c       0x3c /usr/local/mcuxpressoide-24.12.148/ide/plugins/com.nxp.mcuxpresso.tools.linux_24.12.0.202407110909/tools/bin/../lib/gcc/arm-none-eabi/13.2.1/../../../../arm-none-eabi/lib/thumb/v7e-m+dp/hard/libcr_c.a(fflush.o)
                0x3000624c                fflush
 .text.fseek    0x30006288       0xf8 /usr/local/mcuxpressoide-24.12.148/ide/plugins/com.nxp.mcuxpresso.tools.linux_24.12.0.202407110909/tools/bin/../lib/gcc/arm-none-eabi/13.2.1/../../../../arm-none-eabi/lib/thumb/v7e-m+dp/hard/libcr_c.a(fseek.o)
                0x30006288                fseek
 .text.ftell    0x30006380       0x44 /usr/local/mcuxpressoide-24.12.148/ide/plugins/com.nxp.mcuxpresso.tools.linux_24.12.0.202407110909/tools/bin/../lib/gcc/arm-none-eabi/13.2.1/../../../../arm-none-eabi/lib/thumb/v7e-m+dp/hard/libcr_c.a(ftell.o)
                0x30006380                ftell
 .text.DbgConsole_Printf
                0x300063c4       0x2c ./utilities/debug_console_lite/fsl_debug_console.o
                0x300063c4                DbgConsole_Printf
 .text.DbgConsole_PrintfPaddingCharacter
                0x300063f0       0x40 ./utilities/debug_console_lite/fsl_debug_console.o
 .text.DbgConsole_ConvertRadixNumToString
                0x30006430       0xc2 ./utilities/debug_console_lite/fsl_debug_console.o
 .text.fsl_assert_hook
                0x300064f2       0x1a ./utilities/fsl_assert.o
                0x300064f2                fsl_assert_hook
 .text.DMA0_DMA16_IRQHandler
                0x3000650c        0x8 ./startup/startup_mimxrt1176_cm7.o
                0x3000650c                DMA0_DMA16_IRQHandler
 .text.DMA1_DMA17_IRQHandler
                0x30006514        0x8 ./startup/startup_mimxrt1176_cm7.o
                0x30006514                DMA1_DMA17_IRQHandler
 .text.DMA2_DMA18_IRQHandler
                0x3000651c        0x8 ./startup/startup_mimxrt1176_cm7.o
                0x3000651c                DMA2_DMA18_IRQHandler
 .text.DMA3_DMA19_IRQHandler
                0x30006524        0x8 ./startup/startup_mimxrt1176_cm7.o
                0x30006524                DMA3_DMA19_IRQHandler
 .text.DMA4_DMA20_IRQHandler
                0x3000652c        0x8 ./startup/startup_mimxrt1176_cm7.o
                0x3000652c                DMA4_DMA20_IRQHandler
 .text.DMA5_DMA21_IRQHandler
                0x30006534        0x8 ./startup/startup_mimxrt1176_cm7.o
                0x30006534                DMA5_DMA21_IRQHandler
 .text.DMA6_DMA22_IRQHandler
                0x3000653c        0x8 ./startup/startup_mimxrt1176_cm7.o
                0x3000653c                DMA6_DMA22_IRQHandler
 .text.DMA7_DMA23_IRQHandler
                0x30006544        0x8 ./startup/startup_mimxrt1176_cm7.o
                0x30006544                DMA7_DMA23_IRQHandler
 .text.DMA8_DMA24_IRQHandler
                0x3000654c        0x8 ./startup/startup_mimxrt1176_cm7.o
                0x3000654c                DMA8_DMA24_IRQHandler
 .text.DMA9_DMA25_IRQHandler
                0x30006554        0x8 ./startup/startup_mimxrt1176_cm7.o
                0x30006554                DMA9_DMA25_IRQHandler
 .text.DMA10_DMA26_IRQHandler
                0x3000655c        0x8 ./startup/startup_mimxrt1176_cm7.o
                0x3000655c                DMA10_DMA26_IRQHandler
 .text.DMA11_DMA27_IRQHandler
                0x30006564        0x8 ./startup/startup_mimxrt1176_cm7.o
                0x30006564                DMA11_DMA27_IRQHandler
 .text.DMA12_DMA28_IRQHandler
                0x3000656c        0x8 ./startup/startup_mimxrt1176_cm7.o
                0x3000656c                DMA12_DMA28_IRQHandler
 .text.DMA13_DMA29_IRQHandler
                0x30006574        0x8 ./startup/startup_mimxrt1176_cm7.o
                0x30006574                DMA13_DMA29_IRQHandler
 .text.DMA14_DMA30_IRQHandler
                0x3000657c        0x8 ./startup/startup_mimxrt1176_cm7.o
                0x3000657c                DMA14_DMA30_IRQHandler
 .text.DMA15_DMA31_IRQHandler
                0x30006584        0x8 ./startup/startup_mimxrt1176_cm7.o
                0x30006584                DMA15_DMA31_IRQHandler
 .text.DMA_ERROR_IRQHandler
                0x3000658c        0x8 ./startup/startup_mimxrt1176_cm7.o
                0x3000658c                DMA_ERROR_IRQHandler
 .text.CTI_TRIGGER_OUT0_IRQHandler
                0x30006594        0x8 ./startup/startup_mimxrt1176_cm7.o
                0x30006594                CTI_TRIGGER_OUT0_IRQHandler
 .text.CTI_TRIGGER_OUT1_IRQHandler
                0x3000659c        0x8 ./startup/startup_mimxrt1176_cm7.o
                0x3000659c                CTI_TRIGGER_OUT1_IRQHandler
 .text.CORE_IRQHandler
                0x300065a4        0x8 ./startup/startup_mimxrt1176_cm7.o
                0x300065a4                CORE_IRQHandler
 .text.LPUART1_IRQHandler
                0x300065ac        0x8 ./startup/startup_mimxrt1176_cm7.o
                0x300065ac                LPUART1_IRQHandler
 .text.LPUART2_IRQHandler
                0x300065b4        0x8 ./startup/startup_mimxrt1176_cm7.o
                0x300065b4                LPUART2_IRQHandler
 .text.LPUART3_IRQHandler
                0x300065bc        0x8 ./startup/startup_mimxrt1176_cm7.o
                0x300065bc                LPUART3_IRQHandler
 .text.LPUART4_IRQHandler
                0x300065c4        0x8 ./startup/startup_mimxrt1176_cm7.o
                0x300065c4                LPUART4_IRQHandler
 .text.LPUART5_IRQHandler
                0x300065cc        0x8 ./startup/startup_mimxrt1176_cm7.o
                0x300065cc                LPUART5_IRQHandler
 .text.LPUART6_IRQHandler
                0x300065d4        0x8 ./startup/startup_mimxrt1176_cm7.o
                0x300065d4                LPUART6_IRQHandler
 .text.LPUART7_IRQHandler
                0x300065dc        0x8 ./startup/startup_mimxrt1176_cm7.o
                0x300065dc                LPUART7_IRQHandler
 .text.LPUART8_IRQHandler
                0x300065e4        0x8 ./startup/startup_mimxrt1176_cm7.o
                0x300065e4                LPUART8_IRQHandler
 .text.LPUART9_IRQHandler
                0x300065ec        0x8 ./startup/startup_mimxrt1176_cm7.o
                0x300065ec                LPUART9_IRQHandler
 .text.LPUART10_IRQHandler
                0x300065f4        0x8 ./startup/startup_mimxrt1176_cm7.o
                0x300065f4                LPUART10_IRQHandler
 .text.LPUART11_IRQHandler
                0x300065fc        0x8 ./startup/startup_mimxrt1176_cm7.o
                0x300065fc                LPUART11_IRQHandler
 .text.LPUART12_IRQHandler
                0x30006604        0x8 ./startup/startup_mimxrt1176_cm7.o
                0x30006604                LPUART12_IRQHandler
 .text.LPI2C1_IRQHandler
                0x3000660c        0x8 ./startup/startup_mimxrt1176_cm7.o
                0x3000660c                LPI2C1_IRQHandler
 .text.LPI2C2_IRQHandler
                0x30006614        0x8 ./startup/startup_mimxrt1176_cm7.o
                0x30006614                LPI2C2_IRQHandler
 .text.LPI2C3_IRQHandler
                0x3000661c        0x8 ./startup/startup_mimxrt1176_cm7.o
                0x3000661c                LPI2C3_IRQHandler
 .text.LPI2C4_IRQHandler
                0x30006624        0x8 ./startup/startup_mimxrt1176_cm7.o
                0x30006624                LPI2C4_IRQHandler
 .text.LPI2C5_IRQHandler
                0x3000662c        0x8 ./startup/startup_mimxrt1176_cm7.o
                0x3000662c                LPI2C5_IRQHandler
 .text.LPI2C6_IRQHandler
                0x30006634        0x8 ./startup/startup_mimxrt1176_cm7.o
                0x30006634                LPI2C6_IRQHandler
 .text.LPSPI1_IRQHandler
                0x3000663c        0x8 ./startup/startup_mimxrt1176_cm7.o
                0x3000663c                LPSPI1_IRQHandler
 .text.LPSPI2_IRQHandler
                0x30006644        0x8 ./startup/startup_mimxrt1176_cm7.o
                0x30006644                LPSPI2_IRQHandler
 .text.LPSPI3_IRQHandler
                0x3000664c        0x8 ./startup/startup_mimxrt1176_cm7.o
                0x3000664c                LPSPI3_IRQHandler
 .text.LPSPI4_IRQHandler
                0x30006654        0x8 ./startup/startup_mimxrt1176_cm7.o
                0x30006654                LPSPI4_IRQHandler
 .text.LPSPI5_IRQHandler
                0x3000665c        0x8 ./startup/startup_mimxrt1176_cm7.o
                0x3000665c                LPSPI5_IRQHandler
 .text.LPSPI6_IRQHandler
                0x30006664        0x8 ./startup/startup_mimxrt1176_cm7.o
                0x30006664                LPSPI6_IRQHandler
 .text.CAN1_IRQHandler
                0x3000666c        0x8 ./startup/startup_mimxrt1176_cm7.o
                0x3000666c                CAN1_IRQHandler
 .text.CAN1_ERROR_IRQHandler
                0x30006674        0x8 ./startup/startup_mimxrt1176_cm7.o
                0x30006674                CAN1_ERROR_IRQHandler
 .text.CAN2_IRQHandler
                0x3000667c        0x8 ./startup/startup_mimxrt1176_cm7.o
                0x3000667c                CAN2_IRQHandler
 .text.CAN2_ERROR_IRQHandler
                0x30006684        0x8 ./startup/startup_mimxrt1176_cm7.o
                0x30006684                CAN2_ERROR_IRQHandler
 .text.CAN3_IRQHandler
                0x3000668c        0x8 ./startup/startup_mimxrt1176_cm7.o
                0x3000668c                CAN3_IRQHandler
 .text.CAN3_ERROR_IRQHandler
                0x30006694        0x8 ./startup/startup_mimxrt1176_cm7.o
                0x30006694                CAN3_ERROR_IRQHandler
 .text.FLEXRAM_IRQHandler
                0x3000669c        0x8 ./startup/startup_mimxrt1176_cm7.o
                0x3000669c                FLEXRAM_IRQHandler
 .text.KPP_IRQHandler
                0x300066a4        0x8 ./startup/startup_mimxrt1176_cm7.o
                0x300066a4                KPP_IRQHandler
 .text.Reserved68_IRQHandler
                0x300066ac        0x8 ./startup/startup_mimxrt1176_cm7.o
                0x300066ac                Reserved68_IRQHandler
 .text.GPR_IRQ_IRQHandler
                0x300066b4        0x8 ./startup/startup_mimxrt1176_cm7.o
                0x300066b4                GPR_IRQ_IRQHandler
 .text.eLCDIF_IRQHandler
                0x300066bc        0x8 ./startup/startup_mimxrt1176_cm7.o
                0x300066bc                eLCDIF_IRQHandler
 .text.LCDIFv2_IRQHandler
                0x300066c4        0x8 ./startup/startup_mimxrt1176_cm7.o
                0x300066c4                LCDIFv2_IRQHandler
 .text.CSI_IRQHandler
                0x300066cc        0x8 ./startup/startup_mimxrt1176_cm7.o
                0x300066cc                CSI_IRQHandler
 .text.PXP_IRQHandler
                0x300066d4        0x8 ./startup/startup_mimxrt1176_cm7.o
                0x300066d4                PXP_IRQHandler
 .text.MIPI_CSI_IRQHandler
                0x300066dc        0x8 ./startup/startup_mimxrt1176_cm7.o
                0x300066dc                MIPI_CSI_IRQHandler
 .text.MIPI_DSI_IRQHandler
                0x300066e4        0x8 ./startup/startup_mimxrt1176_cm7.o
                0x300066e4                MIPI_DSI_IRQHandler
 .text.GPU2D_IRQHandler
                0x300066ec        0x8 ./startup/startup_mimxrt1176_cm7.o
                0x300066ec                GPU2D_IRQHandler
 .text.GPIO6_Combined_0_15_IRQHandler
                0x300066f4        0x8 ./startup/startup_mimxrt1176_cm7.o
                0x300066f4                GPIO6_Combined_0_15_IRQHandler
 .text.GPIO6_Combined_16_31_IRQHandler
                0x300066fc        0x8 ./startup/startup_mimxrt1176_cm7.o
                0x300066fc                GPIO6_Combined_16_31_IRQHandler
 .text.DAC_IRQHandler
                0x30006704        0x8 ./startup/startup_mimxrt1176_cm7.o
                0x30006704                DAC_IRQHandler
 .text.KEY_MANAGER_IRQHandler
                0x3000670c        0x8 ./startup/startup_mimxrt1176_cm7.o
                0x3000670c                KEY_MANAGER_IRQHandler
 .text.WDOG2_IRQHandler
                0x30006714        0x8 ./startup/startup_mimxrt1176_cm7.o
                0x30006714                WDOG2_IRQHandler
 .text.SNVS_HP_NON_TZ_IRQHandler
                0x3000671c        0x8 ./startup/startup_mimxrt1176_cm7.o
                0x3000671c                SNVS_HP_NON_TZ_IRQHandler
 .text.SNVS_HP_TZ_IRQHandler
                0x30006724        0x8 ./startup/startup_mimxrt1176_cm7.o
                0x30006724                SNVS_HP_TZ_IRQHandler
 .text.SNVS_PULSE_EVENT_IRQHandler
                0x3000672c        0x8 ./startup/startup_mimxrt1176_cm7.o
                0x3000672c                SNVS_PULSE_EVENT_IRQHandler
 .text.CAAM_IRQ0_IRQHandler
                0x30006734        0x8 ./startup/startup_mimxrt1176_cm7.o
                0x30006734                CAAM_IRQ0_IRQHandler
 .text.CAAM_IRQ1_IRQHandler
                0x3000673c        0x8 ./startup/startup_mimxrt1176_cm7.o
                0x3000673c                CAAM_IRQ1_IRQHandler
 .text.CAAM_IRQ2_IRQHandler
                0x30006744        0x8 ./startup/startup_mimxrt1176_cm7.o
                0x30006744                CAAM_IRQ2_IRQHandler
 .text.CAAM_IRQ3_IRQHandler
                0x3000674c        0x8 ./startup/startup_mimxrt1176_cm7.o
                0x3000674c                CAAM_IRQ3_IRQHandler
 .text.CAAM_RECORVE_ERRPR_IRQHandler
                0x30006754        0x8 ./startup/startup_mimxrt1176_cm7.o
                0x30006754                CAAM_RECORVE_ERRPR_IRQHandler
 .text.CAAM_RTIC_IRQHandler
                0x3000675c        0x8 ./startup/startup_mimxrt1176_cm7.o
                0x3000675c                CAAM_RTIC_IRQHandler
 .text.CDOG_IRQHandler
                0x30006764        0x8 ./startup/startup_mimxrt1176_cm7.o
                0x30006764                CDOG_IRQHandler
 .text.SAI1_IRQHandler
                0x3000676c        0x8 ./startup/startup_mimxrt1176_cm7.o
                0x3000676c                SAI1_IRQHandler
 .text.SAI2_IRQHandler
                0x30006774        0x8 ./startup/startup_mimxrt1176_cm7.o
                0x30006774                SAI2_IRQHandler
 .text.SAI3_RX_IRQHandler
                0x3000677c        0x8 ./startup/startup_mimxrt1176_cm7.o
                0x3000677c                SAI3_RX_IRQHandler
 .text.SAI3_TX_IRQHandler
                0x30006784        0x8 ./startup/startup_mimxrt1176_cm7.o
                0x30006784                SAI3_TX_IRQHandler
 .text.SAI4_RX_IRQHandler
                0x3000678c        0x8 ./startup/startup_mimxrt1176_cm7.o
                0x3000678c                SAI4_RX_IRQHandler
 .text.SAI4_TX_IRQHandler
                0x30006794        0x8 ./startup/startup_mimxrt1176_cm7.o
                0x30006794                SAI4_TX_IRQHandler
 .text.SPDIF_IRQHandler
                0x3000679c        0x8 ./startup/startup_mimxrt1176_cm7.o
                0x3000679c                SPDIF_IRQHandler
 .text.TMPSNS_INT_IRQHandler
                0x300067a4        0x8 ./startup/startup_mimxrt1176_cm7.o
                0x300067a4                TMPSNS_INT_IRQHandler
 .text.TMPSNS_LOW_HIGH_IRQHandler
                0x300067ac        0x8 ./startup/startup_mimxrt1176_cm7.o
                0x300067ac                TMPSNS_LOW_HIGH_IRQHandler
 .text.TMPSNS_PANIC_IRQHandler
                0x300067b4        0x8 ./startup/startup_mimxrt1176_cm7.o
                0x300067b4                TMPSNS_PANIC_IRQHandler
 .text.LPSR_LP8_BROWNOUT_IRQHandler
                0x300067bc        0x8 ./startup/startup_mimxrt1176_cm7.o
                0x300067bc                LPSR_LP8_BROWNOUT_IRQHandler
 .text.LPSR_LP0_BROWNOUT_IRQHandler
                0x300067c4        0x8 ./startup/startup_mimxrt1176_cm7.o
                0x300067c4                LPSR_LP0_BROWNOUT_IRQHandler
 .text.ADC1_IRQHandler
                0x300067cc        0x8 ./startup/startup_mimxrt1176_cm7.o
                0x300067cc                ADC1_IRQHandler
 .text.ADC2_IRQHandler
                0x300067d4        0x8 ./startup/startup_mimxrt1176_cm7.o
                0x300067d4                ADC2_IRQHandler
 .text.USBPHY1_IRQHandler
                0x300067dc        0x8 ./startup/startup_mimxrt1176_cm7.o
                0x300067dc                USBPHY1_IRQHandler
 .text.USBPHY2_IRQHandler
                0x300067e4        0x8 ./startup/startup_mimxrt1176_cm7.o
                0x300067e4                USBPHY2_IRQHandler
 .text.RDC_IRQHandler
                0x300067ec        0x8 ./startup/startup_mimxrt1176_cm7.o
                0x300067ec                RDC_IRQHandler
 .text.GPIO13_Combined_0_31_IRQHandler
                0x300067f4        0x8 ./startup/startup_mimxrt1176_cm7.o
                0x300067f4                GPIO13_Combined_0_31_IRQHandler
 .text.Reserved110_IRQHandler
                0x300067fc        0x8 ./startup/startup_mimxrt1176_cm7.o
                0x300067fc                Reserved110_IRQHandler
 .text.DCIC1_IRQHandler
                0x30006804        0x8 ./startup/startup_mimxrt1176_cm7.o
                0x30006804                DCIC1_IRQHandler
 .text.DCIC2_IRQHandler
                0x3000680c        0x8 ./startup/startup_mimxrt1176_cm7.o
                0x3000680c                DCIC2_IRQHandler
 .text.ASRC_IRQHandler
                0x30006814        0x8 ./startup/startup_mimxrt1176_cm7.o
                0x30006814                ASRC_IRQHandler
 .text.FLEXRAM_ECC_IRQHandler
                0x3000681c        0x8 ./startup/startup_mimxrt1176_cm7.o
                0x3000681c                FLEXRAM_ECC_IRQHandler
 .text.CM7_GPIO2_3_IRQHandler
                0x30006824        0x8 ./startup/startup_mimxrt1176_cm7.o
                0x30006824                CM7_GPIO2_3_IRQHandler
 .text.GPIO1_Combined_0_15_IRQHandler
                0x3000682c        0x8 ./startup/startup_mimxrt1176_cm7.o
                0x3000682c                GPIO1_Combined_0_15_IRQHandler
 .text.GPIO1_Combined_16_31_IRQHandler
                0x30006834        0x8 ./startup/startup_mimxrt1176_cm7.o
                0x30006834                GPIO1_Combined_16_31_IRQHandler
 .text.GPIO2_Combined_0_15_IRQHandler
                0x3000683c        0x8 ./startup/startup_mimxrt1176_cm7.o
                0x3000683c                GPIO2_Combined_0_15_IRQHandler
 .text.GPIO2_Combined_16_31_IRQHandler
                0x30006844        0x8 ./startup/startup_mimxrt1176_cm7.o
                0x30006844                GPIO2_Combined_16_31_IRQHandler
 .text.GPIO3_Combined_0_15_IRQHandler
                0x3000684c        0x8 ./startup/startup_mimxrt1176_cm7.o
                0x3000684c                GPIO3_Combined_0_15_IRQHandler
 .text.GPIO3_Combined_16_31_IRQHandler
                0x30006854        0x8 ./startup/startup_mimxrt1176_cm7.o
                0x30006854                GPIO3_Combined_16_31_IRQHandler
 .text.GPIO4_Combined_0_15_IRQHandler
                0x3000685c        0x8 ./startup/startup_mimxrt1176_cm7.o
                0x3000685c                GPIO4_Combined_0_15_IRQHandler
 .text.GPIO4_Combined_16_31_IRQHandler
                0x30006864        0x8 ./startup/startup_mimxrt1176_cm7.o
                0x30006864                GPIO4_Combined_16_31_IRQHandler
 .text.GPIO5_Combined_0_15_IRQHandler
                0x3000686c        0x8 ./startup/startup_mimxrt1176_cm7.o
                0x3000686c                GPIO5_Combined_0_15_IRQHandler
 .text.GPIO5_Combined_16_31_IRQHandler
                0x30006874        0x8 ./startup/startup_mimxrt1176_cm7.o
                0x30006874                GPIO5_Combined_16_31_IRQHandler
 .text.FLEXIO1_IRQHandler
                0x3000687c        0x8 ./startup/startup_mimxrt1176_cm7.o
                0x3000687c                FLEXIO1_IRQHandler
 .text.FLEXIO2_IRQHandler
                0x30006884        0x8 ./startup/startup_mimxrt1176_cm7.o
                0x30006884                FLEXIO2_IRQHandler
 .text.WDOG1_IRQHandler
                0x3000688c        0x8 ./startup/startup_mimxrt1176_cm7.o
                0x3000688c                WDOG1_IRQHandler
 .text.RTWDOG3_IRQHandler
                0x30006894        0x8 ./startup/startup_mimxrt1176_cm7.o
                0x30006894                RTWDOG3_IRQHandler
 .text.EWM_IRQHandler
                0x3000689c        0x8 ./startup/startup_mimxrt1176_cm7.o
                0x3000689c                EWM_IRQHandler
 .text.OCOTP_READ_FUSE_ERROR_IRQHandler
                0x300068a4        0x8 ./startup/startup_mimxrt1176_cm7.o
                0x300068a4                OCOTP_READ_FUSE_ERROR_IRQHandler
 .text.OCOTP_READ_DONE_ERROR_IRQHandler
                0x300068ac        0x8 ./startup/startup_mimxrt1176_cm7.o
                0x300068ac                OCOTP_READ_DONE_ERROR_IRQHandler
 .text.GPC_IRQHandler
                0x300068b4        0x8 ./startup/startup_mimxrt1176_cm7.o
                0x300068b4                GPC_IRQHandler
 .text.MUA_IRQHandler
                0x300068bc        0x8 ./startup/startup_mimxrt1176_cm7.o
                0x300068bc                MUA_IRQHandler
 .text.GPT1_IRQHandler
                0x300068c4        0x8 ./startup/startup_mimxrt1176_cm7.o
                0x300068c4                GPT1_IRQHandler
 .text.GPT2_IRQHandler
                0x300068cc        0x8 ./startup/startup_mimxrt1176_cm7.o
                0x300068cc                GPT2_IRQHandler
 .text.GPT3_IRQHandler
                0x300068d4        0x8 ./startup/startup_mimxrt1176_cm7.o
                0x300068d4                GPT3_IRQHandler
 .text.GPT4_IRQHandler
                0x300068dc        0x8 ./startup/startup_mimxrt1176_cm7.o
                0x300068dc                GPT4_IRQHandler
 .text.GPT5_IRQHandler
                0x300068e4        0x8 ./startup/startup_mimxrt1176_cm7.o
                0x300068e4                GPT5_IRQHandler
 .text.GPT6_IRQHandler
                0x300068ec        0x8 ./startup/startup_mimxrt1176_cm7.o
                0x300068ec                GPT6_IRQHandler
 .text.PWM1_0_IRQHandler
                0x300068f4        0x8 ./startup/startup_mimxrt1176_cm7.o
                0x300068f4                PWM1_0_IRQHandler
 .text.PWM1_1_IRQHandler
                0x300068fc        0x8 ./startup/startup_mimxrt1176_cm7.o
                0x300068fc                PWM1_1_IRQHandler
 .text.PWM1_2_IRQHandler
                0x30006904        0x8 ./startup/startup_mimxrt1176_cm7.o
                0x30006904                PWM1_2_IRQHandler
 .text.PWM1_3_IRQHandler
                0x3000690c        0x8 ./startup/startup_mimxrt1176_cm7.o
                0x3000690c                PWM1_3_IRQHandler
 .text.PWM1_FAULT_IRQHandler
                0x30006914        0x8 ./startup/startup_mimxrt1176_cm7.o
                0x30006914                PWM1_FAULT_IRQHandler
 .text.FLEXSPI1_IRQHandler
                0x3000691c        0x8 ./startup/startup_mimxrt1176_cm7.o
                0x3000691c                FLEXSPI1_IRQHandler
 .text.FLEXSPI2_IRQHandler
                0x30006924        0x8 ./startup/startup_mimxrt1176_cm7.o
                0x30006924                FLEXSPI2_IRQHandler
 .text.SEMC_IRQHandler
                0x3000692c        0x8 ./startup/startup_mimxrt1176_cm7.o
                0x3000692c                SEMC_IRQHandler
 .text.USDHC1_IRQHandler
                0x30006934        0x8 ./startup/startup_mimxrt1176_cm7.o
                0x30006934                USDHC1_IRQHandler
 .text.USDHC2_IRQHandler
                0x3000693c        0x8 ./startup/startup_mimxrt1176_cm7.o
                0x3000693c                USDHC2_IRQHandler
 .text.USB_OTG2_IRQHandler
                0x30006944        0x8 ./startup/startup_mimxrt1176_cm7.o
                0x30006944                USB_OTG2_IRQHandler
 .text.USB_OTG1_IRQHandler
                0x3000694c        0x8 ./startup/startup_mimxrt1176_cm7.o
                0x3000694c                USB_OTG1_IRQHandler
 .text.ENET_IRQHandler
                0x30006954        0x8 ./startup/startup_mimxrt1176_cm7.o
                0x30006954                ENET_IRQHandler
 .text.ENET_1588_Timer_IRQHandler
                0x3000695c        0x8 ./startup/startup_mimxrt1176_cm7.o
                0x3000695c                ENET_1588_Timer_IRQHandler
 .text.ENET_1G_MAC0_Tx_Rx_1_IRQHandler
                0x30006964        0x8 ./startup/startup_mimxrt1176_cm7.o
                0x30006964                ENET_1G_MAC0_Tx_Rx_1_IRQHandler
 .text.ENET_1G_MAC0_Tx_Rx_2_IRQHandler
                0x3000696c        0x8 ./startup/startup_mimxrt1176_cm7.o
                0x3000696c                ENET_1G_MAC0_Tx_Rx_2_IRQHandler
 .text.ENET_1G_IRQHandler
                0x30006974        0x8 ./startup/startup_mimxrt1176_cm7.o
                0x30006974                ENET_1G_IRQHandler
 .text.ENET_1G_1588_Timer_IRQHandler
                0x3000697c        0x8 ./startup/startup_mimxrt1176_cm7.o
                0x3000697c                ENET_1G_1588_Timer_IRQHandler
 .text.XBAR1_IRQ_0_1_IRQHandler
                0x30006984        0x8 ./startup/startup_mimxrt1176_cm7.o
                0x30006984                XBAR1_IRQ_0_1_IRQHandler
 .text.XBAR1_IRQ_2_3_IRQHandler
                0x3000698c        0x8 ./startup/startup_mimxrt1176_cm7.o
                0x3000698c                XBAR1_IRQ_2_3_IRQHandler
 .text.ADC_ETC_IRQ0_IRQHandler
                0x30006994        0x8 ./startup/startup_mimxrt1176_cm7.o
                0x30006994                ADC_ETC_IRQ0_IRQHandler
 .text.ADC_ETC_IRQ1_IRQHandler
                0x3000699c        0x8 ./startup/startup_mimxrt1176_cm7.o
                0x3000699c                ADC_ETC_IRQ1_IRQHandler
 .text.ADC_ETC_IRQ2_IRQHandler
                0x300069a4        0x8 ./startup/startup_mimxrt1176_cm7.o
                0x300069a4                ADC_ETC_IRQ2_IRQHandler
 .text.ADC_ETC_IRQ3_IRQHandler
                0x300069ac        0x8 ./startup/startup_mimxrt1176_cm7.o
                0x300069ac                ADC_ETC_IRQ3_IRQHandler
 .text.ADC_ETC_ERROR_IRQ_IRQHandler
                0x300069b4        0x8 ./startup/startup_mimxrt1176_cm7.o
                0x300069b4                ADC_ETC_ERROR_IRQ_IRQHandler
 .text.Reserved166_IRQHandler
                0x300069bc        0x8 ./startup/startup_mimxrt1176_cm7.o
                0x300069bc                Reserved166_IRQHandler
 .text.Reserved167_IRQHandler
                0x300069c4        0x8 ./startup/startup_mimxrt1176_cm7.o
                0x300069c4                Reserved167_IRQHandler
 .text.Reserved168_IRQHandler
                0x300069cc        0x8 ./startup/startup_mimxrt1176_cm7.o
                0x300069cc                Reserved168_IRQHandler
 .text.Reserved169_IRQHandler
                0x300069d4        0x8 ./startup/startup_mimxrt1176_cm7.o
                0x300069d4                Reserved169_IRQHandler
 .text.Reserved170_IRQHandler
                0x300069dc        0x8 ./startup/startup_mimxrt1176_cm7.o
                0x300069dc                Reserved170_IRQHandler
 .text.PIT1_IRQHandler
                0x300069e4        0x8 ./startup/startup_mimxrt1176_cm7.o
                0x300069e4                PIT1_IRQHandler
 .text.PIT2_IRQHandler
                0x300069ec        0x8 ./startup/startup_mimxrt1176_cm7.o
                0x300069ec                PIT2_IRQHandler
 .text.ACMP1_IRQHandler
                0x300069f4        0x8 ./startup/startup_mimxrt1176_cm7.o
                0x300069f4                ACMP1_IRQHandler
 .text.ACMP2_IRQHandler
                0x300069fc        0x8 ./startup/startup_mimxrt1176_cm7.o
                0x300069fc                ACMP2_IRQHandler
 .text.ACMP3_IRQHandler
                0x30006a04        0x8 ./startup/startup_mimxrt1176_cm7.o
                0x30006a04                ACMP3_IRQHandler
 .text.ACMP4_IRQHandler
                0x30006a0c        0x8 ./startup/startup_mimxrt1176_cm7.o
                0x30006a0c                ACMP4_IRQHandler
 .text.Reserved177_IRQHandler
                0x30006a14        0x8 ./startup/startup_mimxrt1176_cm7.o
                0x30006a14                Reserved177_IRQHandler
 .text.Reserved178_IRQHandler
                0x30006a1c        0x8 ./startup/startup_mimxrt1176_cm7.o
                0x30006a1c                Reserved178_IRQHandler
 .text.Reserved179_IRQHandler
                0x30006a24        0x8 ./startup/startup_mimxrt1176_cm7.o
                0x30006a24                Reserved179_IRQHandler
 .text.Reserved180_IRQHandler
                0x30006a2c        0x8 ./startup/startup_mimxrt1176_cm7.o
                0x30006a2c                Reserved180_IRQHandler
 .text.ENC1_IRQHandler
                0x30006a34        0x8 ./startup/startup_mimxrt1176_cm7.o
                0x30006a34                ENC1_IRQHandler
 .text.ENC2_IRQHandler
                0x30006a3c        0x8 ./startup/startup_mimxrt1176_cm7.o
                0x30006a3c                ENC2_IRQHandler
 .text.ENC3_IRQHandler
                0x30006a44        0x8 ./startup/startup_mimxrt1176_cm7.o
                0x30006a44                ENC3_IRQHandler
 .text.ENC4_IRQHandler
                0x30006a4c        0x8 ./startup/startup_mimxrt1176_cm7.o
                0x30006a4c                ENC4_IRQHandler
 .text.Reserved185_IRQHandler
                0x30006a54        0x8 ./startup/startup_mimxrt1176_cm7.o
                0x30006a54                Reserved185_IRQHandler
 .text.Reserved186_IRQHandler
                0x30006a5c        0x8 ./startup/startup_mimxrt1176_cm7.o
                0x30006a5c                Reserved186_IRQHandler
 .text.TMR1_IRQHandler
                0x30006a64        0x8 ./startup/startup_mimxrt1176_cm7.o
                0x30006a64                TMR1_IRQHandler
 .text.TMR2_IRQHandler
                0x30006a6c        0x8 ./startup/startup_mimxrt1176_cm7.o
                0x30006a6c                TMR2_IRQHandler
 .text.TMR3_IRQHandler
                0x30006a74        0x8 ./startup/startup_mimxrt1176_cm7.o
                0x30006a74                TMR3_IRQHandler
 .text.TMR4_IRQHandler
                0x30006a7c        0x8 ./startup/startup_mimxrt1176_cm7.o
                0x30006a7c                TMR4_IRQHandler
 .text.SEMA4_CP0_IRQHandler
                0x30006a84        0x8 ./startup/startup_mimxrt1176_cm7.o
                0x30006a84                SEMA4_CP0_IRQHandler
 .text.SEMA4_CP1_IRQHandler
                0x30006a8c        0x8 ./startup/startup_mimxrt1176_cm7.o
                0x30006a8c                SEMA4_CP1_IRQHandler
 .text.PWM2_0_IRQHandler
                0x30006a94        0x8 ./startup/startup_mimxrt1176_cm7.o
                0x30006a94                PWM2_0_IRQHandler
 .text.PWM2_1_IRQHandler
                0x30006a9c        0x8 ./startup/startup_mimxrt1176_cm7.o
                0x30006a9c                PWM2_1_IRQHandler
 .text.PWM2_2_IRQHandler
                0x30006aa4        0x8 ./startup/startup_mimxrt1176_cm7.o
                0x30006aa4                PWM2_2_IRQHandler
 .text.PWM2_3_IRQHandler
                0x30006aac        0x8 ./startup/startup_mimxrt1176_cm7.o
                0x30006aac                PWM2_3_IRQHandler
 .text.PWM2_FAULT_IRQHandler
                0x30006ab4        0x8 ./startup/startup_mimxrt1176_cm7.o
                0x30006ab4                PWM2_FAULT_IRQHandler
 .text.PWM3_0_IRQHandler
                0x30006abc        0x8 ./startup/startup_mimxrt1176_cm7.o
                0x30006abc                PWM3_0_IRQHandler
 .text.PWM3_1_IRQHandler
                0x30006ac4        0x8 ./startup/startup_mimxrt1176_cm7.o
                0x30006ac4                PWM3_1_IRQHandler
 .text.PWM3_2_IRQHandler
                0x30006acc        0x8 ./startup/startup_mimxrt1176_cm7.o
                0x30006acc                PWM3_2_IRQHandler
 .text.PWM3_3_IRQHandler
                0x30006ad4        0x8 ./startup/startup_mimxrt1176_cm7.o
                0x30006ad4                PWM3_3_IRQHandler
 .text.PWM3_FAULT_IRQHandler
                0x30006adc        0x8 ./startup/startup_mimxrt1176_cm7.o
                0x30006adc                PWM3_FAULT_IRQHandler
 .text.PWM4_0_IRQHandler
                0x30006ae4        0x8 ./startup/startup_mimxrt1176_cm7.o
                0x30006ae4                PWM4_0_IRQHandler
 .text.PWM4_1_IRQHandler
                0x30006aec        0x8 ./startup/startup_mimxrt1176_cm7.o
                0x30006aec                PWM4_1_IRQHandler
 .text.PWM4_2_IRQHandler
                0x30006af4        0x8 ./startup/startup_mimxrt1176_cm7.o
                0x30006af4                PWM4_2_IRQHandler
 .text.PWM4_3_IRQHandler
                0x30006afc        0x8 ./startup/startup_mimxrt1176_cm7.o
                0x30006afc                PWM4_3_IRQHandler
 .text.PWM4_FAULT_IRQHandler
                0x30006b04        0x8 ./startup/startup_mimxrt1176_cm7.o
                0x30006b04                PWM4_FAULT_IRQHandler
 .text.Reserved208_IRQHandler
                0x30006b0c        0x8 ./startup/startup_mimxrt1176_cm7.o
                0x30006b0c                Reserved208_IRQHandler
 .text.Reserved209_IRQHandler
                0x30006b14        0x8 ./startup/startup_mimxrt1176_cm7.o
                0x30006b14                Reserved209_IRQHandler
 .text.Reserved210_IRQHandler
                0x30006b1c        0x8 ./startup/startup_mimxrt1176_cm7.o
                0x30006b1c                Reserved210_IRQHandler
 .text.Reserved211_IRQHandler
                0x30006b24        0x8 ./startup/startup_mimxrt1176_cm7.o
                0x30006b24                Reserved211_IRQHandler
 .text.Reserved212_IRQHandler
                0x30006b2c        0x8 ./startup/startup_mimxrt1176_cm7.o
                0x30006b2c                Reserved212_IRQHandler
 .text.Reserved213_IRQHandler
                0x30006b34        0x8 ./startup/startup_mimxrt1176_cm7.o
                0x30006b34                Reserved213_IRQHandler
 .text.Reserved214_IRQHandler
                0x30006b3c        0x8 ./startup/startup_mimxrt1176_cm7.o
                0x30006b3c                Reserved214_IRQHandler
 .text.Reserved215_IRQHandler
                0x30006b44        0x8 ./startup/startup_mimxrt1176_cm7.o
                0x30006b44                Reserved215_IRQHandler
 .text.PDM_HWVAD_EVENT_IRQHandler
                0x30006b4c        0x8 ./startup/startup_mimxrt1176_cm7.o
                0x30006b4c                PDM_HWVAD_EVENT_IRQHandler
 .text.PDM_HWVAD_ERROR_IRQHandler
                0x30006b54        0x8 ./startup/startup_mimxrt1176_cm7.o
                0x30006b54                PDM_HWVAD_ERROR_IRQHandler
 .text.PDM_EVENT_IRQHandler
                0x30006b5c        0x8 ./startup/startup_mimxrt1176_cm7.o
                0x30006b5c                PDM_EVENT_IRQHandler
 .text.PDM_ERROR_IRQHandler
                0x30006b64        0x8 ./startup/startup_mimxrt1176_cm7.o
                0x30006b64                PDM_ERROR_IRQHandler
 .text.EMVSIM1_IRQHandler
                0x30006b6c        0x8 ./startup/startup_mimxrt1176_cm7.o
                0x30006b6c                EMVSIM1_IRQHandler
 .text.EMVSIM2_IRQHandler
                0x30006b74        0x8 ./startup/startup_mimxrt1176_cm7.o
                0x30006b74                EMVSIM2_IRQHandler
 .text.MECC1_INT_IRQHandler
                0x30006b7c        0x8 ./startup/startup_mimxrt1176_cm7.o
                0x30006b7c                MECC1_INT_IRQHandler
 .text.MECC1_FATAL_INT_IRQHandler
                0x30006b84        0x8 ./startup/startup_mimxrt1176_cm7.o
                0x30006b84                MECC1_FATAL_INT_IRQHandler
 .text.MECC2_INT_IRQHandler
                0x30006b8c        0x8 ./startup/startup_mimxrt1176_cm7.o
                0x30006b8c                MECC2_INT_IRQHandler
 .text.MECC2_FATAL_INT_IRQHandler
                0x30006b94        0x8 ./startup/startup_mimxrt1176_cm7.o
                0x30006b94                MECC2_FATAL_INT_IRQHandler
 .text.XECC_FLEXSPI1_INT_IRQHandler
                0x30006b9c        0x8 ./startup/startup_mimxrt1176_cm7.o
                0x30006b9c                XECC_FLEXSPI1_INT_IRQHandler
 .text.XECC_FLEXSPI1_FATAL_INT_IRQHandler
                0x30006ba4        0x8 ./startup/startup_mimxrt1176_cm7.o
                0x30006ba4                XECC_FLEXSPI1_FATAL_INT_IRQHandler
 .text.XECC_FLEXSPI2_INT_IRQHandler
                0x30006bac        0x8 ./startup/startup_mimxrt1176_cm7.o
                0x30006bac                XECC_FLEXSPI2_INT_IRQHandler
 .text.XECC_FLEXSPI2_FATAL_INT_IRQHandler
                0x30006bb4        0x8 ./startup/startup_mimxrt1176_cm7.o
                0x30006bb4                XECC_FLEXSPI2_FATAL_INT_IRQHandler
 .text.XECC_SEMC_INT_IRQHandler
                0x30006bbc        0x8 ./startup/startup_mimxrt1176_cm7.o
                0x30006bbc                XECC_SEMC_INT_IRQHandler
 .text.XECC_SEMC_FATAL_INT_IRQHandler
                0x30006bc4        0x8 ./startup/startup_mimxrt1176_cm7.o
                0x30006bc4                XECC_SEMC_FATAL_INT_IRQHandler
 .text.ENET_QOS_IRQHandler
                0x30006bcc        0x8 ./startup/startup_mimxrt1176_cm7.o
                0x30006bcc                ENET_QOS_IRQHandler
 .text.ENET_QOS_PMT_IRQHandler
                0x30006bd4        0x8 ./startup/startup_mimxrt1176_cm7.o
                0x30006bd4                ENET_QOS_PMT_IRQHandler
 .text.HardFault_Handler
                0x30006bdc       0x36 ./source/semihost_hardfault.o
                0x30006bdc                HardFault_Handler
 .text.ANATOP_AI_Write
                0x30006c12       0x24 ./drivers/fsl_anatop_ai.o
                0x30006c12                ANATOP_AI_Write
 .text.ANATOP_AI_Read
                0x30006c36       0x28 ./drivers/fsl_anatop_ai.o
                0x30006c36                ANATOP_AI_Read
 .text.ANATOP_AI_WriteWithMaskShift
                0x30006c5e       0x4a ./drivers/fsl_anatop_ai.o
                0x30006c5e                ANATOP_AI_WriteWithMaskShift
 .text.CLOCK_GetM7Freq
                0x30006ca8       0x10 ./drivers/fsl_clock.o
 .text.ANATOP_PllSetPower
                0x30006cb8       0x3c ./drivers/fsl_clock.o
 .text.ANATOP_PllBypass
                0x30006cf4       0x30 ./drivers/fsl_clock.o
 .text.ANATOP_PllEnablePllReg
                0x30006d24       0x30 ./drivers/fsl_clock.o
 .text.ANATOP_PllHoldRingOff
                0x30006d54       0x30 ./drivers/fsl_clock.o
 .text.ANATOP_PllEnableSs
                0x30006d84       0x30 ./drivers/fsl_clock.o
 .text.ANATOP_PllEnableClk
                0x30006db4       0x30 ./drivers/fsl_clock.o
 .text.CLOCK_DeinitAudioPll
                0x30006de4       0x34 ./drivers/fsl_clock.o
                0x30006de4                CLOCK_DeinitAudioPll
 .text.CLOCK_DeinitSysPll1
                0x30006e18       0x40 ./drivers/fsl_clock.o
                0x30006e18                CLOCK_DeinitSysPll1
 .text.CLOCK_OSC_Set1MHzOutputBehavior
                0x30006e58       0x4c ./drivers/fsl_clock.o
                0x30006e58                CLOCK_OSC_Set1MHzOutputBehavior
 .text.DelayLoop
                0x30006ea4       0x20 ./drivers/fsl_common_arm.o
 .text.CLOCK_EnableClock
                0x30006ec4       0x1c ./drivers/fsl_lpuart.o
 .text.LPUART_SoftwareReset
                0x30006ee0       0x2c ./drivers/fsl_lpuart.o
 .text.SystemInitHook
                0x30006f0c        0xe ./device/system_MIMXRT1176_cm7.o
                0x30006f0c                SystemInitHook
 .text.HAL_UartGetStatus
                0x30006f1a       0x28 ./component/uart/fsl_adapter_lpuart.o
 .text.BOARD_DebugConsoleSrcFreq
                0x30006f42       0x10 ./board/board.o
                0x30006f42                BOARD_DebugConsoleSrcFreq
 .text.BOARD_InitDebugConsole
                0x30006f52       0x22 ./board/board.o
                0x30006f52                BOARD_InitDebugConsole
 .text.IOMUXC_SetSaiMClkClockSource
                0x30006f74       0xac ./board/clock_config.o
 .text.DCDC_SetVDD1P0BuckModeTargetVoltage
                0x30007020       0x4c ./board/clock_config.o
 .text.BOARD_InitHardware
                0x3000706c       0x18 ./board/hardware_init.o
                0x3000706c                BOARD_InitHardware
 .text.CLOCK_EnableClock
                0x30007084       0x1c ./board/pin_mux.o
 .text.IOMUXC_SetPinMux
                0x300070a0       0x3a ./board/pin_mux.o
 .text.IOMUXC_SetPinConfig
                0x300070da       0x26 ./board/pin_mux.o
 .text.__main   0x30007100        0xe /usr/local/mcuxpressoide-24.12.148/ide/plugins/com.nxp.mcuxpresso.tools.linux_24.12.0.202407110909/tools/bin/../lib/gcc/arm-none-eabi/13.2.1/../../../../arm-none-eabi/lib/thumb/v7e-m+dp/hard/libcr_nohost_nf.a(_cr__main.o)
                0x30007100                __main
 .text.memset   0x3000710e        0x4 /usr/local/mcuxpressoide-24.12.148/ide/plugins/com.nxp.mcuxpresso.tools.linux_24.12.0.202407110909/tools/bin/../lib/gcc/arm-none-eabi/13.2.1/../../../../arm-none-eabi/lib/thumb/v7e-m+dp/hard/libcr_c.a(memset.o)
                0x3000710e                memset
 .text.free     0x30007112       0x30 /usr/local/mcuxpressoide-24.12.148/ide/plugins/com.nxp.mcuxpresso.tools.linux_24.12.0.202407110909/tools/bin/../lib/gcc/arm-none-eabi/13.2.1/../../../../arm-none-eabi/lib/thumb/v7e-m+dp/hard/libcr_c.a(alloc.o)
                0x30007112                free
 .text.setvbuf  0x30007142       0x3e /usr/local/mcuxpressoide-24.12.148/ide/plugins/com.nxp.mcuxpresso.tools.linux_24.12.0.202407110909/tools/bin/../lib/gcc/arm-none-eabi/13.2.1/../../../../arm-none-eabi/lib/thumb/v7e-m+dp/hard/libcr_c.a(setvbuf.o)
                0x30007142                setvbuf
 .text.strlen   0x30007180       0x4e /usr/local/mcuxpressoide-24.12.148/ide/plugins/com.nxp.mcuxpresso.tools.linux_24.12.0.202407110909/tools/bin/../lib/gcc/arm-none-eabi/13.2.1/../../../../arm-none-eabi/lib/thumb/v7e-m+dp/hard/libcr_c.a(strlen.o)
                0x30007180                strlen
 .text._deferredlazyseek
                0x300071ce       0x40 /usr/local/mcuxpressoide-24.12.148/ide/plugins/com.nxp.mcuxpresso.tools.linux_24.12.0.202407110909/tools/bin/../lib/gcc/arm-none-eabi/13.2.1/../../../../arm-none-eabi/lib/thumb/v7e-m+dp/hard/libcr_c.a(_deferredlazyseek.o)
                0x300071ce                _deferredlazyseek
 .text._fdopen  0x3000720e       0x68 /usr/local/mcuxpressoide-24.12.148/ide/plugins/com.nxp.mcuxpresso.tools.linux_24.12.0.202407110909/tools/bin/../lib/gcc/arm-none-eabi/13.2.1/../../../../arm-none-eabi/lib/thumb/v7e-m+dp/hard/libcr_c.a(_fdopen.o)
                0x3000720e                _fdopen
 .text._fflush  0x30007276       0x52 /usr/local/mcuxpressoide-24.12.148/ide/plugins/com.nxp.mcuxpresso.tools.linux_24.12.0.202407110909/tools/bin/../lib/gcc/arm-none-eabi/13.2.1/../../../../arm-none-eabi/lib/thumb/v7e-m+dp/hard/libcr_c.a(_fflush.o)
                0x30007276                _fflush
 .text.fclose   0x300072c8       0x58 /usr/local/mcuxpressoide-24.12.148/ide/plugins/com.nxp.mcuxpresso.tools.linux_24.12.0.202407110909/tools/bin/../lib/gcc/arm-none-eabi/13.2.1/../../../../arm-none-eabi/lib/thumb/v7e-m+dp/hard/libcr_c.a(fclose.o)
                0x300072c8                fclose
 .text.remove   0x30007320       0x14 /usr/local/mcuxpressoide-24.12.148/ide/plugins/com.nxp.mcuxpresso.tools.linux_24.12.0.202407110909/tools/bin/../lib/gcc/arm-none-eabi/13.2.1/../../../../arm-none-eabi/lib/thumb/v7e-m+dp/hard/libcr_c.a(remove.o)
                0x30007320                remove
 .text._do_fflush
                0x30007334       0x40 /usr/local/mcuxpressoide-24.12.148/ide/plugins/com.nxp.mcuxpresso.tools.linux_24.12.0.202407110909/tools/bin/../lib/gcc/arm-none-eabi/13.2.1/../../../../arm-none-eabi/lib/thumb/v7e-m+dp/hard/libcr_c.a(_do_fflush.o)
                0x30007334                _do_fflush
 .text.__aeabi_division_uldivmod
                0x30007374      0x174 /usr/local/mcuxpressoide-24.12.148/ide/plugins/com.nxp.mcuxpresso.tools.linux_24.12.0.202407110909/tools/bin/../lib/gcc/arm-none-eabi/13.2.1/thumb/v7e-m+dp/hard/libcr_eabihelpers.a(division_64.o)
                0x30007374                __aeabi_uldivmod
                0x30007378                __bhs_ldivmod1
 .text.__aeabi_division_idiv0
                0x300074e8        0x2 /usr/local/mcuxpressoide-24.12.148/ide/plugins/com.nxp.mcuxpresso.tools.linux_24.12.0.202407110909/tools/bin/../lib/gcc/arm-none-eabi/13.2.1/thumb/v7e-m+dp/hard/libcr_eabihelpers.a(division_idiv0.o)
                0x300074e8                __aeabi_idiv0
 .text.__aeabi_memset_lowlevel
                0x300074ea       0x32 /usr/local/mcuxpressoide-24.12.148/ide/plugins/com.nxp.mcuxpresso.tools.linux_24.12.0.202407110909/tools/bin/../lib/gcc/arm-none-eabi/13.2.1/thumb/v7e-m+dp/hard/libcr_eabihelpers.a(memcpy.o)
                0x300074ea                __aeabi_lowlevel_memset
 .text.__sys_close
                0x3000751c        0x6 /usr/local/mcuxpressoide-24.12.148/ide/plugins/com.nxp.mcuxpresso.tools.linux_24.12.0.202407110909/tools/bin/../lib/gcc/arm-none-eabi/13.2.1/../../../../arm-none-eabi/lib/thumb/v7e-m+dp/hard/libcr_nohost_nf.a(__sys_close.o)
                0x3000751c                __sys_close
 .text.__sys_flen
                0x30007522        0x6 /usr/local/mcuxpressoide-24.12.148/ide/plugins/com.nxp.mcuxpresso.tools.linux_24.12.0.202407110909/tools/bin/../lib/gcc/arm-none-eabi/13.2.1/../../../../arm-none-eabi/lib/thumb/v7e-m+dp/hard/libcr_nohost_nf.a(__sys_flen.o)
                0x30007522                __sys_flen
 .text.__sys_istty
                0x30007528        0x6 /usr/local/mcuxpressoide-24.12.148/ide/plugins/com.nxp.mcuxpresso.tools.linux_24.12.0.202407110909/tools/bin/../lib/gcc/arm-none-eabi/13.2.1/../../../../arm-none-eabi/lib/thumb/v7e-m+dp/hard/libcr_nohost_nf.a(__sys_istty.o)
                0x30007528                __sys_istty
 .text.__sys_remove
                0x3000752e        0x6 /usr/local/mcuxpressoide-24.12.148/ide/plugins/com.nxp.mcuxpresso.tools.linux_24.12.0.202407110909/tools/bin/../lib/gcc/arm-none-eabi/13.2.1/../../../../arm-none-eabi/lib/thumb/v7e-m+dp/hard/libcr_nohost_nf.a(__sys_remove.o)
                0x3000752e                __sys_remove
 .text.__sys_seek
                0x30007534        0x6 /usr/local/mcuxpressoide-24.12.148/ide/plugins/com.nxp.mcuxpresso.tools.linux_24.12.0.202407110909/tools/bin/../lib/gcc/arm-none-eabi/13.2.1/../../../../arm-none-eabi/lib/thumb/v7e-m+dp/hard/libcr_nohost_nf.a(__sys_seek.o)
                0x30007534                __sys_seek
 .text.__sys_tmpnam
                0x3000753a        0x6 /usr/local/mcuxpressoide-24.12.148/ide/plugins/com.nxp.mcuxpresso.tools.linux_24.12.0.202407110909/tools/bin/../lib/gcc/arm-none-eabi/13.2.1/../../../../arm-none-eabi/lib/thumb/v7e-m+dp/hard/libcr_nohost_nf.a(__sys_tmpnam.o)
                0x3000753a                __sys_tmpnam
 .text.__sys_write
                0x30007540        0x4 /usr/local/mcuxpressoide-24.12.148/ide/plugins/com.nxp.mcuxpresso.tools.linux_24.12.0.202407110909/tools/bin/../lib/gcc/arm-none-eabi/13.2.1/../../../../arm-none-eabi/lib/thumb/v7e-m+dp/hard/libcr_nohost_nf.a(__sys_write.o)
                0x30007540                __sys_write
 *(SORT_BY_ALIGNMENT(.rodata) SORT_BY_ALIGNMENT(.rodata.*) SORT_BY_ALIGNMENT(.constdata) SORT_BY_ALIGNMENT(.constdata.*))
 .rodata.__assertion_failed.str1.4
                0x30007544      0x821 ./utilities/fsl_assert.o
                                 0x14 (size before relaxing)
 .rodata.main.str1.4
                0x30007d65        0xf ./source/hello_world.o
 .rodata.CLOCK_GetRootClockFreq.str1.4
                0x30007d65       0x18 ./drivers/fsl_clock.o
 *fill*         0x30007d65        0x3 ff
 .rodata.s_clockSourceName
                0x30007d68      0x278 ./drivers/fsl_clock.o
                0x30007d68                s_clockSourceName
 .rodata.CLOCK_InitArmPll.str1.4
                0x30007fe0       0x83 ./drivers/fsl_clock.o
 .rodata.CLOCK_InitPfd.str1.4
                0x30007fe0       0x78 ./drivers/fsl_clock.o
 .rodata.CLOCK_GetPfdFreq.str1.4
                0x30007fe0       0xc5 ./drivers/fsl_clock.o
 .rodata.CLOCK_SetPllBypass.str1.4
                0x30007fe0       0x18 ./drivers/fsl_clock.o
 .rodata.CLOCK_GetAvPllFreq.str1.4
                0x30007fe0       0x48 ./drivers/fsl_clock.o
 .rodata.CLOCK_GetPllFreq.str1.4
                0x30007fe0       0x3b ./drivers/fsl_clock.o
 .rodata.CLOCK_GetFreq.str1.4
                0x30007fe0       0x3b ./drivers/fsl_clock.o
 .rodata.SDK_DelayAtLeastUs.str1.4
                0x30007fe0       0x2b ./drivers/fsl_common_arm.o
 .rodata.s_lpuartBases
                0x30007fe0       0x34 ./drivers/fsl_lpuart.o
 .rodata.s_lpuartClock
                0x30008014        0xd ./drivers/fsl_lpuart.o
 .rodata.LPUART_GetInstance.str1.4
                0x30008021       0x38 ./drivers/fsl_lpuart.o
 .rodata.LPUART_Init.str1.4
                0x30008021      0x10a ./drivers/fsl_lpuart.o
 .rodata.LPUART_GetDefaultConfig.str1.4
                0x30008021       0x22 ./drivers/fsl_lpuart.o
 .rodata.LPUART_WriteBlocking.str1.4
                0x30008021       0x21 ./drivers/fsl_lpuart.o
 .rodata.LPUART_ReadBlocking.str1.4
                0x30008021       0x21 ./drivers/fsl_lpuart.o
 *fill*         0x30008021        0x3 ff
 .rodata.s_LpuartAdapterBase
                0x30008024       0x34 ./component/uart/fsl_adapter_lpuart.o
 .rodata.HAL_UartInit.str1.4
                0x30008058      0x116 ./component/uart/fsl_adapter_lpuart.o
 .rodata.HAL_UartReceiveBlocking.str1.4
                0x30008058       0x7b ./component/uart/fsl_adapter_lpuart.o
 .rodata.HAL_UartSendBlocking.str1.4
                0x30008058       0x7b ./component/uart/fsl_adapter_lpuart.o
 .rodata.CLOCK_GetRootClockFreq.str1.4
                0x30008058       0x77 ./board/board.o
 .rodata.BOARD_ConfigMPU.str1.4
                0x30008058       0x69 ./board/board.o
 .rodata.CLOCK_SetRootClock.str1.4
                0x30008058       0x79 ./board/clock_config.o
 .rodata.CLOCK_GetRootClockFreq.str1.4
                0x30008058       0x77 ./board/clock_config.o
 .rodata.armPllConfig_BOARD_BootClockRUN
                0x30008058        0x8 ./board/clock_config.o
                0x30008058                armPllConfig_BOARD_BootClockRUN
 .rodata.sysPll2Config_BOARD_BootClockRUN
                0x30008060        0xc ./board/clock_config.o
                0x30008060                sysPll2Config_BOARD_BootClockRUN
 .rodata.videoPllConfig_BOARD_BootClockRUN
                0x3000806c       0x14 ./board/clock_config.o
                0x3000806c                videoPllConfig_BOARD_BootClockRUN
 .rodata.__num_Ciob_streams
                0x30008080        0x4 /usr/local/mcuxpressoide-24.12.148/ide/plugins/com.nxp.mcuxpresso.tools.linux_24.12.0.202407110909/tools/bin/../lib/gcc/arm-none-eabi/13.2.1/../../../../arm-none-eabi/lib/thumb/v7e-m+dp/hard/libcr_nohost_nf.a(__ciob.o)
                0x30008080                __num_Ciob_streams
 .rodata._initio.str1.1
                0x30008084        0x4 /usr/local/mcuxpressoide-24.12.148/ide/plugins/com.nxp.mcuxpresso.tools.linux_24.12.0.202407110909/tools/bin/../lib/gcc/arm-none-eabi/13.2.1/../../../../arm-none-eabi/lib/thumb/v7e-m+dp/hard/libcr_c.a(initio.o)
                0x30008170                        . = ALIGN (0x4)

.glue_7         0x30008088        0x0
 .glue_7        0x30008088        0x0 linker stubs

.glue_7t        0x30008088        0x0
 .glue_7t       0x30008088        0x0 linker stubs

.vfp11_veneer   0x30008088        0x0
 .vfp11_veneer  0x30008088        0x0 linker stubs

.v4_bx          0x30008088        0x0
 .v4_bx         0x30008088        0x0 linker stubs

.iplt           0x30008088        0x0
 .iplt          0x30008088        0x0 ./xip/fsl_flexspi_nor_boot.o

.rel.dyn        0x30008088        0x0
 .rel.iplt      0x30008088        0x0 ./xip/fsl_flexspi_nor_boot.o

.ARM.extab
 *(SORT_BY_ALIGNMENT(.ARM.extab*) SORT_BY_ALIGNMENT(.gnu.linkonce.armextab.*))

.ARM.exidx      0x30008088        0x0
                0x30008088                        __exidx_start = .
 *(SORT_BY_ALIGNMENT(.ARM.exidx*) SORT_BY_ALIGNMENT(.gnu.linkonce.armexidx.*))
                0x30008088                        __exidx_end = .
                0x30008088                        _etext = .

.data_RAM2      0x00000000        0x0 load address 0x30008088
 FILL mask 0xff
                [!provide]                        PROVIDE (__start_data_RAM2 = .)
                [!provide]                        PROVIDE (__start_data_SRAM_ITC_cm7 = .)
 *(SORT_BY_ALIGNMENT(.ramfunc.$RAM2))
 *(SORT_BY_ALIGNMENT(.ramfunc.$SRAM_ITC_cm7))
 *(SORT_BY_ALIGNMENT(CodeQuickAccess))
 *(SORT_BY_ALIGNMENT(.data.$RAM2))
 *(SORT_BY_ALIGNMENT(.data.$SRAM_ITC_cm7))
 *(SORT_BY_ALIGNMENT(.data.$RAM2.*))
 *(SORT_BY_ALIGNMENT(.data.$SRAM_ITC_cm7.*))
                0x00000000                        . = ALIGN (0x4)
                [!provide]                        PROVIDE (__end_data_RAM2 = .)
                [!provide]                        PROVIDE (__end_data_SRAM_ITC_cm7 = .)

.data_RAM3      0x20240000        0x0 load address 0x30008088
 FILL mask 0xff
                [!provide]                        PROVIDE (__start_data_RAM3 = .)
                [!provide]                        PROVIDE (__start_data_SRAM_OC1 = .)
 *(SORT_BY_ALIGNMENT(.ramfunc.$RAM3))
 *(SORT_BY_ALIGNMENT(.ramfunc.$SRAM_OC1))
 *(SORT_BY_ALIGNMENT(.data.$RAM3))
 *(SORT_BY_ALIGNMENT(.data.$SRAM_OC1))
 *(SORT_BY_ALIGNMENT(.data.$RAM3.*))
 *(SORT_BY_ALIGNMENT(.data.$SRAM_OC1.*))
                0x20240000                        . = ALIGN (0x4)
                [!provide]                        PROVIDE (__end_data_RAM3 = .)
                [!provide]                        PROVIDE (__end_data_SRAM_OC1 = .)

.data_RAM4      0x202c0000        0x0 load address 0x30008088
 FILL mask 0xff
                [!provide]                        PROVIDE (__start_data_RAM4 = .)
                [!provide]                        PROVIDE (__start_data_SRAM_OC2 = .)
 *(SORT_BY_ALIGNMENT(.ramfunc.$RAM4))
 *(SORT_BY_ALIGNMENT(.ramfunc.$SRAM_OC2))
 *(SORT_BY_ALIGNMENT(.data.$RAM4))
 *(SORT_BY_ALIGNMENT(.data.$SRAM_OC2))
 *(SORT_BY_ALIGNMENT(.data.$RAM4.*))
 *(SORT_BY_ALIGNMENT(.data.$SRAM_OC2.*))
                0x202c0000                        . = ALIGN (0x4)
                [!provide]                        PROVIDE (__end_data_RAM4 = .)
                [!provide]                        PROVIDE (__end_data_SRAM_OC2 = .)

.data_RAM5      0x20300000        0x0 load address 0x30008088
 FILL mask 0xff
                [!provide]                        PROVIDE (__start_data_RAM5 = .)
                [!provide]                        PROVIDE (__start_data_NCACHE_REGION = .)
 *(SORT_BY_ALIGNMENT(.ramfunc.$RAM5))
 *(SORT_BY_ALIGNMENT(.ramfunc.$NCACHE_REGION))
 *(SORT_BY_ALIGNMENT(NonCacheable.init))
 *(SORT_BY_ALIGNMENT(.data.$RAM5))
 *(SORT_BY_ALIGNMENT(.data.$NCACHE_REGION))
 *(SORT_BY_ALIGNMENT(.data.$RAM5.*))
 *(SORT_BY_ALIGNMENT(.data.$NCACHE_REGION.*))
                0x20300000                        . = ALIGN (0x4)
                [!provide]                        PROVIDE (__end_data_RAM5 = .)
                [!provide]                        PROVIDE (__end_data_NCACHE_REGION = .)

.data_RAM6      0x20340000        0x0 load address 0x30008088
 FILL mask 0xff
                [!provide]                        PROVIDE (__start_data_RAM6 = .)
                [!provide]                        PROVIDE (__start_data_SRAM_OC_ECC1 = .)
 *(SORT_BY_ALIGNMENT(.ramfunc.$RAM6))
 *(SORT_BY_ALIGNMENT(.ramfunc.$SRAM_OC_ECC1))
 *(SORT_BY_ALIGNMENT(.data.$RAM6))
 *(SORT_BY_ALIGNMENT(.data.$SRAM_OC_ECC1))
 *(SORT_BY_ALIGNMENT(.data.$RAM6.*))
 *(SORT_BY_ALIGNMENT(.data.$SRAM_OC_ECC1.*))
                0x20340000                        . = ALIGN (0x4)
                [!provide]                        PROVIDE (__end_data_RAM6 = .)
                [!provide]                        PROVIDE (__end_data_SRAM_OC_ECC1 = .)

.data_RAM7      0x20350000        0x0 load address 0x30008088
 FILL mask 0xff
                [!provide]                        PROVIDE (__start_data_RAM7 = .)
                [!provide]                        PROVIDE (__start_data_SRAM_OC_ECC2 = .)
 *(SORT_BY_ALIGNMENT(.ramfunc.$RAM7))
 *(SORT_BY_ALIGNMENT(.ramfunc.$SRAM_OC_ECC2))
 *(SORT_BY_ALIGNMENT(.data.$RAM7))
 *(SORT_BY_ALIGNMENT(.data.$SRAM_OC_ECC2))
 *(SORT_BY_ALIGNMENT(.data.$RAM7.*))
 *(SORT_BY_ALIGNMENT(.data.$SRAM_OC_ECC2.*))
                0x20350000                        . = ALIGN (0x4)
                [!provide]                        PROVIDE (__end_data_RAM7 = .)
                [!provide]                        PROVIDE (__end_data_SRAM_OC_ECC2 = .)

.data_RAM8      0x80000000        0x0 load address 0x30008088
 FILL mask 0xff
                [!provide]                        PROVIDE (__start_data_RAM8 = .)
                [!provide]                        PROVIDE (__start_data_BOARD_SDRAM = .)
 *(SORT_BY_ALIGNMENT(.ramfunc.$RAM8))
 *(SORT_BY_ALIGNMENT(.ramfunc.$BOARD_SDRAM))
 *(SORT_BY_ALIGNMENT(.data.$RAM8))
 *(SORT_BY_ALIGNMENT(.data.$BOARD_SDRAM))
 *(SORT_BY_ALIGNMENT(.data.$RAM8.*))
 *(SORT_BY_ALIGNMENT(.data.$BOARD_SDRAM.*))
                0x80000000                        . = ALIGN (0x4)
                [!provide]                        PROVIDE (__end_data_RAM8 = .)
                [!provide]                        PROVIDE (__end_data_BOARD_SDRAM = .)

.uninit_RESERVED
                0x20000000        0x0
                0x20000000                        _start_uninit_RESERVED = .
 *(SORT_BY_ALIGNMENT(.bss.$RESERVED*))
                0x20000000                        . = ALIGN (0x4)
                0x20000000                        _end_uninit_RESERVED = .

.data           0x20000000        0x4 load address 0x30008088
 FILL mask 0xff
                0x20000000                        _data = .
                [!provide]                        PROVIDE (__start_data_RAM = .)
                [!provide]                        PROVIDE (__start_data_SRAM_DTC_cm7 = .)
 *(SORT_BY_ALIGNMENT(vtable))
 *(SORT_BY_ALIGNMENT(.ramfunc*))