/home/nxf91053/Documents/MCUXpresso_24.12.148/workspace/evkbmimxrt1170_hello_world_cm7/drivers/fsl_clock.h:2094:20:CLOCK_ControlGate	16	static
/home/nxf91053/Documents/MCUXpresso_24.12.148/workspace/evkbmimxrt1170_hello_world_cm7/drivers/fsl_clock.h:2113:20:CLOCK_EnableClock	16	static
/home/nxf91053/Documents/MCUXpresso_24.12.148/workspace/evkbmimxrt1170_hello_world_cm7/drivers/fsl_iomuxc.h:1633:20:IOMUXC_SetPinMux	24	static
/home/nxf91053/Documents/MCUXpresso_24.12.148/workspace/evkbmimxrt1170_hello_world_cm7/drivers/fsl_iomuxc.h:1665:20:IOMUXC_SetPinConfig	24	static
../board/pin_mux.c:34:6:BOARD_InitBootPins	8	static
../board/pin_mux.c:59:6:BOARD_InitPins	16	static
