Archive member included to satisfy reference by file (symbol)

/usr/local/mcuxpressoide-24.12.148/ide/plugins/com.nxp.mcuxpresso.tools.linux_24.12.0.202407110909/tools/bin/../lib/gcc/arm-none-eabi/13.2.1/../../../../arm-none-eabi/lib/thumb/v7e-m+dp/hard/libcr_nohost_nf.a(_cr__main.o)
                              ./startup/startup_mimxrt1062.o (__main)
/usr/local/mcuxpressoide-24.12.148/ide/plugins/com.nxp.mcuxpresso.tools.linux_24.12.0.202407110909/tools/bin/../lib/gcc/arm-none-eabi/13.2.1/../../../../arm-none-eabi/lib/thumb/v7e-m+dp/hard/libcr_c.a(memset.o)
                              ./drivers/fsl_dcdc.o (memset)
/usr/local/mcuxpressoide-24.12.148/ide/plugins/com.nxp.mcuxpresso.tools.linux_24.12.0.202407110909/tools/bin/../lib/gcc/arm-none-eabi/13.2.1/../../../../arm-none-eabi/lib/thumb/v7e-m+dp/hard/libcr_c.a(alloc.o)
                              ./drivers/fsl_common.o (malloc)
/usr/local/mcuxpressoide-24.12.148/ide/plugins/com.nxp.mcuxpresso.tools.linux_24.12.0.202407110909/tools/bin/../lib/gcc/arm-none-eabi/13.2.1/../../../../arm-none-eabi/lib/thumb/v7e-m+dp/hard/libcr_c.a(errno.o)
                              ./utilities/str/fsl_str.o (errno)
/usr/local/mcuxpressoide-24.12.148/ide/plugins/com.nxp.mcuxpresso.tools.linux_24.12.0.202407110909/tools/bin/../lib/gcc/arm-none-eabi/13.2.1/../../../../arm-none-eabi/lib/thumb/v7e-m+dp/hard/libcr_c.a(initio.o)
                              /usr/local/mcuxpressoide-24.12.148/ide/plugins/com.nxp.mcuxpresso.tools.linux_24.12.0.202407110909/tools/bin/../lib/gcc/arm-none-eabi/13.2.1/../../../../arm-none-eabi/lib/thumb/v7e-m+dp/hard/libcr_nohost_nf.a(_cr__main.o) (_initio)
/usr/local/mcuxpressoide-24.12.148/ide/plugins/com.nxp.mcuxpresso.tools.linux_24.12.0.202407110909/tools/bin/../lib/gcc/arm-none-eabi/13.2.1/../../../../arm-none-eabi/lib/thumb/v7e-m+dp/hard/libcr_c.a(scanf.o)
                              ./utilities/str/fsl_str.o (strtoul)
/usr/local/mcuxpressoide-24.12.148/ide/plugins/com.nxp.mcuxpresso.tools.linux_24.12.0.202407110909/tools/bin/../lib/gcc/arm-none-eabi/13.2.1/../../../../arm-none-eabi/lib/thumb/v7e-m+dp/hard/libcr_c.a(setvbuf.o)
                              /usr/local/mcuxpressoide-24.12.148/ide/plugins/com.nxp.mcuxpresso.tools.linux_24.12.0.202407110909/tools/bin/../lib/gcc/arm-none-eabi/13.2.1/../../../../arm-none-eabi/lib/thumb/v7e-m+dp/hard/libcr_c.a(initio.o) (setvbuf)
/usr/local/mcuxpressoide-24.12.148/ide/plugins/com.nxp.mcuxpresso.tools.linux_24.12.0.202407110909/tools/bin/../lib/gcc/arm-none-eabi/13.2.1/../../../../arm-none-eabi/lib/thumb/v7e-m+dp/hard/libcr_c.a(strlen.o)
                              ./utilities/str/fsl_str.o (strlen)
/usr/local/mcuxpressoide-24.12.148/ide/plugins/com.nxp.mcuxpresso.tools.linux_24.12.0.202407110909/tools/bin/../lib/gcc/arm-none-eabi/13.2.1/../../../../arm-none-eabi/lib/thumb/v7e-m+dp/hard/libcr_c.a(ungetc.o)
                              /usr/local/mcuxpressoide-24.12.148/ide/plugins/com.nxp.mcuxpresso.tools.linux_24.12.0.202407110909/tools/bin/../lib/gcc/arm-none-eabi/13.2.1/../../../../arm-none-eabi/lib/thumb/v7e-m+dp/hard/libcr_c.a(scanf.o) (ungetc)
/usr/local/mcuxpressoide-24.12.148/ide/plugins/com.nxp.mcuxpresso.tools.linux_24.12.0.202407110909/tools/bin/../lib/gcc/arm-none-eabi/13.2.1/../../../../arm-none-eabi/lib/thumb/v7e-m+dp/hard/libcr_c.a(__fillbuf.o)
                              /usr/local/mcuxpressoide-24.12.148/ide/plugins/com.nxp.mcuxpresso.tools.linux_24.12.0.202407110909/tools/bin/../lib/gcc/arm-none-eabi/13.2.1/../../../../arm-none-eabi/lib/thumb/v7e-m+dp/hard/libcr_c.a(scanf.o) (__filbuf)
/usr/local/mcuxpressoide-24.12.148/ide/plugins/com.nxp.mcuxpresso.tools.linux_24.12.0.202407110909/tools/bin/../lib/gcc/arm-none-eabi/13.2.1/../../../../arm-none-eabi/lib/thumb/v7e-m+dp/hard/libcr_c.a(__init_alloc.o)
                              /usr/local/mcuxpressoide-24.12.148/ide/plugins/com.nxp.mcuxpresso.tools.linux_24.12.0.202407110909/tools/bin/../lib/gcc/arm-none-eabi/13.2.1/../../../../arm-none-eabi/lib/thumb/v7e-m+dp/hard/libcr_c.a(alloc.o) (__heaps)
/usr/local/mcuxpressoide-24.12.148/ide/plugins/com.nxp.mcuxpresso.tools.linux_24.12.0.202407110909/tools/bin/../lib/gcc/arm-none-eabi/13.2.1/../../../../arm-none-eabi/lib/thumb/v7e-m+dp/hard/libcr_c.a(_cr_sbrk.o)
                              /usr/local/mcuxpressoide-24.12.148/ide/plugins/com.nxp.mcuxpresso.tools.linux_24.12.0.202407110909/tools/bin/../lib/gcc/arm-none-eabi/13.2.1/../../../../arm-none-eabi/lib/thumb/v7e-m+dp/hard/libcr_c.a(alloc.o) (_sbrk)
/usr/local/mcuxpressoide-24.12.148/ide/plugins/com.nxp.mcuxpresso.tools.linux_24.12.0.202407110909/tools/bin/../lib/gcc/arm-none-eabi/13.2.1/../../../../arm-none-eabi/lib/thumb/v7e-m+dp/hard/libcr_c.a(_deferredlazyseek.o)
                              /usr/local/mcuxpressoide-24.12.148/ide/plugins/com.nxp.mcuxpresso.tools.linux_24.12.0.202407110909/tools/bin/../lib/gcc/arm-none-eabi/13.2.1/../../../../arm-none-eabi/lib/thumb/v7e-m+dp/hard/libcr_c.a(__fillbuf.o) (_deferredlazyseek)
[...]
Memory Configuration

Name             Origin             Length             Attributes
BOARD_FLASH      0x60000000         0x00800000         xr
SRAM_DTC         0x20000000         0x00020000         xrw
SRAM_ITC         0x00000000         0x00020000         xrw
SRAM_OC          0x20200000         0x000c0000         xrw
BOARD_SDRAM      0x80000000         0x01e00000         xrw
NCACHE_REGION    0x81e00000         0x00200000         xrw
*default*        0x00000000         0xffffffff

Linker script and memory map

LOAD ./xip/dcd.o
LOAD ./xip/evkcmimxrt1060_flexspi_nor_config.o
LOAD ./xip/fsl_flexspi_nor_boot.o
LOAD ./utilities/str/fsl_str.o
LOAD ./utilities/debug_console_lite/fsl_debug_console.o
LOAD ./utilities/fsl_assert.o
LOAD ./utilities/fsl_memcpy.o
LOAD ./startup/startup_mimxrt1062.o
LOAD ./source/sai_edma_record_playback.o
LOAD ./source/semihost_hardfault.o
LOAD ./drivers/fsl_cache.o
LOAD ./drivers/fsl_clock.o
LOAD ./drivers/fsl_common.o
LOAD ./drivers/fsl_common_arm.o
LOAD ./drivers/fsl_dcdc.o
LOAD ./drivers/fsl_dmamux.o
LOAD ./drivers/fsl_edma.o
LOAD ./drivers/fsl_gpc.o
LOAD ./drivers/fsl_gpio.o
LOAD ./drivers/fsl_lpi2c.o
LOAD ./drivers/fsl_lpuart.o
LOAD ./drivers/fsl_pmu.o
LOAD ./drivers/fsl_sai.o
LOAD ./drivers/fsl_sai_edma.o
LOAD ./drivers/fsl_src.o
LOAD ./device/system_MIMXRT1062.o
LOAD ./component/uart/fsl_adapter_lpuart.o
LOAD ./component/i2c/fsl_adapter_lpi2c.o
LOAD ./codec/port/wm8962/fsl_codec_wm8962_adapter.o
LOAD ./codec/port/cs42448/fsl_codec_cs42448_adapter.o
LOAD ./codec/port/fsl_codec_adapter.o
LOAD ./codec/fsl_codec_common.o
LOAD ./codec/fsl_codec_i2c.o
LOAD ./codec/fsl_cs42448.o
LOAD ./codec/fsl_wm8962.o
LOAD ./board/board.o
LOAD ./board/clock_config.o
LOAD ./board/hardware_init.o
LOAD ./board/pin_mux.o
START GROUP
LOAD /usr/local/mcuxpressoide-24.12.148/ide/plugins/com.nxp.mcuxpresso.tools.linux_24.12.0.202407110909/tools/bin/../lib/gcc/arm-none-eabi/13.2.1/../../../../arm-none-eabi/lib/thumb/v7e-m+dp/hard/libcr_nohost_nf.a
LOAD /usr/local/mcuxpressoide-24.12.148/ide/plugins/com.nxp.mcuxpresso.tools.linux_24.12.0.202407110909/tools/bin/../lib/gcc/arm-none-eabi/13.2.1/../../../../arm-none-eabi/lib/thumb/v7e-m+dp/hard/libcr_c.a
LOAD /usr/local/mcuxpressoide-24.12.148/ide/plugins/com.nxp.mcuxpresso.tools.linux_24.12.0.202407110909/tools/bin/../lib/gcc/arm-none-eabi/13.2.1/thumb/v7e-m+dp/hard/libcr_eabihelpers.a
LOAD /usr/local/mcuxpressoide-24.12.148/ide/plugins/com.nxp.mcuxpresso.tools.linux_24.12.0.202407110909/tools/bin/../lib/gcc/arm-none-eabi/13.2.1/thumb/v7e-m+dp/hard/libgcc.a
END GROUP
                0x60000000                        __base_BOARD_FLASH = 0x60000000
                0x60000000                        __base_Flash = 0x60000000
                0x60800000                        __top_BOARD_FLASH = 0x60800000
                0x60800000                        __top_Flash = 0x60800000
                0x20000000                        __base_SRAM_DTC = 0x20000000
                0x20000000                        __base_RAM = 0x20000000
                0x20020000                        __top_SRAM_DTC = 0x20020000
                0x20020000                        __top_RAM = 0x20020000
                0x00000000                        __base_SRAM_ITC = 0x0
                0x00000000                        __base_RAM2 = 0x0
                0x00020000                        __top_SRAM_ITC = 0x20000
                0x00020000                        __top_RAM2 = 0x20000
                0x20200000                        __base_SRAM_OC = 0x20200000
                0x20200000                        __base_RAM3 = 0x20200000
                0x202c0000                        __top_SRAM_OC = 0x202c0000
                0x202c0000                        __top_RAM3 = 0x202c0000
                0x80000000                        __base_BOARD_SDRAM = 0x80000000
                0x80000000                        __base_RAM4 = 0x80000000
                0x81e00000                        __top_BOARD_SDRAM = 0x81e00000
                0x81e00000                        __top_RAM4 = 0x81e00000
                0x81e00000                        __base_NCACHE_REGION = 0x81e00000
                0x81e00000                        __base_RAM5 = 0x81e00000
                0x82000000                        __top_NCACHE_REGION = 0x82000000
                0x82000000                        __top_RAM5 = 0x82000000

.boot_hdr       0x60000000     0x2000
 FILL mask 0xff
                0x60000000                        __boot_hdr_start__ = ABSOLUTE (.)
 *(SORT_BY_ALIGNMENT(.boot_hdr.conf))
 .boot_hdr.conf
                0x60000000      0x200 ./xip/evkcmimxrt1060_flexspi_nor_config.o
                0x60000000                qspiflash_config
                0x00001000                        . = 0x1000
 *fill*         0x60000200      0xe00 ff
 *(SORT_BY_ALIGNMENT(.boot_hdr.ivt))
 .boot_hdr.ivt  0x60001000       0x20 ./xip/fsl_flexspi_nor_boot.o
                0x60001000                image_vector_table
                0x00001020                        . = 0x1020
 *(SORT_BY_ALIGNMENT(.boot_hdr.boot_data))
 .boot_hdr.boot_data
                0x60001020       0x10 ./xip/fsl_flexspi_nor_boot.o
                0x60001020                g_boot_data
                0x00001030                        . = 0x1030
 *(SORT_BY_ALIGNMENT(.boot_hdr.dcd_data))
                0x60001030                        __boot_hdr_end__ = ABSOLUTE (.)
                0x00002000                        . = 0x2000
 *fill*         0x60001030      0xfd0 ff

.text           0x60002000     0xc80c
 FILL mask 0xff
                0x60002000                        __vectors_start__ = ABSOLUTE (.)
 *(SORT_BY_ALIGNMENT(.isr_vector))
 .isr_vector    0x60002000      0x2b8 ./startup/startup_mimxrt1062.o
                0x60002000                __Vectors
                0x60002000                g_pfnVectors
                0x600022b8                        . = ALIGN (0x4)
                0x600022b8                        __section_table_start = .
                0x600022b8                        __data_section_table = .
                0x600022b8        0x4 LONG 0x6000e80c LOADADDR (.data)
                0x600022bc        0x4 LONG 0x20000000 ADDR (.data)
                0x600022c0        0x4 LONG 0x244 SIZEOF (.data)
                0x600022c4        0x4 LONG 0x6000e80c LOADADDR (.data_RAM2)
                0x600022c8        0x4 LONG 0x0 ADDR (.data_RAM2)
                0x600022cc        0x4 LONG 0x0 SIZEOF (.data_RAM2)
                0x600022d0        0x4 LONG 0x6000e80c LOADADDR (.data_RAM3)
                0x600022d4        0x4 LONG 0x20200000 ADDR (.data_RAM3)
                0x600022d8        0x4 LONG 0x0 SIZEOF (.data_RAM3)
                0x600022dc        0x4 LONG 0x6000e80c LOADADDR (.data_RAM4)
                0x600022e0        0x4 LONG 0x80000000 ADDR (.data_RAM4)
                0x600022e4        0x4 LONG 0x0 SIZEOF (.data_RAM4)
                0x600022e8        0x4 LONG 0x6000e80c LOADADDR (.data_RAM5)
                0x600022ec        0x4 LONG 0x81e00000 ADDR (.data_RAM5)
                0x600022f0        0x4 LONG 0x0 SIZEOF (.data_RAM5)
                0x600022f4                        __data_section_table_end = .
                0x600022f4                        __bss_section_table = .
                0x600022f4        0x4 LONG 0x20000244 ADDR (.bss)
                0x600022f8        0x4 LONG 0x12f0 SIZEOF (.bss)
                0x600022fc        0x4 LONG 0x0 ADDR (.bss_RAM2)
                0x60002300        0x4 LONG 0x0 SIZEOF (.bss_RAM2)
                0x60002304        0x4 LONG 0x20200000 ADDR (.bss_RAM3)
                0x60002308        0x4 LONG 0x0 SIZEOF (.bss_RAM3)
                0x6000230c        0x4 LONG 0x80000000 ADDR (.bss_RAM4)
                0x60002310        0x4 LONG 0x0 SIZEOF (.bss_RAM4)
                0x60002314        0x4 LONG 0x81e00000 ADDR (.bss_RAM5)
                0x60002318        0x4 LONG 0x0 SIZEOF (.bss_RAM5)
                0x6000231c                        __bss_section_table_end = .
                0x6000231c                        __section_table_end = .
 *(SORT_BY_ALIGNMENT(.after_vectors*))
 .after_vectors.reset
                0x6000231c       0x54 ./startup/startup_mimxrt1062.o
                0x6000231c                ResetISR
 .after_vectors.init_data
                0x60002370       0x1e ./startup/startup_mimxrt1062.o
                0x60002370                data_init
 .after_vectors.init_bss
                0x6000238e       0x12 ./startup/startup_mimxrt1062.o
                0x6000238e                bss_init
 .after_vectors
                0x600023a0       0x14 ./startup/startup_mimxrt1062.o
                0x600023a0                NMI_Handler
                0x600023a4                MemManage_Handler
                0x600023a6                BusFault_Handler
                0x600023a8                UsageFault_Handler
                0x600023aa                SVC_Handler
                0x600023ac                DebugMon_Handler
                0x600023ae                PendSV_Handler
                0x600023b0                SysTick_Handler
                0x600023b2                ACMP4_DriverIRQHandler
                0x600023b2                KPP_DriverIRQHandler
                0x600023b2                FLEXSPI2_DriverIRQHandler
                0x600023b2                LPSPI2_DriverIRQHandler
                0x600023b2                LCDIF_DriverIRQHandler
                0x600023b2                CCM_2_DriverIRQHandler
                0x600023b2                PIT_DriverIRQHandler
                0x600023b2                PMU_EVENT_DriverIRQHandler
                0x600023b2                PWM4_FAULT_DriverIRQHandler
                0x600023b2                FLEXRAM_DriverIRQHandler
                0x600023b2                LPSPI4_DriverIRQHandler
                0x600023b2                SEMC_DriverIRQHandler
                0x600023b2                SPDIF_DriverIRQHandler
                0x600023b2                PWM4_3_DriverIRQHandler
                0x600023b2                ENET2_DriverIRQHandler
                0x600023b2                USB_PHY1_DriverIRQHandler
                0x600023b2                GPIO3_Combined_0_15_DriverIRQHandler
                0x600023b2                CAN3_DriverIRQHandler
                0x600023b2                Reserved171_DriverIRQHandler
                0x600023b2                BEE_DriverIRQHandler
                0x600023b2                GPR_IRQ_DriverIRQHandler
                0x600023b2                PWM2_FAULT_DriverIRQHandler
                0x600023b2                PWM3_1_DriverIRQHandler
                0x600023b2                TMR1_DriverIRQHandler
                0x600023b2                TRNG_DriverIRQHandler
                0x600023b2                PWM3_2_DriverIRQHandler
                0x600023b2                ENET_1588_Timer_DriverIRQHandler
                0x600023b2                FLEXIO2_DriverIRQHandler
                0x600023b2                GPIO2_Combined_16_31_DriverIRQHandler
                0x600023b2                Reserved143_DriverIRQHandler
                0x600023b2                PWM4_1_DriverIRQHandler
                0x600023b2                PWM3_3_DriverIRQHandler
                0x600023b2                IntDefaultHandler
                0x600023b2                SRC_DriverIRQHandler
                0x600023b2                GPIO1_INT4_DriverIRQHandler
                0x600023b2                Reserved144_DriverIRQHandler
                0x600023b2                USDHC1_DriverIRQHandler
                0x600023b2                ENC3_DriverIRQHandler
                0x600023b2                PWM3_FAULT_DriverIRQHandler
                0x600023b2                EWM_DriverIRQHandler
                0x600023b2                TSC_DIG_DriverIRQHandler
                0x600023b2                WDOG1_DriverIRQHandler
                0x600023b2                FLEXIO1_DriverIRQHandler
                0x600023b2                ENET_DriverIRQHandler
                0x600023b2                Reserved78_DriverIRQHandler
                0x600023b2                TMR4_DriverIRQHandler
                0x600023b2                ENC2_DriverIRQHandler
                0x600023b2                ADC_ETC_IRQ2_DriverIRQHandler
                0x600023b2                GPIO1_Combined_16_31_DriverIRQHandler
                0x600023b2                GPIO1_INT7_DriverIRQHandler
                0x600023b2                DCDC_DriverIRQHandler
                0x600023b2                PWM4_0_DriverIRQHandler
                0x600023b2                ADC_ETC_ERROR_IRQ_DriverIRQHandler
                0x600023b2                ACMP2_DriverIRQHandler
                0x600023b2                GPIO5_Combined_0_15_DriverIRQHandler
                0x600023b2                GPIO1_INT0_DriverIRQHandler
                0x600023b2                GPIO1_INT2_DriverIRQHandler
                0x600023b2                RTWDOG_DriverIRQHandler
                0x600023b2                FLEXSPI_DriverIRQHandler
                0x600023b2                GPT2_DriverIRQHandler
                0x600023b2                USB_PHY2_DriverIRQHandler
                0x600023b2                PWM2_1_DriverIRQHandler
                0x600023b2                PWM1_1_DriverIRQHandler
                0x600023b2                PXP_DriverIRQHandler
                0x600023b2                ADC1_DriverIRQHandler
                0x600023b2                GPIO10_Combined_0_31_DriverIRQHandler
                0x600023b2                PWM1_0_DriverIRQHandler
                0x600023b2                SJC_DriverIRQHandler
                0x600023b2                ENC1_DriverIRQHandler
                0x600023b2                ENC4_DriverIRQHandler
                0x600023b2                CAN2_DriverIRQHandler
                0x600023b2                DCP_DriverIRQHandler
                0x600023b2                CTI0_ERROR_DriverIRQHandler
                0x600023b2                GPT1_DriverIRQHandler
                0x600023b2                ACMP3_DriverIRQHandler
                0x600023b2                CSU_DriverIRQHandler
                0x600023b2                GPIO1_INT5_DriverIRQHandler
                0x600023b2                TMR3_DriverIRQHandler
                0x600023b2                TMR2_DriverIRQHandler
                0x600023b2                CTI1_ERROR_DriverIRQHandler
                0x600023b2                GPIO1_Combined_0_15_DriverIRQHandler
                0x600023b2                USDHC2_DriverIRQHandler
                0x600023b2                PWM4_2_DriverIRQHandler
                0x600023b2                CORE_DriverIRQHandler
                0x600023b2                CSI_DriverIRQHandler
                0x600023b2                PWM2_3_DriverIRQHandler
                0x600023b2                XBAR1_IRQ_2_3_DriverIRQHandler
                0x600023b2                SNVS_HP_WRAPPER_TZ_DriverIRQHandler
                0x600023b2                GPIO3_Combined_16_31_DriverIRQHandler
                0x600023b2                PWM1_FAULT_DriverIRQHandler
                0x600023b2                ENET2_1588_Timer_DriverIRQHandler
                0x600023b2                PWM2_2_DriverIRQHandler
                0x600023b2                SNVS_HP_WRAPPER_DriverIRQHandler
                0x600023b2                XBAR1_IRQ_0_1_DriverIRQHandler
                0x600023b2                ADC_ETC_IRQ1_DriverIRQHandler
                0x600023b2                LPSPI1_DriverIRQHandler
                0x600023b2                GPIO1_INT3_DriverIRQHandler
                0x600023b2                DCP_VMI_DriverIRQHandler
                0x600023b2                GPC_DriverIRQHandler
                0x600023b2                GPIO2_Combined_0_15_DriverIRQHandler
                0x600023b2                PWM1_2_DriverIRQHandler
                0x600023b2                USB_OTG1_DriverIRQHandler
                0x600023b2                TEMP_LOW_HIGH_DriverIRQHandler
                0x600023b2                FLEXIO3_DriverIRQHandler
                0x600023b2                WDOG2_DriverIRQHandler
                0x600023b2                Reserved68_DriverIRQHandler
                0x600023b2                PWM3_0_DriverIRQHandler
                0x600023b2                GPIO4_Combined_0_15_DriverIRQHandler
                0x600023b2                GPIO4_Combined_16_31_DriverIRQHandler
                0x600023b2                GPIO6_7_8_9_DriverIRQHandler
                0x600023b2                GPIO5_Combined_16_31_DriverIRQHandler
                0x600023b2                CCM_1_DriverIRQHandler
                0x600023b2                ADC2_DriverIRQHandler
                0x600023b2                Reserved115_DriverIRQHandler
                0x600023b2                TEMP_PANIC_DriverIRQHandler
                0x600023b2                LPSPI3_DriverIRQHandler
                0x600023b2                PWM1_3_DriverIRQHandler
                0x600023b2                ACMP1_DriverIRQHandler
                0x600023b2                Reserved86_DriverIRQHandler
                0x600023b2                DMA_ERROR_DriverIRQHandler
                0x600023b2                ADC_ETC_IRQ0_DriverIRQHandler
                0x600023b2                CAN1_DriverIRQHandler
                0x600023b2                GPIO1_INT6_DriverIRQHandler
                0x600023b2                GPIO1_INT1_DriverIRQHandler
                0x600023b2                PWM2_0_DriverIRQHandler
                0x600023b2                SNVS_LP_WRAPPER_DriverIRQHandler
                0x600023b2                USB_OTG2_DriverIRQHandler
 *(SORT_BY_ALIGNMENT(.text*))
 .text.DbgConsole_Init
                0x600023b4       0x88 ./utilities/debug_console_lite/fsl_debug_console.o
                0x600023b4                DbgConsole_Init
 .text.DbgConsole_Vprintf
                0x6000243c       0x3c ./utilities/debug_console_lite/fsl_debug_console.o
                0x6000243c                DbgConsole_Vprintf
 .text.DbgConsole_Putchar
                0x60002478       0x30 ./utilities/debug_console_lite/fsl_debug_console.o
                0x60002478                DbgConsole_Putchar
 .text.DbgConsole_PrintfFormattedData
                0x600024a8      0x3e0 ./utilities/debug_console_lite/fsl_debug_console.o
 .text.__assertion_failed
                0x60002888       0x2c ./utilities/fsl_assert.o
                0x60002888                __assertion_failed
 .text          0x600028b4       0xa0 ./utilities/fsl_memcpy.o
                0x600028b4                memcpy
 .text.rx_callback
                0x60002954       0x34 ./source/sai_edma_record_playback.o
 .text.tx_callback
                0x60002988       0x34 ./source/sai_edma_record_playback.o
 .text.main     0x600029bc      0x1c0 ./source/sai_edma_record_playback.o
                0x600029bc                main
 .text.CLOCK_GetOscFreq
                0x60002b7c       0x30 ./drivers/fsl_clock.o
 .text.CLOCK_GetPeriphClkFreq
                0x60002bac       0xec ./drivers/fsl_clock.o
 .text.CLOCK_GetPllUsb1SWFreq
                0x60002c98       0x44 ./drivers/fsl_clock.o
 .text.CLOCK_InitExternalClk
                0x60002cdc       0x6c ./drivers/fsl_clock.o
                0x60002cdc                CLOCK_InitExternalClk
 .text.CLOCK_SwitchOsc
                0x60002d48       0x34 ./drivers/fsl_clock.o
                0x60002d48                CLOCK_SwitchOsc
 .text.CLOCK_InitRcOsc24M
                0x60002d7c       0x24 ./drivers/fsl_clock.o
                0x60002d7c                CLOCK_InitRcOsc24M
 .text.CLOCK_GetAhbFreq
                0x60002da0       0x24 ./drivers/fsl_clock.o
                0x60002da0                CLOCK_GetAhbFreq
 .text.CLOCK_GetSemcFreq
                0x60002dc4       0x5c ./drivers/fsl_clock.o
                0x60002dc4                CLOCK_GetSemcFreq
 .text.CLOCK_GetIpgFreq
                0x60002e20       0x24 ./drivers/fsl_clock.o
                0x60002e20                CLOCK_GetIpgFreq
 .text.CLOCK_GetPerClkFreq
                0x60002e44       0x40 ./drivers/fsl_clock.o
                0x60002e44                CLOCK_GetPerClkFreq
 .text.CLOCK_GetFreq
                0x60002e84      0x1c8 ./drivers/fsl_clock.o
                0x60002e84                CLOCK_GetFreq
 .text.CLOCK_InitArmPll
                0x6000304c       0x68 ./drivers/fsl_clock.o
                0x6000304c                CLOCK_InitArmPll
 .text.CLOCK_InitSysPll
                0x600030b4       0x9c ./drivers/fsl_clock.o
                0x600030b4                CLOCK_InitSysPll
 .text.CLOCK_DeinitUsb2Pll
                0x60003150       0x18 ./drivers/fsl_clock.o
                0x60003150                CLOCK_DeinitUsb2Pll
 .text.CLOCK_InitAudioPll
                0x60003168      0x12c ./drivers/fsl_clock.o
                0x60003168                CLOCK_InitAudioPll
 .text.CLOCK_DeinitAudioPll
                0x60003294       0x1c ./drivers/fsl_clock.o
                0x60003294                CLOCK_DeinitAudioPll
 .text.CLOCK_DeinitEnetPll
                0x600032b0       0x1c ./drivers/fsl_clock.o
                0x600032b0                CLOCK_DeinitEnetPll
 .text.CLOCK_GetPllFreq
                0x600032cc      0x3d8 ./drivers/fsl_clock.o
                0x600032cc                CLOCK_GetPllFreq
 .text.CLOCK_InitSysPfd
                0x600036a4       0x64 ./drivers/fsl_clock.o
                0x600036a4                CLOCK_InitSysPfd
 .text.CLOCK_GetSysPfdFreq
                0x60003708      0x144 ./drivers/fsl_clock.o
                0x60003708                CLOCK_GetSysPfdFreq
 .text.CLOCK_GetUsb1PfdFreq
                0x6000384c      0x144 ./drivers/fsl_clock.o
                0x6000384c                CLOCK_GetUsb1PfdFreq
 .text.SDK_DelayAtLeastUs
                0x60003990       0x94 ./drivers/fsl_common_arm.o
                0x60003990                SDK_DelayAtLeastUs
 .text.CLOCK_ControlGate
                0x60003a24       0x60 ./drivers/fsl_dmamux.o
 .text.DMAMUX_GetInstance
                0x60003a84       0x44 ./drivers/fsl_dmamux.o
 .text.__NVIC_EnableIRQ
                0x60003ac8       0x3c ./drivers/fsl_edma.o
 .text.CLOCK_ControlGate
                0x60003b04       0x60 ./drivers/fsl_edma.o
 .text.EDMA_GetInstance
                0x60003b64       0x44 ./drivers/fsl_edma.o
 .text.EDMA_InstallTCD
                0x60003ba8      0x14c ./drivers/fsl_edma.o
                0x60003ba8                EDMA_InstallTCD
 .text.EDMA_Init
                0x60003cf4       0x94 ./drivers/fsl_edma.o
                0x60003cf4                EDMA_Init
 .text.EDMA_GetDefaultConfig
                0x60003d88       0x44 ./drivers/fsl_edma.o
                0x60003d88                EDMA_GetDefaultConfig
 .text.EDMA_SetTransferConfig
                0x60003dcc       0x60 ./drivers/fsl_edma.o
                0x60003dcc                EDMA_SetTransferConfig
 .text.EDMA_TcdReset
                0x60003e2c       0x78 ./drivers/fsl_edma.o
                0x60003e2c                EDMA_TcdReset
 .text.EDMA_TcdSetTransferConfig
                0x60003ea4      0x128 ./drivers/fsl_edma.o
                0x60003ea4                EDMA_TcdSetTransferConfig
 .text.EDMA_TcdSetMinorOffsetConfig
                0x60003fcc       0x70 ./drivers/fsl_edma.o
                0x60003fcc                EDMA_TcdSetMinorOffsetConfig
 .text.EDMA_TcdEnableInterrupts
                0x6000403c       0x58 ./drivers/fsl_edma.o
                0x6000403c                EDMA_TcdEnableInterrupts
 .text.EDMA_GetChannelStatusFlags
                0x60004094       0x74 ./drivers/fsl_edma.o
                0x60004094                EDMA_GetChannelStatusFlags
 .text.EDMA_GetInstanceOffset
                0x60004108       0x48 ./drivers/fsl_edma.o
 .text.EDMA_CreateHandle
                0x60004150       0xdc ./drivers/fsl_edma.o
                0x60004150                EDMA_CreateHandle
 .text.EDMA_InstallTCDMemory
                0x6000422c       0x58 ./drivers/fsl_edma.o
                0x6000422c                EDMA_InstallTCDMemory
 .text.EDMA_SetCallback
                0x60004284       0x30 ./drivers/fsl_edma.o
                0x60004284                EDMA_SetCallback
 .text.EDMA_TransferWidthMapping
                0x600042b4       0xd0 ./drivers/fsl_edma.o
 .text.EDMA_PrepareTransferConfig
                0x60004384      0x134 ./drivers/fsl_edma.o
                0x60004384                EDMA_PrepareTransferConfig
 .text.EDMA_SubmitTransfer
                0x600044b8      0x304 ./drivers/fsl_edma.o
                0x600044b8                EDMA_SubmitTransfer
 .text.EDMA_StartTransfer
                0x600047bc       0xb4 ./drivers/fsl_edma.o
                0x600047bc                EDMA_StartTransfer
 .text.EDMA_HandleIRQ
                0x60004870      0x1c0 ./drivers/fsl_edma.o
                0x60004870                EDMA_HandleIRQ
 .text.DMA0_DMA16_DriverIRQHandler
                0x60004a30       0x50 ./drivers/fsl_edma.o
                0x60004a30                DMA0_DMA16_DriverIRQHandler
 .text.DMA1_DMA17_DriverIRQHandler
                0x60004a80       0x50 ./drivers/fsl_edma.o
                0x60004a80                DMA1_DMA17_DriverIRQHandler
 .text.DMA2_DMA18_DriverIRQHandler
                0x60004ad0       0x50 ./drivers/fsl_edma.o
                0x60004ad0                DMA2_DMA18_DriverIRQHandler
 .text.DMA3_DMA19_DriverIRQHandler
                0x60004b20       0x50 ./drivers/fsl_edma.o
                0x60004b20                DMA3_DMA19_DriverIRQHandler
 .text.DMA4_DMA20_DriverIRQHandler
                0x60004b70       0x50 ./drivers/fsl_edma.o
                0x60004b70                DMA4_DMA20_DriverIRQHandler
 .text.DMA5_DMA21_DriverIRQHandler
                0x60004bc0       0x50 ./drivers/fsl_edma.o
                0x60004bc0                DMA5_DMA21_DriverIRQHandler
 .text.DMA6_DMA22_DriverIRQHandler
                0x60004c10       0x50 ./drivers/fsl_edma.o
                0x60004c10                DMA6_DMA22_DriverIRQHandler
 .text.DMA7_DMA23_DriverIRQHandler
                0x60004c60       0x50 ./drivers/fsl_edma.o
                0x60004c60                DMA7_DMA23_DriverIRQHandler
 .text.DMA8_DMA24_DriverIRQHandler
                0x60004cb0       0x50 ./drivers/fsl_edma.o
                0x60004cb0                DMA8_DMA24_DriverIRQHandler
 .text.DMA9_DMA25_DriverIRQHandler
                0x60004d00       0x50 ./drivers/fsl_edma.o
                0x60004d00                DMA9_DMA25_DriverIRQHandler
 .text.DMA10_DMA26_DriverIRQHandler
                0x60004d50       0x50 ./drivers/fsl_edma.o
                0x60004d50                DMA10_DMA26_DriverIRQHandler
 .text.DMA11_DMA27_DriverIRQHandler
                0x60004da0       0x50 ./drivers/fsl_edma.o
                0x60004da0                DMA11_DMA27_DriverIRQHandler
 .text.DMA12_DMA28_DriverIRQHandler
                0x60004df0       0x50 ./drivers/fsl_edma.o
                0x60004df0                DMA12_DMA28_DriverIRQHandler
 .text.DMA13_DMA29_DriverIRQHandler
                0x60004e40       0x50 ./drivers/fsl_edma.o
                0x60004e40                DMA13_DMA29_DriverIRQHandler
 .text.DMA14_DMA30_DriverIRQHandler
                0x60004e90       0x50 ./drivers/fsl_edma.o
                0x60004e90                DMA14_DMA30_DriverIRQHandler
 .text.DMA15_DMA31_DriverIRQHandler
                0x60004ee0       0x50 ./drivers/fsl_edma.o
                0x60004ee0                DMA15_DMA31_DriverIRQHandler
 .text.CLOCK_ControlGate
                0x60004f30       0x60 ./drivers/fsl_lpi2c.o
 .text.LPI2C_GetInstance
                0x60004f90       0x4c ./drivers/fsl_lpi2c.o
                0x60004f90                LPI2C_GetInstance
 .text.LPI2C_GetCyclesForWidth
                0x60004fdc       0x9c ./drivers/fsl_lpi2c.o
 .text.LPI2C_MasterGetDefaultConfig
                0x60005078       0x6c ./drivers/fsl_lpi2c.o
                0x60005078                LPI2C_MasterGetDefaultConfig
 .text.LPI2C_MasterInit
                0x600050e4      0x1dc ./drivers/fsl_lpi2c.o
                0x600050e4                LPI2C_MasterInit
 .text.LPI2C_MasterSetBaudRate
                0x600052c0      0x2c4 ./drivers/fsl_lpi2c.o
                0x600052c0                LPI2C_MasterSetBaudRate
 .text.LPI2C_MasterReceive
                0x60005584       0xd8 ./drivers/fsl_lpi2c.o
                0x60005584                LPI2C_MasterReceive
 .text.LPI2C_MasterSend
                0x6000565c       0x58 ./drivers/fsl_lpi2c.o
                0x6000565c                LPI2C_MasterSend
 .text.LPI2C_MasterTransferBlocking
                0x600056b4      0x1f8 ./drivers/fsl_lpi2c.o
                0x600056b4                LPI2C_MasterTransferBlocking
 .text.LPI2C_CommonIRQHandler
                0x600058ac       0x78 ./drivers/fsl_lpi2c.o
 .text.LPI2C1_DriverIRQHandler
                0x60005924       0x14 ./drivers/fsl_lpi2c.o
                0x60005924                LPI2C1_DriverIRQHandler
 .text.LPI2C2_DriverIRQHandler
                0x60005938       0x14 ./drivers/fsl_lpi2c.o
                0x60005938                LPI2C2_DriverIRQHandler
 .text.LPI2C3_DriverIRQHandler
                0x6000594c       0x14 ./drivers/fsl_lpi2c.o
                0x6000594c                LPI2C3_DriverIRQHandler
 .text.LPI2C4_DriverIRQHandler
                0x60005960       0x14 ./drivers/fsl_lpi2c.o
                0x60005960                LPI2C4_DriverIRQHandler
 .text.CLOCK_ControlGate
                0x60005974       0x60 ./drivers/fsl_lpuart.o
 .text.LPUART_GetInstance
                0x600059d4       0x4c ./drivers/fsl_lpuart.o
                0x600059d4                LPUART_GetInstance
 .text.LPUART_Init
                0x60005a20      0x30c ./drivers/fsl_lpuart.o
                0x60005a20                LPUART_Init
 .text.LPUART_GetDefaultConfig
                0x60005d2c       0x88 ./drivers/fsl_lpuart.o
                0x60005d2c                LPUART_GetDefaultConfig
 .text.LPUART_GetStatusFlags
                0x60005db4       0x38 ./drivers/fsl_lpuart.o
                0x60005db4                LPUART_GetStatusFlags
 .text.LPUART_ClearStatusFlags
                0x60005dec       0x7c ./drivers/fsl_lpuart.o
                0x60005dec                LPUART_ClearStatusFlags
 .text.LPUART_WriteBlocking
                0x60005e68       0x68 ./drivers/fsl_lpuart.o
                0x60005e68                LPUART_WriteBlocking
 .text.LPUART_ReadBlocking
                0x60005ed0      0x160 ./drivers/fsl_lpuart.o
                0x60005ed0                LPUART_ReadBlocking
 .text.LPUART1_DriverIRQHandler
                0x60006030       0x28 ./drivers/fsl_lpuart.o
                0x60006030                LPUART1_DriverIRQHandler
 .text.LPUART2_DriverIRQHandler
                0x60006058       0x28 ./drivers/fsl_lpuart.o
                0x60006058                LPUART2_DriverIRQHandler
 .text.LPUART3_DriverIRQHandler
                0x60006080       0x28 ./drivers/fsl_lpuart.o
                0x60006080                LPUART3_DriverIRQHandler
 .text.LPUART4_DriverIRQHandler
                0x600060a8       0x28 ./drivers/fsl_lpuart.o
                0x600060a8                LPUART4_DriverIRQHandler
 .text.LPUART5_DriverIRQHandler
                0x600060d0       0x28 ./drivers/fsl_lpuart.o
                0x600060d0                LPUART5_DriverIRQHandler
 .text.LPUART6_DriverIRQHandler
                0x600060f8       0x28 ./drivers/fsl_lpuart.o
                0x600060f8                LPUART6_DriverIRQHandler
 .text.LPUART7_DriverIRQHandler
                0x60006120       0x28 ./drivers/fsl_lpuart.o
                0x60006120                LPUART7_DriverIRQHandler
 .text.LPUART8_DriverIRQHandler
                0x60006148       0x28 ./drivers/fsl_lpuart.o
                0x60006148                LPUART8_DriverIRQHandler
 .text.CLOCK_ControlGate
                0x60006170       0x60 ./drivers/fsl_sai.o
 .text.SAI_GetInstance
                0x600061d0       0x4c ./drivers/fsl_sai.o
 .text.SAI_GetCommonConfig
                0x6000621c       0xc0 ./drivers/fsl_sai.o
 .text.SAI_Init
                0x600062dc       0x48 ./drivers/fsl_sai.o
                0x600062dc                SAI_Init
 .text.SAI_TxEnable
                0x60006324       0x78 ./drivers/fsl_sai.o
                0x60006324                SAI_TxEnable
 .text.SAI_RxEnable
                0x6000639c       0x7c ./drivers/fsl_sai.o
                0x6000639c                SAI_RxEnable
 .text.SAI_TxSetBitClockRate
                0x60006418       0x88 ./drivers/fsl_sai.o
                0x60006418                SAI_TxSetBitClockRate
 .text.SAI_RxSetBitClockRate
                0x600064a0       0x8c ./drivers/fsl_sai.o
                0x600064a0                SAI_RxSetBitClockRate
 .text.SAI_TxSetBitclockConfig
                0x6000652c       0x98 ./drivers/fsl_sai.o
                0x6000652c                SAI_TxSetBitclockConfig
 .text.SAI_RxSetBitclockConfig
                0x600065c4       0x9c ./drivers/fsl_sai.o
                0x600065c4                SAI_RxSetBitclockConfig
 .text.SAI_TxSetFifoConfig
                0x60006660       0xac ./drivers/fsl_sai.o
                0x60006660                SAI_TxSetFifoConfig
 .text.SAI_RxSetFifoConfig
                0x6000670c       0xac ./drivers/fsl_sai.o
                0x6000670c                SAI_RxSetFifoConfig
 .text.SAI_TxSetFrameSyncConfig
                0x600067b8       0xa8 ./drivers/fsl_sai.o
                0x600067b8                SAI_TxSetFrameSyncConfig
 .text.SAI_RxSetFrameSyncConfig
                0x60006860       0xac ./drivers/fsl_sai.o
                0x60006860                SAI_RxSetFrameSyncConfig
 .text.SAI_TxSetSerialDataConfig
                0x6000690c       0xb4 ./drivers/fsl_sai.o
                0x6000690c                SAI_TxSetSerialDataConfig
 .text.SAI_RxSetSerialDataConfig
                0x600069c0       0x94 ./drivers/fsl_sai.o
                0x600069c0                SAI_RxSetSerialDataConfig
 .text.SAI_TxSetConfig
                0x60006a54      0x1f0 ./drivers/fsl_sai.o
                0x60006a54                SAI_TxSetConfig
 .text.SAI_RxSetConfig
                0x60006c44      0x200 ./drivers/fsl_sai.o
                0x60006c44                SAI_RxSetConfig
 .text.SAI1_DriverIRQHandler
                0x60006e44       0x74 ./drivers/fsl_sai.o
                0x60006e44                SAI1_DriverIRQHandler
 .text.SAI2_DriverIRQHandler
                0x60006eb8       0x74 ./drivers/fsl_sai.o
                0x60006eb8                SAI2_DriverIRQHandler
 .text.SAI3_TX_DriverIRQHandler
                0x60006f2c       0x3c ./drivers/fsl_sai.o
                0x60006f2c                SAI3_TX_DriverIRQHandler
 .text.SAI3_RX_DriverIRQHandler
                0x60006f68       0x3c ./drivers/fsl_sai.o
                0x60006f68                SAI3_RX_DriverIRQHandler
 .text.EDMA_TcdEnableAutoStopRequest
                0x60006fa4       0x58 ./drivers/fsl_sai_edma.o
 .text.SAI_GetInstance
                0x60006ffc       0x4c ./drivers/fsl_sai_edma.o
 .text.SAI_TransferTxCreateHandleEDMA
                0x60007048       0xa8 ./drivers/fsl_sai_edma.o
                0x60007048                SAI_TransferTxCreateHandleEDMA
 .text.SAI_TransferRxCreateHandleEDMA
                0x600070f0       0xac ./drivers/fsl_sai_edma.o
                0x600070f0                SAI_TransferRxCreateHandleEDMA
 .text.SAI_TransferTxSetConfigEDMA
                0x6000719c       0xac ./drivers/fsl_sai_edma.o
                0x6000719c                SAI_TransferTxSetConfigEDMA
 .text.SAI_TransferRxSetConfigEDMA
                0x60007248       0xa8 ./drivers/fsl_sai_edma.o
                0x60007248                SAI_TransferRxSetConfigEDMA
 .text.SAI_TransferSendEDMA
                0x600072f0      0x244 ./drivers/fsl_sai_edma.o
                0x600072f0                SAI_TransferSendEDMA
 .text.SAI_TransferReceiveEDMA
                0x60007534      0x248 ./drivers/fsl_sai_edma.o
                0x60007534                SAI_TransferReceiveEDMA
 .text.SystemInit
                0x6000777c      0x144 ./device/system_MIMXRT1062.o
                0x6000777c                SystemInit
 .text.HAL_UartInitCommon
                0x600078c0       0xe0 ./component/uart/fsl_adapter_lpuart.o
 .text.HAL_UartInit
                0x600079a0       0x84 ./component/uart/fsl_adapter_lpuart.o
                0x600079a0                HAL_UartInit
 .text.HAL_UartReceiveBlocking
                0x60007a24       0x6c ./component/uart/fsl_adapter_lpuart.o
                0x60007a24                HAL_UartReceiveBlocking
 .text.HAL_UartSendBlocking
                0x60007a90       0x64 ./component/uart/fsl_adapter_lpuart.o
                0x60007a90                HAL_UartSendBlocking
 .text.HAL_I2cGetStatus
                0x60007af4       0xa4 ./component/i2c/fsl_adapter_lpi2c.o
 .text.HAL_I2cMasterInit
                0x60007b98       0x78 ./component/i2c/fsl_adapter_lpi2c.o
                0x60007b98                HAL_I2cMasterInit
 .text.HAL_I2cMasterTransferBlocking
                0x60007c10       0x94 ./component/i2c/fsl_adapter_lpi2c.o
                0x60007c10                HAL_I2cMasterTransferBlocking
 .text.HAL_CODEC_WM8962_Init
                0x60007ca4       0x4c ./codec/port/wm8962/fsl_codec_wm8962_adapter.o
                0x60007ca4                HAL_CODEC_WM8962_Init
 .text.HAL_CODEC_WM8962_SetVolume
                0x60007cf0       0xd8 ./codec/port/wm8962/fsl_codec_wm8962_adapter.o
                0x60007cf0                HAL_CODEC_WM8962_SetVolume
 .text.HAL_CODEC_CS42448_Init
                0x60007dc8       0x5c ./codec/port/cs42448/fsl_codec_cs42448_adapter.o
                0x60007dc8                HAL_CODEC_CS42448_Init
 .text.HAL_CODEC_CS42448_SetVolume
                0x60007e24       0xd0 ./codec/port/cs42448/fsl_codec_cs42448_adapter.o
                0x60007e24                HAL_CODEC_CS42448_SetVolume
 .text.HAL_CODEC_Init
                0x60007ef4       0x5c ./codec/port/fsl_codec_adapter.o
                0x60007ef4                HAL_CODEC_Init
 .text.HAL_CODEC_SetVolume
                0x60007f50       0x5c ./codec/port/fsl_codec_adapter.o
                0x60007f50                HAL_CODEC_SetVolume
 .text.CODEC_Init
                0x60007fac       0x38 ./codec/fsl_codec_common.o
                0x60007fac                CODEC_Init
 .text.CODEC_SetVolume
                0x60007fe4       0x74 ./codec/fsl_codec_common.o
                0x60007fe4                CODEC_SetVolume
 .text.CS42448_DelayMs
                0x60008058       0x38 ./codec/fsl_cs42448.o
 .text.CS42448_Init
                0x60008090      0x178 ./codec/fsl_cs42448.o
                0x60008090                CS42448_Init
 .text.CS42448_SetProtocol
                0x60008208       0xdc ./codec/fsl_cs42448.o
                0x60008208                CS42448_SetProtocol
 .text.CS42448_ConfigDataFormat
                0x600082e4      0x234 ./codec/fsl_cs42448.o
                0x600082e4                CS42448_ConfigDataFormat
 .text.CS42448_SetChannelMute
                0x60008518       0x8c ./codec/fsl_cs42448.o
                0x60008518                CS42448_SetChannelMute
 .text.CS42448_WriteReg
                0x600085a4       0x48 ./codec/fsl_cs42448.o
                0x600085a4                CS42448_WriteReg
 .text.CS42448_ReadReg
                0x600085ec       0x44 ./codec/fsl_cs42448.o
                0x600085ec                CS42448_ReadReg
 .text.WM8962_StartSequence
                0x60008630       0xfc ./codec/fsl_wm8962.o
 .text.WM8962_SetInternalFllConfig
                0x6000872c      0x344 ./codec/fsl_wm8962.o
 .text.WM8962_SetMasterClock
                0x60008a70      0x148 ./codec/fsl_wm8962.o
 .text.WM8962_Init
                0x60008bb8      0x380 ./codec/fsl_wm8962.o
                0x60008bb8                WM8962_Init
 .text.WM8962_SetModuleVolume
                0x60008f38      0x2d4 ./codec/fsl_wm8962.o
                0x60008f38                WM8962_SetModuleVolume
 .text.WM8962_ConfigDataFormat
                0x6000920c      0x2fc ./codec/fsl_wm8962.o
                0x6000920c                WM8962_ConfigDataFormat
 .text.ARM_MPU_Enable
                0x60009508       0x44 ./board/board.o
 .text.ARM_MPU_Disable
                0x6000954c       0x40 ./board/board.o
 .text.CLOCK_GetMux
                0x6000958c       0x44 ./board/board.o
 .text.CLOCK_GetDiv
                0x600095d0       0x44 ./board/board.o
 .text.CLOCK_GetOscFreq
                0x60009614       0x30 ./board/board.o
 .text.BOARD_DebugConsoleSrcFreq
                0x60009644       0x64 ./board/board.o
                0x60009644                BOARD_DebugConsoleSrcFreq
 .text.BOARD_ConfigMPU
                0x600096a8      0x330 ./board/board.o
                0x600096a8                BOARD_ConfigMPU
 .text.CLOCK_SetMux
                0x600099d8       0x9c ./board/clock_config.o
 .text.CLOCK_SetDiv
                0x60009a74       0x9c ./board/clock_config.o
 .text.CLOCK_ControlGate
                0x60009b10       0x60 ./board/clock_config.o
 .text.CLOCK_SetXtalFreq
                0x60009b70       0x20 ./board/clock_config.o
 .text.CLOCK_SetRtcXtalFreq
                0x60009b90       0x20 ./board/clock_config.o
 .text.IOMUXC_MQSConfig
                0x60009bb0       0x44 ./board/clock_config.o
 .text.BOARD_BootClockRUN
                0x60009bf4      0x6d0 ./board/clock_config.o
                0x60009bf4                BOARD_BootClockRUN
 .text.CLOCK_SetMux
                0x6000a2c4       0x9c ./board/hardware_init.o
 .text.CLOCK_SetDiv
                0x6000a360       0x9c ./board/hardware_init.o
 .text.DMAMUX_EnableChannel
                0x6000a3fc       0x38 ./board/hardware_init.o
 .text.DMAMUX_SetSource
                0x6000a434       0x44 ./board/hardware_init.o
 .text.BOARD_EnableSaiMclkOutput
                0x6000a478       0x3c ./board/hardware_init.o
                0x6000a478                BOARD_EnableSaiMclkOutput
 .text.BOARD_InitHardware
                0x6000a4b4       0x98 ./board/hardware_init.o
                0x6000a4b4                BOARD_InitHardware
 .text.CLOCK_ControlGate
                0x6000a54c       0x60 ./board/pin_mux.o
 .text.BOARD_InitDebugConsolePins
                0x6000a5ac       0x78 ./board/pin_mux.o
                0x6000a5ac                BOARD_InitDebugConsolePins
 .text.BOARD_InitWM8962Pins
                0x6000a624      0x18c ./board/pin_mux.o
                0x6000a624                BOARD_InitWM8962Pins
 .text._initio  0x6000a7b0       0x78 /usr/local/mcuxpressoide-24.12.148/ide/plugins/com.nxp.mcuxpresso.tools.linux_24.12.0.202407110909/tools/bin/../lib/gcc/arm-none-eabi/13.2.1/../../../../arm-none-eabi/lib/thumb/v7e-m+dp/hard/libcr_c.a(initio.o)
                0x6000a7b0                _initio
 .text._Cwritebuf
                0x6000a828       0x6c /usr/local/mcuxpressoide-24.12.148/ide/plugins/com.nxp.mcuxpresso.tools.linux_24.12.0.202407110909/tools/bin/../lib/gcc/arm-none-eabi/13.2.1/../../../../arm-none-eabi/lib/thumb/v7e-m+dp/hard/libcr_c.a(_writebuf.o)
                0x6000a828                _Cwritebuf
 .text.fflush   0x6000a894       0x3c /usr/local/mcuxpressoide-24.12.148/ide/plugins/com.nxp.mcuxpresso.tools.linux_24.12.0.202407110909/tools/bin/../lib/gcc/arm-none-eabi/13.2.1/../../../../arm-none-eabi/lib/thumb/v7e-m+dp/hard/libcr_c.a(fflush.o)
                0x6000a894                fflush
 .text.fseek    0x6000a8d0       0xf8 /usr/local/mcuxpressoide-24.12.148/ide/plugins/com.nxp.mcuxpresso.tools.linux_24.12.0.202407110909/tools/bin/../lib/gcc/arm-none-eabi/13.2.1/../../../../arm-none-eabi/lib/thumb/v7e-m+dp/hard/libcr_c.a(fseek.o)
                0x6000a8d0                fseek
 .text.ftell    0x6000a9c8       0x44 /usr/local/mcuxpressoide-24.12.148/ide/plugins/com.nxp.mcuxpresso.tools.linux_24.12.0.202407110909/tools/bin/../lib/gcc/arm-none-eabi/13.2.1/../../../../arm-none-eabi/lib/thumb/v7e-m+dp/hard/libcr_c.a(ftell.o)
                0x6000a9c8                ftell
 .text.DbgConsole_Printf
                0x6000aa0c       0x2c ./utilities/debug_console_lite/fsl_debug_console.o
                0x6000aa0c                DbgConsole_Printf
 .text.DbgConsole_PrintfPaddingCharacter
                0x6000aa38       0x40 ./utilities/debug_console_lite/fsl_debug_console.o
 .text.DbgConsole_ConvertRadixNumToString
                0x6000aa78       0xc2 ./utilities/debug_console_lite/fsl_debug_console.o
 .text.fsl_assert_hook
                0x6000ab3a       0x1a ./utilities/fsl_assert.o
                0x6000ab3a                fsl_assert_hook
 .text.DMA0_DMA16_IRQHandler
                0x6000ab54        0x8 ./startup/startup_mimxrt1062.o
                0x6000ab54                DMA0_DMA16_IRQHandler
 .text.DMA1_DMA17_IRQHandler
                0x6000ab5c        0x8 ./startup/startup_mimxrt1062.o
                0x6000ab5c                DMA1_DMA17_IRQHandler
 .text.DMA2_DMA18_IRQHandler
                0x6000ab64        0x8 ./startup/startup_mimxrt1062.o
                0x6000ab64                DMA2_DMA18_IRQHandler
 .text.DMA3_DMA19_IRQHandler
                0x6000ab6c        0x8 ./startup/startup_mimxrt1062.o
                0x6000ab6c                DMA3_DMA19_IRQHandler
 .text.DMA4_DMA20_IRQHandler
                0x6000ab74        0x8 ./startup/startup_mimxrt1062.o
                0x6000ab74                DMA4_DMA20_IRQHandler
 .text.DMA5_DMA21_IRQHandler
                0x6000ab7c        0x8 ./startup/startup_mimxrt1062.o
                0x6000ab7c                DMA5_DMA21_IRQHandler
 .text.DMA6_DMA22_IRQHandler
                0x6000ab84        0x8 ./startup/startup_mimxrt1062.o
                0x6000ab84                DMA6_DMA22_IRQHandler
 .text.DMA7_DMA23_IRQHandler
                0x6000ab8c        0x8 ./startup/startup_mimxrt1062.o
                0x6000ab8c                DMA7_DMA23_IRQHandler
 .text.DMA8_DMA24_IRQHandler
                0x6000ab94        0x8 ./startup/startup_mimxrt1062.o
                0x6000ab94                DMA8_DMA24_IRQHandler
 .text.DMA9_DMA25_IRQHandler
                0x6000ab9c        0x8 ./startup/startup_mimxrt1062.o
                0x6000ab9c                DMA9_DMA25_IRQHandler
 .text.DMA10_DMA26_IRQHandler
                0x6000aba4        0x8 ./startup/startup_mimxrt1062.o
                0x6000aba4                DMA10_DMA26_IRQHandler
 .text.DMA11_DMA27_IRQHandler
                0x6000abac        0x8 ./startup/startup_mimxrt1062.o
                0x6000abac                DMA11_DMA27_IRQHandler
 .text.DMA12_DMA28_IRQHandler
                0x6000abb4        0x8 ./startup/startup_mimxrt1062.o
                0x6000abb4                DMA12_DMA28_IRQHandler
 .text.DMA13_DMA29_IRQHandler
                0x6000abbc        0x8 ./startup/startup_mimxrt1062.o
                0x6000abbc                DMA13_DMA29_IRQHandler
 .text.DMA14_DMA30_IRQHandler
                0x6000abc4        0x8 ./startup/startup_mimxrt1062.o
                0x6000abc4                DMA14_DMA30_IRQHandler
 .text.DMA15_DMA31_IRQHandler
                0x6000abcc        0x8 ./startup/startup_mimxrt1062.o
                0x6000abcc                DMA15_DMA31_IRQHandler
 .text.DMA_ERROR_IRQHandler
                0x6000abd4        0x8 ./startup/startup_mimxrt1062.o
                0x6000abd4                DMA_ERROR_IRQHandler
 .text.CTI0_ERROR_IRQHandler
                0x6000abdc        0x8 ./startup/startup_mimxrt1062.o
                0x6000abdc                CTI0_ERROR_IRQHandler
 .text.CTI1_ERROR_IRQHandler
                0x6000abe4        0x8 ./startup/startup_mimxrt1062.o
                0x6000abe4                CTI1_ERROR_IRQHandler
 .text.CORE_IRQHandler
                0x6000abec        0x8 ./startup/startup_mimxrt1062.o
                0x6000abec                CORE_IRQHandler
 .text.LPUART1_IRQHandler
                0x6000abf4        0x8 ./startup/startup_mimxrt1062.o
                0x6000abf4                LPUART1_IRQHandler
 .text.LPUART2_IRQHandler
                0x6000abfc        0x8 ./startup/startup_mimxrt1062.o
                0x6000abfc                LPUART2_IRQHandler
 .text.LPUART3_IRQHandler
                0x6000ac04        0x8 ./startup/startup_mimxrt1062.o
                0x6000ac04                LPUART3_IRQHandler
 .text.LPUART4_IRQHandler
                0x6000ac0c        0x8 ./startup/startup_mimxrt1062.o
                0x6000ac0c                LPUART4_IRQHandler
 .text.LPUART5_IRQHandler
                0x6000ac14        0x8 ./startup/startup_mimxrt1062.o
                0x6000ac14                LPUART5_IRQHandler
 .text.LPUART6_IRQHandler
                0x6000ac1c        0x8 ./startup/startup_mimxrt1062.o
                0x6000ac1c                LPUART6_IRQHandler
 .text.LPUART7_IRQHandler
                0x6000ac24        0x8 ./startup/startup_mimxrt1062.o
                0x6000ac24                LPUART7_IRQHandler
 .text.LPUART8_IRQHandler
                0x6000ac2c        0x8 ./startup/startup_mimxrt1062.o
                0x6000ac2c                LPUART8_IRQHandler
 .text.LPI2C1_IRQHandler
                0x6000ac34        0x8 ./startup/startup_mimxrt1062.o
                0x6000ac34                LPI2C1_IRQHandler
 .text.LPI2C2_IRQHandler
                0x6000ac3c        0x8 ./startup/startup_mimxrt1062.o
                0x6000ac3c                LPI2C2_IRQHandler
 .text.LPI2C3_IRQHandler
                0x6000ac44        0x8 ./startup/startup_mimxrt1062.o
                0x6000ac44                LPI2C3_IRQHandler
 .text.LPI2C4_IRQHandler
                0x6000ac4c        0x8 ./startup/startup_mimxrt1062.o
                0x6000ac4c                LPI2C4_IRQHandler
 .text.LPSPI1_IRQHandler
                0x6000ac54        0x8 ./startup/startup_mimxrt1062.o
                0x6000ac54                LPSPI1_IRQHandler
 .text.LPSPI2_IRQHandler
                0x6000ac5c        0x8 ./startup/startup_mimxrt1062.o
                0x6000ac5c                LPSPI2_IRQHandler
 .text.LPSPI3_IRQHandler
                0x6000ac64        0x8 ./startup/startup_mimxrt1062.o
                0x6000ac64                LPSPI3_IRQHandler
 .text.LPSPI4_IRQHandler
                0x6000ac6c        0x8 ./startup/startup_mimxrt1062.o
                0x6000ac6c                LPSPI4_IRQHandler
 .text.CAN1_IRQHandler
                0x6000ac74        0x8 ./startup/startup_mimxrt1062.o
                0x6000ac74                CAN1_IRQHandler
 .text.CAN2_IRQHandler
                0x6000ac7c        0x8 ./startup/startup_mimxrt1062.o
                0x6000ac7c                CAN2_IRQHandler
 .text.FLEXRAM_IRQHandler
                0x6000ac84        0x8 ./startup/startup_mimxrt1062.o
                0x6000ac84                FLEXRAM_IRQHandler
 .text.KPP_IRQHandler
                0x6000ac8c        0x8 ./startup/startup_mimxrt1062.o
                0x6000ac8c                KPP_IRQHandler
 .text.TSC_DIG_IRQHandler
                0x6000ac94        0x8 ./startup/startup_mimxrt1062.o
                0x6000ac94                TSC_DIG_IRQHandler
 .text.GPR_IRQ_IRQHandler
                0x6000ac9c        0x8 ./startup/startup_mimxrt1062.o
                0x6000ac9c                GPR_IRQ_IRQHandler
 .text.LCDIF_IRQHandler
                0x6000aca4        0x8 ./startup/startup_mimxrt1062.o
                0x6000aca4                LCDIF_IRQHandler
 .text.CSI_IRQHandler
                0x6000acac        0x8 ./startup/startup_mimxrt1062.o
                0x6000acac                CSI_IRQHandler
 .text.PXP_IRQHandler
                0x6000acb4        0x8 ./startup/startup_mimxrt1062.o
                0x6000acb4                PXP_IRQHandler
 .text.WDOG2_IRQHandler
                0x6000acbc        0x8 ./startup/startup_mimxrt1062.o
                0x6000acbc                WDOG2_IRQHandler
 .text.SNVS_HP_WRAPPER_IRQHandler
                0x6000acc4        0x8 ./startup/startup_mimxrt1062.o
                0x6000acc4                SNVS_HP_WRAPPER_IRQHandler
 .text.SNVS_HP_WRAPPER_TZ_IRQHandler
                0x6000accc        0x8 ./startup/startup_mimxrt1062.o
                0x6000accc                SNVS_HP_WRAPPER_TZ_IRQHandler
 .text.SNVS_LP_WRAPPER_IRQHandler
                0x6000acd4        0x8 ./startup/startup_mimxrt1062.o
                0x6000acd4                SNVS_LP_WRAPPER_IRQHandler
 .text.CSU_IRQHandler
                0x6000acdc        0x8 ./startup/startup_mimxrt1062.o
                0x6000acdc                CSU_IRQHandler
 .text.DCP_IRQHandler
                0x6000ace4        0x8 ./startup/startup_mimxrt1062.o
                0x6000ace4                DCP_IRQHandler
 .text.DCP_VMI_IRQHandler
                0x6000acec        0x8 ./startup/startup_mimxrt1062.o
                0x6000acec                DCP_VMI_IRQHandler
 .text.Reserved68_IRQHandler
                0x6000acf4        0x8 ./startup/startup_mimxrt1062.o
                0x6000acf4                Reserved68_IRQHandler
 .text.TRNG_IRQHandler
                0x6000acfc        0x8 ./startup/startup_mimxrt1062.o
                0x6000acfc                TRNG_IRQHandler
 .text.SJC_IRQHandler
                0x6000ad04        0x8 ./startup/startup_mimxrt1062.o
                0x6000ad04                SJC_IRQHandler
 .text.BEE_IRQHandler
                0x6000ad0c        0x8 ./startup/startup_mimxrt1062.o
                0x6000ad0c                BEE_IRQHandler
 .text.SAI1_IRQHandler
                0x6000ad14        0x8 ./startup/startup_mimxrt1062.o
                0x6000ad14                SAI1_IRQHandler
 .text.SAI2_IRQHandler
                0x6000ad1c        0x8 ./startup/startup_mimxrt1062.o
                0x6000ad1c                SAI2_IRQHandler
 .text.SAI3_RX_IRQHandler
                0x6000ad24        0x8 ./startup/startup_mimxrt1062.o
                0x6000ad24                SAI3_RX_IRQHandler
 .text.SAI3_TX_IRQHandler
                0x6000ad2c        0x8 ./startup/startup_mimxrt1062.o
                0x6000ad2c                SAI3_TX_IRQHandler
 .text.SPDIF_IRQHandler
                0x6000ad34        0x8 ./startup/startup_mimxrt1062.o
                0x6000ad34                SPDIF_IRQHandler
 .text.PMU_EVENT_IRQHandler
                0x6000ad3c        0x8 ./startup/startup_mimxrt1062.o
                0x6000ad3c                PMU_EVENT_IRQHandler
 .text.Reserved78_IRQHandler
                0x6000ad44        0x8 ./startup/startup_mimxrt1062.o
                0x6000ad44                Reserved78_IRQHandler
 .text.TEMP_LOW_HIGH_IRQHandler
                0x6000ad4c        0x8 ./startup/startup_mimxrt1062.o
                0x6000ad4c                TEMP_LOW_HIGH_IRQHandler
 .text.TEMP_PANIC_IRQHandler
                0x6000ad54        0x8 ./startup/startup_mimxrt1062.o
                0x6000ad54                TEMP_PANIC_IRQHandler
 .text.USB_PHY1_IRQHandler
                0x6000ad5c        0x8 ./startup/startup_mimxrt1062.o
                0x6000ad5c                USB_PHY1_IRQHandler
 .text.USB_PHY2_IRQHandler
                0x6000ad64        0x8 ./startup/startup_mimxrt1062.o
                0x6000ad64                USB_PHY2_IRQHandler
 .text.ADC1_IRQHandler
                0x6000ad6c        0x8 ./startup/startup_mimxrt1062.o
                0x6000ad6c                ADC1_IRQHandler
 .text.ADC2_IRQHandler
                0x6000ad74        0x8 ./startup/startup_mimxrt1062.o
                0x6000ad74                ADC2_IRQHandler
 .text.DCDC_IRQHandler
                0x6000ad7c        0x8 ./startup/startup_mimxrt1062.o
                0x6000ad7c                DCDC_IRQHandler
 .text.Reserved86_IRQHandler
                0x6000ad84        0x8 ./startup/startup_mimxrt1062.o
                0x6000ad84                Reserved86_IRQHandler
 .text.GPIO10_Combined_0_31_IRQHandler
                0x6000ad8c        0x8 ./startup/startup_mimxrt1062.o
                0x6000ad8c                GPIO10_Combined_0_31_IRQHandler
 .text.GPIO1_INT0_IRQHandler
                0x6000ad94        0x8 ./startup/startup_mimxrt1062.o
                0x6000ad94                GPIO1_INT0_IRQHandler
 .text.GPIO1_INT1_IRQHandler
                0x6000ad9c        0x8 ./startup/startup_mimxrt1062.o
                0x6000ad9c                GPIO1_INT1_IRQHandler
 .text.GPIO1_INT2_IRQHandler
                0x6000ada4        0x8 ./startup/startup_mimxrt1062.o
                0x6000ada4                GPIO1_INT2_IRQHandler
 .text.GPIO1_INT3_IRQHandler
                0x6000adac        0x8 ./startup/startup_mimxrt1062.o
                0x6000adac                GPIO1_INT3_IRQHandler
 .text.GPIO1_INT4_IRQHandler
                0x6000adb4        0x8 ./startup/startup_mimxrt1062.o
                0x6000adb4                GPIO1_INT4_IRQHandler
 .text.GPIO1_INT5_IRQHandler
                0x6000adbc        0x8 ./startup/startup_mimxrt1062.o
                0x6000adbc                GPIO1_INT5_IRQHandler
 .text.GPIO1_INT6_IRQHandler
                0x6000adc4        0x8 ./startup/startup_mimxrt1062.o
                0x6000adc4                GPIO1_INT6_IRQHandler
 .text.GPIO1_INT7_IRQHandler
                0x6000adcc        0x8 ./startup/startup_mimxrt1062.o
                0x6000adcc                GPIO1_INT7_IRQHandler
 .text.GPIO1_Combined_0_15_IRQHandler
                0x6000add4        0x8 ./startup/startup_mimxrt1062.o
                0x6000add4                GPIO1_Combined_0_15_IRQHandler
 .text.GPIO1_Combined_16_31_IRQHandler
                0x6000addc        0x8 ./startup/startup_mimxrt1062.o
                0x6000addc                GPIO1_Combined_16_31_IRQHandler
 .text.GPIO2_Combined_0_15_IRQHandler
                0x6000ade4        0x8 ./startup/startup_mimxrt1062.o
                0x6000ade4                GPIO2_Combined_0_15_IRQHandler
 .text.GPIO2_Combined_16_31_IRQHandler
                0x6000adec        0x8 ./startup/startup_mimxrt1062.o
                0x6000adec                GPIO2_Combined_16_31_IRQHandler
 .text.GPIO3_Combined_0_15_IRQHandler
                0x6000adf4        0x8 ./startup/startup_mimxrt1062.o
                0x6000adf4                GPIO3_Combined_0_15_IRQHandler
 .text.GPIO3_Combined_16_31_IRQHandler
                0x6000adfc        0x8 ./startup/startup_mimxrt1062.o
                0x6000adfc                GPIO3_Combined_16_31_IRQHandler
 .text.GPIO4_Combined_0_15_IRQHandler
                0x6000ae04        0x8 ./startup/startup_mimxrt1062.o
                0x6000ae04                GPIO4_Combined_0_15_IRQHandler
 .text.GPIO4_Combined_16_31_IRQHandler
                0x6000ae0c        0x8 ./startup/startup_mimxrt1062.o
                0x6000ae0c                GPIO4_Combined_16_31_IRQHandler
 .text.GPIO5_Combined_0_15_IRQHandler
                0x6000ae14        0x8 ./startup/startup_mimxrt1062.o
                0x6000ae14                GPIO5_Combined_0_15_IRQHandler
 .text.GPIO5_Combined_16_31_IRQHandler
                0x6000ae1c        0x8 ./startup/startup_mimxrt1062.o
                0x6000ae1c                GPIO5_Combined_16_31_IRQHandler
 .text.FLEXIO1_IRQHandler
                0x6000ae24        0x8 ./startup/startup_mimxrt1062.o
                0x6000ae24                FLEXIO1_IRQHandler
 .text.FLEXIO2_IRQHandler
                0x6000ae2c        0x8 ./startup/startup_mimxrt1062.o
                0x6000ae2c                FLEXIO2_IRQHandler
 .text.WDOG1_IRQHandler
                0x6000ae34        0x8 ./startup/startup_mimxrt1062.o
                0x6000ae34                WDOG1_IRQHandler
 .text.RTWDOG_IRQHandler
                0x6000ae3c        0x8 ./startup/startup_mimxrt1062.o
                0x6000ae3c                RTWDOG_IRQHandler
 .text.EWM_IRQHandler
                0x6000ae44        0x8 ./startup/startup_mimxrt1062.o
                0x6000ae44                EWM_IRQHandler
 .text.CCM_1_IRQHandler
                0x6000ae4c        0x8 ./startup/startup_mimxrt1062.o
                0x6000ae4c                CCM_1_IRQHandler
 .text.CCM_2_IRQHandler
                0x6000ae54        0x8 ./startup/startup_mimxrt1062.o
                0x6000ae54                CCM_2_IRQHandler
 .text.GPC_IRQHandler
                0x6000ae5c        0x8 ./startup/startup_mimxrt1062.o
                0x6000ae5c                GPC_IRQHandler
 .text.SRC_IRQHandler
                0x6000ae64        0x8 ./startup/startup_mimxrt1062.o
                0x6000ae64                SRC_IRQHandler
 .text.Reserved115_IRQHandler
                0x6000ae6c        0x8 ./startup/startup_mimxrt1062.o
                0x6000ae6c                Reserved115_IRQHandler
 .text.GPT1_IRQHandler
                0x6000ae74        0x8 ./startup/startup_mimxrt1062.o
                0x6000ae74                GPT1_IRQHandler
 .text.GPT2_IRQHandler
                0x6000ae7c        0x8 ./startup/startup_mimxrt1062.o
                0x6000ae7c                GPT2_IRQHandler
 .text.PWM1_0_IRQHandler
                0x6000ae84        0x8 ./startup/startup_mimxrt1062.o
                0x6000ae84                PWM1_0_IRQHandler
 .text.PWM1_1_IRQHandler
                0x6000ae8c        0x8 ./startup/startup_mimxrt1062.o
                0x6000ae8c                PWM1_1_IRQHandler
 .text.PWM1_2_IRQHandler
                0x6000ae94        0x8 ./startup/startup_mimxrt1062.o
                0x6000ae94                PWM1_2_IRQHandler
 .text.PWM1_3_IRQHandler
                0x6000ae9c        0x8 ./startup/startup_mimxrt1062.o
                0x6000ae9c                PWM1_3_IRQHandler
 .text.PWM1_FAULT_IRQHandler
                0x6000aea4        0x8 ./startup/startup_mimxrt1062.o
                0x6000aea4                PWM1_FAULT_IRQHandler
 .text.FLEXSPI2_IRQHandler
                0x6000aeac        0x8 ./startup/startup_mimxrt1062.o
                0x6000aeac                FLEXSPI2_IRQHandler
 .text.FLEXSPI_IRQHandler
                0x6000aeb4        0x8 ./startup/startup_mimxrt1062.o
                0x6000aeb4                FLEXSPI_IRQHandler
 .text.SEMC_IRQHandler
                0x6000aebc        0x8 ./startup/startup_mimxrt1062.o
                0x6000aebc                SEMC_IRQHandler
 .text.USDHC1_IRQHandler
                0x6000aec4        0x8 ./startup/startup_mimxrt1062.o
                0x6000aec4                USDHC1_IRQHandler
 .text.USDHC2_IRQHandler
                0x6000aecc        0x8 ./startup/startup_mimxrt1062.o
                0x6000aecc                USDHC2_IRQHandler
 .text.USB_OTG2_IRQHandler
                0x6000aed4        0x8 ./startup/startup_mimxrt1062.o
                0x6000aed4                USB_OTG2_IRQHandler
 .text.USB_OTG1_IRQHandler
                0x6000aedc        0x8 ./startup/startup_mimxrt1062.o
                0x6000aedc                USB_OTG1_IRQHandler
 .text.ENET_IRQHandler
                0x6000aee4        0x8 ./startup/startup_mimxrt1062.o
                0x6000aee4                ENET_IRQHandler
 .text.ENET_1588_Timer_IRQHandler
                0x6000aeec        0x8 ./startup/startup_mimxrt1062.o
                0x6000aeec                ENET_1588_Timer_IRQHandler
 .text.XBAR1_IRQ_0_1_IRQHandler
                0x6000aef4        0x8 ./startup/startup_mimxrt1062.o
                0x6000aef4                XBAR1_IRQ_0_1_IRQHandler
 .text.XBAR1_IRQ_2_3_IRQHandler
                0x6000aefc        0x8 ./startup/startup_mimxrt1062.o
                0x6000aefc                XBAR1_IRQ_2_3_IRQHandler
 .text.ADC_ETC_IRQ0_IRQHandler
                0x6000af04        0x8 ./startup/startup_mimxrt1062.o
                0x6000af04                ADC_ETC_IRQ0_IRQHandler
 .text.ADC_ETC_IRQ1_IRQHandler
                0x6000af0c        0x8 ./startup/startup_mimxrt1062.o
                0x6000af0c                ADC_ETC_IRQ1_IRQHandler
 .text.ADC_ETC_IRQ2_IRQHandler
                0x6000af14        0x8 ./startup/startup_mimxrt1062.o
                0x6000af14                ADC_ETC_IRQ2_IRQHandler
 .text.ADC_ETC_ERROR_IRQ_IRQHandler
                0x6000af1c        0x8 ./startup/startup_mimxrt1062.o
                0x6000af1c                ADC_ETC_ERROR_IRQ_IRQHandler
 .text.PIT_IRQHandler
                0x6000af24        0x8 ./startup/startup_mimxrt1062.o
                0x6000af24                PIT_IRQHandler
 .text.ACMP1_IRQHandler
                0x6000af2c        0x8 ./startup/startup_mimxrt1062.o
                0x6000af2c                ACMP1_IRQHandler
 .text.ACMP2_IRQHandler
                0x6000af34        0x8 ./startup/startup_mimxrt1062.o
                0x6000af34                ACMP2_IRQHandler
 .text.ACMP3_IRQHandler
                0x6000af3c        0x8 ./startup/startup_mimxrt1062.o
                0x6000af3c                ACMP3_IRQHandler
 .text.ACMP4_IRQHandler
                0x6000af44        0x8 ./startup/startup_mimxrt1062.o
                0x6000af44                ACMP4_IRQHandler
 .text.Reserved143_IRQHandler
                0x6000af4c        0x8 ./startup/startup_mimxrt1062.o
                0x6000af4c                Reserved143_IRQHandler
 .text.Reserved144_IRQHandler
                0x6000af54        0x8 ./startup/startup_mimxrt1062.o
                0x6000af54                Reserved144_IRQHandler
 .text.ENC1_IRQHandler
                0x6000af5c        0x8 ./startup/startup_mimxrt1062.o
                0x6000af5c                ENC1_IRQHandler
 .text.ENC2_IRQHandler
                0x6000af64        0x8 ./startup/startup_mimxrt1062.o
                0x6000af64                ENC2_IRQHandler
 .text.ENC3_IRQHandler
                0x6000af6c        0x8 ./startup/startup_mimxrt1062.o
                0x6000af6c                ENC3_IRQHandler
 .text.ENC4_IRQHandler
                0x6000af74        0x8 ./startup/startup_mimxrt1062.o
                0x6000af74                ENC4_IRQHandler
 .text.TMR1_IRQHandler
                0x6000af7c        0x8 ./startup/startup_mimxrt1062.o
                0x6000af7c                TMR1_IRQHandler
 .text.TMR2_IRQHandler
                0x6000af84        0x8 ./startup/startup_mimxrt1062.o
                0x6000af84                TMR2_IRQHandler
 .text.TMR3_IRQHandler
                0x6000af8c        0x8 ./startup/startup_mimxrt1062.o
                0x6000af8c                TMR3_IRQHandler
 .text.TMR4_IRQHandler
                0x6000af94        0x8 ./startup/startup_mimxrt1062.o
                0x6000af94                TMR4_IRQHandler
 .text.PWM2_0_IRQHandler
                0x6000af9c        0x8 ./startup/startup_mimxrt1062.o
                0x6000af9c                PWM2_0_IRQHandler
 .text.PWM2_1_IRQHandler
                0x6000afa4        0x8 ./startup/startup_mimxrt1062.o
                0x6000afa4                PWM2_1_IRQHandler
 .text.PWM2_2_IRQHandler
                0x6000afac        0x8 ./startup/startup_mimxrt1062.o
                0x6000afac                PWM2_2_IRQHandler
 .text.PWM2_3_IRQHandler
                0x6000afb4        0x8 ./startup/startup_mimxrt1062.o
                0x6000afb4                PWM2_3_IRQHandler
 .text.PWM2_FAULT_IRQHandler
                0x6000afbc        0x8 ./startup/startup_mimxrt1062.o
                0x6000afbc                PWM2_FAULT_IRQHandler
 .text.PWM3_0_IRQHandler
                0x6000afc4        0x8 ./startup/startup_mimxrt1062.o
                0x6000afc4                PWM3_0_IRQHandler
 .text.PWM3_1_IRQHandler
                0x6000afcc        0x8 ./startup/startup_mimxrt1062.o
                0x6000afcc                PWM3_1_IRQHandler
 .text.PWM3_2_IRQHandler
                0x6000afd4        0x8 ./startup/startup_mimxrt1062.o
                0x6000afd4                PWM3_2_IRQHandler
 .text.PWM3_3_IRQHandler
                0x6000afdc        0x8 ./startup/startup_mimxrt1062.o
                0x6000afdc                PWM3_3_IRQHandler
 .text.PWM3_FAULT_IRQHandler
                0x6000afe4        0x8 ./startup/startup_mimxrt1062.o
                0x6000afe4                PWM3_FAULT_IRQHandler
 .text.PWM4_0_IRQHandler
                0x6000afec        0x8 ./startup/startup_mimxrt1062.o
                0x6000afec                PWM4_0_IRQHandler
 .text.PWM4_1_IRQHandler
                0x6000aff4        0x8 ./startup/startup_mimxrt1062.o
                0x6000aff4                PWM4_1_IRQHandler
 .text.PWM4_2_IRQHandler
                0x6000affc        0x8 ./startup/startup_mimxrt1062.o
                0x6000affc                PWM4_2_IRQHandler
 .text.PWM4_3_IRQHandler
                0x6000b004        0x8 ./startup/startup_mimxrt1062.o
                0x6000b004                PWM4_3_IRQHandler
 .text.PWM4_FAULT_IRQHandler
                0x6000b00c        0x8 ./startup/startup_mimxrt1062.o
                0x6000b00c                PWM4_FAULT_IRQHandler
 .text.ENET2_IRQHandler
                0x6000b014        0x8 ./startup/startup_mimxrt1062.o
                0x6000b014                ENET2_IRQHandler
 .text.ENET2_1588_Timer_IRQHandler
                0x6000b01c        0x8 ./startup/startup_mimxrt1062.o
                0x6000b01c                ENET2_1588_Timer_IRQHandler
 .text.CAN3_IRQHandler
                0x6000b024        0x8 ./startup/startup_mimxrt1062.o
                0x6000b024                CAN3_IRQHandler
 .text.Reserved171_IRQHandler
                0x6000b02c        0x8 ./startup/startup_mimxrt1062.o
                0x6000b02c                Reserved171_IRQHandler
 .text.FLEXIO3_IRQHandler
                0x6000b034        0x8 ./startup/startup_mimxrt1062.o
                0x6000b034                FLEXIO3_IRQHandler
 .text.GPIO6_7_8_9_IRQHandler
                0x6000b03c        0x8 ./startup/startup_mimxrt1062.o
                0x6000b03c                GPIO6_7_8_9_IRQHandler
 .text.HardFault_Handler
                0x6000b044       0x36 ./source/semihost_hardfault.o
                0x6000b044                HardFault_Handler
 .text.CLOCK_GetRtcFreq
                0x6000b07a       0x12 ./drivers/fsl_clock.o
 .text.CLOCK_IsPllBypassed
                0x6000b08c       0x32 ./drivers/fsl_clock.o
 .text.CLOCK_IsPllEnabled
                0x6000b0be       0x3c ./drivers/fsl_clock.o
 .text.CLOCK_GetPllBypassRefClk
                0x6000b0fa       0x32 ./drivers/fsl_clock.o
 .text.DelayLoop
                0x6000b12c       0x20 ./drivers/fsl_common_arm.o
 .text._SDK_AtomicLocalClearAndSet4Byte
                0x6000b14c       0x50 ./drivers/fsl_dmamux.o
 .text.CLOCK_EnableClock
                0x6000b19c       0x1e ./drivers/fsl_dmamux.o
 .text.DMAMUX_Init
                0x6000b1ba       0x20 ./drivers/fsl_dmamux.o
                0x6000b1ba                DMAMUX_Init
 .text._SDK_AtomicLocalClearAndSet4Byte
                0x6000b1da       0x50 ./drivers/fsl_edma.o
 .text.CLOCK_EnableClock
                0x6000b22a       0x1e ./drivers/fsl_edma.o
 .text.EnableIRQ
                0x6000b248       0x32 ./drivers/fsl_edma.o
 .text.DisableGlobalIRQ
                0x6000b27a       0x22 ./drivers/fsl_edma.o
 .text.EnableGlobalIRQ
                0x6000b29c       0x20 ./drivers/fsl_edma.o
 .text.EDMA_AbortTransfer
                0x6000b2bc       0x96 ./drivers/fsl_edma.o
                0x6000b2bc                EDMA_AbortTransfer
 .text._SDK_AtomicLocalClearAndSet4Byte
                0x6000b352       0x50 ./drivers/fsl_lpi2c.o
 .text.CLOCK_EnableClock
                0x6000b3a2       0x1e ./drivers/fsl_lpi2c.o
 .text.LPI2C_MasterReset
                0x6000b3c0       0x20 ./drivers/fsl_lpi2c.o
 .text.LPI2C_MasterEnable
                0x6000b3e0       0x28 ./drivers/fsl_lpi2c.o
 .text.LPI2C_MasterGetStatusFlags
                0x6000b408       0x18 ./drivers/fsl_lpi2c.o
 .text.LPI2C_MasterClearStatusFlags
                0x6000b420       0x1c ./drivers/fsl_lpi2c.o
 .text.LPI2C_MasterSetWatermarks
                0x6000b43c       0x2c ./drivers/fsl_lpi2c.o
 .text.LPI2C_MasterGetFifoCounts
                0x6000b468       0x3e ./drivers/fsl_lpi2c.o
 .text.LPI2C_SlaveEnable
                0x6000b4a6       0x2c ./drivers/fsl_lpi2c.o
 .text.LPI2C_MasterCheckAndClearError
                0x6000b4d2       0x9c ./drivers/fsl_lpi2c.o
                0x6000b4d2                LPI2C_MasterCheckAndClearError
 .text.LPI2C_MasterWaitForTxReady
                0x6000b56e       0x52 ./drivers/fsl_lpi2c.o
 .text.LPI2C_CheckForBusyBus
                0x6000b5c0       0x38 ./drivers/fsl_lpi2c.o
                0x6000b5c0                LPI2C_CheckForBusyBus
 .text.LPI2C_MasterStop
                0x6000b5f8       0x62 ./drivers/fsl_lpi2c.o
                0x6000b5f8                LPI2C_MasterStop
 .text._SDK_AtomicLocalClearAndSet4Byte
                0x6000b65a       0x50 ./drivers/fsl_lpuart.o
 .text.CLOCK_EnableClock
                0x6000b6aa       0x1e ./drivers/fsl_lpuart.o
 .text.LPUART_SoftwareReset
                0x6000b6c8       0x2c ./drivers/fsl_lpuart.o
 .text._SDK_AtomicLocalClearAndSet4Byte
                0x6000b6f4       0x50 ./drivers/fsl_sai.o
 .text.CLOCK_EnableClock
                0x6000b744       0x1e ./drivers/fsl_sai.o
 .text.SAI_TxClearStatusFlags
                0x6000b762       0x26 ./drivers/fsl_sai.o
 .text.SAI_RxClearStatusFlags
                0x6000b788       0x2a ./drivers/fsl_sai.o
 .text.SAI_RxGetEnabledInterruptStatus
                0x6000b7b2       0x40 ./drivers/fsl_sai.o
 .text.SAI_TxGetEnabledInterruptStatus
                0x6000b7f2       0x3e ./drivers/fsl_sai.o
 .text.SAI_TxReset
                0x6000b830       0x46 ./drivers/fsl_sai.o
                0x6000b830                SAI_TxReset
 .text.SAI_RxReset
                0x6000b876       0x56 ./drivers/fsl_sai.o
                0x6000b876                SAI_RxReset
 .text.SAI_GetClassicI2SConfig
                0x6000b8cc       0x26 ./drivers/fsl_sai.o
                0x6000b8cc                SAI_GetClassicI2SConfig
 .text.SAI_TxEnableDMA
                0x6000b8f2       0x44 ./drivers/fsl_sai_edma.o
 .text.SAI_RxEnableDMA
                0x6000b936       0x4c ./drivers/fsl_sai_edma.o
 .text.SAI_TxGetDataRegisterAddress
                0x6000b982       0x20 ./drivers/fsl_sai_edma.o
 .text.SAI_RxGetDataRegisterAddress
                0x6000b9a2       0x20 ./drivers/fsl_sai_edma.o
 .text.SAI_TxEDMACallback
                0x6000b9c2      0x10c ./drivers/fsl_sai_edma.o
 .text.SAI_RxEDMACallback
                0x6000bace      0x10c ./drivers/fsl_sai_edma.o
 .text.SystemInitHook
                0x6000bbda        0xe ./device/system_MIMXRT1062.o
                0x6000bbda                SystemInitHook
 .text.HAL_UartGetStatus
                0x6000bbe8       0x28 ./component/uart/fsl_adapter_lpuart.o
 .text.CODEC_I2C_Init
                0x6000bc10       0x36 ./codec/fsl_codec_i2c.o
                0x6000bc10                CODEC_I2C_Init
 .text.CODEC_I2C_Send
                0x6000bc46       0x4e ./codec/fsl_codec_i2c.o
                0x6000bc46                CODEC_I2C_Send
 .text.CODEC_I2C_Receive
                0x6000bc94       0x4e ./codec/fsl_codec_i2c.o
                0x6000bc94                CODEC_I2C_Receive
 .text.CS42448_SelectFunctionalMode
                0x6000bce2       0x4a ./codec/fsl_cs42448.o
                0x6000bce2                CS42448_SelectFunctionalMode
 .text.CS42448_Reset
                0x6000bd2c       0x2c ./codec/fsl_cs42448.o
 .text.CS42448_SetAOUTVolume
                0x6000bd58       0x44 ./codec/fsl_cs42448.o
                0x6000bd58                CS42448_SetAOUTVolume
 .text.CS42448_SetAINVolume
                0x6000bd9c       0x44 ./codec/fsl_cs42448.o
                0x6000bd9c                CS42448_SetAINVolume
 .text.CS42448_ModifyReg
                0x6000bde0       0x64 ./codec/fsl_cs42448.o
                0x6000bde0                CS42448_ModifyReg
 .text.WM8962_GCD_FLL
                0x6000be44       0x3e ./codec/fsl_wm8962.o
 .text.WM8962_GetClockDivider
                0x6000be82       0x50 ./codec/fsl_wm8962.o
 .text.WM8962_SetProtocol
                0x6000bed2       0x7c ./codec/fsl_wm8962.o
                0x6000bed2                WM8962_SetProtocol
 .text.WM8962_SetDataRoute
                0x6000bf4e      0x190 ./codec/fsl_wm8962.o
                0x6000bf4e                WM8962_SetDataRoute
 .text.WM8962_WriteReg
                0x6000c0de       0x42 ./codec/fsl_wm8962.o
                0x6000c0de                WM8962_WriteReg
 .text.WM8962_ReadReg
                0x6000c120       0x52 ./codec/fsl_wm8962.o
                0x6000c120                WM8962_ReadReg
 .text.WM8962_ModifyReg
                0x6000c172       0x76 ./codec/fsl_wm8962.o
                0x6000c172                WM8962_ModifyReg
 .text.BOARD_InitDebugConsole
                0x6000c1e8       0x22 ./board/board.o
                0x6000c1e8                BOARD_InitDebugConsole
 .text._SDK_AtomicLocalClearAndSet4Byte
                0x6000c20a       0x50 ./board/clock_config.o
 .text.CLOCK_DisableClock
                0x6000c25a       0x1e ./board/clock_config.o
 .text.CLOCK_SetPllBypass
                0x6000c278       0x4e ./board/clock_config.o
 .text.IOMUXC_SetSaiMClkClockSource
                0x6000c2c6       0x6c ./board/clock_config.o
 .text._SDK_AtomicLocalClearAndSet4Byte
                0x6000c332       0x50 ./board/pin_mux.o
 .text.CLOCK_EnableClock
                0x6000c382       0x1e ./board/pin_mux.o
 .text.IOMUXC_SetPinMux
                0x6000c3a0       0x3a ./board/pin_mux.o
 .text.IOMUXC_SetPinConfig
                0x6000c3da       0x26 ./board/pin_mux.o
 .text.BOARD_InitBootPins
                0x6000c400        0xc ./board/pin_mux.o
                0x6000c400                BOARD_InitBootPins
 .text.__main   0x6000c40c        0xe /usr/local/mcuxpressoide-24.12.148/ide/plugins/com.nxp.mcuxpresso.tools.linux_24.12.0.202407110909/tools/bin/../lib/gcc/arm-none-eabi/13.2.1/../../../../arm-none-eabi/lib/thumb/v7e-m+dp/hard/libcr_nohost_nf.a(_cr__main.o)
                0x6000c40c                __main
 .text.memset   0x6000c41a        0x4 /usr/local/mcuxpressoide-24.12.148/ide/plugins/com.nxp.mcuxpresso.tools.linux_24.12.0.202407110909/tools/bin/../lib/gcc/arm-none-eabi/13.2.1/../../../../arm-none-eabi/lib/thumb/v7e-m+dp/hard/libcr_c.a(memset.o)
                0x6000c41a                memset
 .text.free     0x6000c41e       0x30 /usr/local/mcuxpressoide-24.12.148/ide/plugins/com.nxp.mcuxpresso.tools.linux_24.12.0.202407110909/tools/bin/../lib/gcc/arm-none-eabi/13.2.1/../../../../arm-none-eabi/lib/thumb/v7e-m+dp/hard/libcr_c.a(alloc.o)
                0x6000c41e                free
 .text.setvbuf  0x6000c44e       0x3e /usr/local/mcuxpressoide-24.12.148/ide/plugins/com.nxp.mcuxpresso.tools.linux_24.12.0.202407110909/tools/bin/../lib/gcc/arm-none-eabi/13.2.1/../../../../arm-none-eabi/lib/thumb/v7e-m+dp/hard/libcr_c.a(setvbuf.o)
                0x6000c44e                setvbuf
 .text.strlen   0x6000c48c       0x4e /usr/local/mcuxpressoide-24.12.148/ide/plugins/com.nxp.mcuxpresso.tools.linux_24.12.0.202407110909/tools/bin/../lib/gcc/arm-none-eabi/13.2.1/../../../../arm-none-eabi/lib/thumb/v7e-m+dp/hard/libcr_c.a(strlen.o)
                0x6000c48c                strlen
 .text._deferredlazyseek
                0x6000c4da       0x40 /usr/local/mcuxpressoide-24.12.148/ide/plugins/com.nxp.mcuxpresso.tools.linux_24.12.0.202407110909/tools/bin/../lib/gcc/arm-none-eabi/13.2.1/../../../../arm-none-eabi/lib/thumb/v7e-m+dp/hard/libcr_c.a(_deferredlazyseek.o)
                0x6000c4da                _deferredlazyseek
 .text._fdopen  0x6000c51a       0x68 /usr/local/mcuxpressoide-24.12.148/ide/plugins/com.nxp.mcuxpresso.tools.linux_24.12.0.202407110909/tools/bin/../lib/gcc/arm-none-eabi/13.2.1/../../../../arm-none-eabi/lib/thumb/v7e-m+dp/hard/libcr_c.a(_fdopen.o)
                0x6000c51a                _fdopen
 .text._fflush  0x6000c582       0x52 /usr/local/mcuxpressoide-24.12.148/ide/plugins/com.nxp.mcuxpresso.tools.linux_24.12.0.202407110909/tools/bin/../lib/gcc/arm-none-eabi/13.2.1/../../../../arm-none-eabi/lib/thumb/v7e-m+dp/hard/libcr_c.a(_fflush.o)
                0x6000c582                _fflush
 .text.fclose   0x6000c5d4       0x58 /usr/local/mcuxpressoide-24.12.148/ide/plugins/com.nxp.mcuxpresso.tools.linux_24.12.0.202407110909/tools/bin/../lib/gcc/arm-none-eabi/13.2.1/../../../../arm-none-eabi/lib/thumb/v7e-m+dp/hard/libcr_c.a(fclose.o)
                0x6000c5d4                fclose
 .text.remove   0x6000c62c       0x14 /usr/local/mcuxpressoide-24.12.148/ide/plugins/com.nxp.mcuxpresso.tools.linux_24.12.0.202407110909/tools/bin/../lib/gcc/arm-none-eabi/13.2.1/../../../../arm-none-eabi/lib/thumb/v7e-m+dp/hard/libcr_c.a(remove.o)
                0x6000c62c                remove
 .text._do_fflush
                0x6000c640       0x40 /usr/local/mcuxpressoide-24.12.148/ide/plugins/com.nxp.mcuxpresso.tools.linux_24.12.0.202407110909/tools/bin/../lib/gcc/arm-none-eabi/13.2.1/../../../../arm-none-eabi/lib/thumb/v7e-m+dp/hard/libcr_c.a(_do_fflush.o)
                0x6000c640                _do_fflush
 .text.__aeabi_division_uldivmod
                0x6000c680      0x174 /usr/local/mcuxpressoide-24.12.148/ide/plugins/com.nxp.mcuxpresso.tools.linux_24.12.0.202407110909/tools/bin/../lib/gcc/arm-none-eabi/13.2.1/thumb/v7e-m+dp/hard/libcr_eabihelpers.a(division_64.o)
                0x6000c680                __aeabi_uldivmod
                0x6000c684                __bhs_ldivmod1
 .text.__aeabi_division_idiv0
                0x6000c7f4        0x2 /usr/local/mcuxpressoide-24.12.148/ide/plugins/com.nxp.mcuxpresso.tools.linux_24.12.0.202407110909/tools/bin/../lib/gcc/arm-none-eabi/13.2.1/thumb/v7e-m+dp/hard/libcr_eabihelpers.a(division_idiv0.o)
                0x6000c7f4                __aeabi_idiv0
 .text.__aeabi_memset_lowlevel
                0x6000c7f6       0x32 /usr/local/mcuxpressoide-24.12.148/ide/plugins/com.nxp.mcuxpresso.tools.linux_24.12.0.202407110909/tools/bin/../lib/gcc/arm-none-eabi/13.2.1/thumb/v7e-m+dp/hard/libcr_eabihelpers.a(memcpy.o)
                0x6000c7f6                __aeabi_lowlevel_memset
 .text.__sys_close
                0x6000c828        0x6 /usr/local/mcuxpressoide-24.12.148/ide/plugins/com.nxp.mcuxpresso.tools.linux_24.12.0.202407110909/tools/bin/../lib/gcc/arm-none-eabi/13.2.1/../../../../arm-none-eabi/lib/thumb/v7e-m+dp/hard/libcr_nohost_nf.a(__sys_close.o)
                0x6000c828                __sys_close
 .text.__sys_flen
                0x6000c82e        0x6 /usr/local/mcuxpressoide-24.12.148/ide/plugins/com.nxp.mcuxpresso.tools.linux_24.12.0.202407110909/tools/bin/../lib/gcc/arm-none-eabi/13.2.1/../../../../arm-none-eabi/lib/thumb/v7e-m+dp/hard/libcr_nohost_nf.a(__sys_flen.o)
                0x6000c82e                __sys_flen
 .text.__sys_istty
                0x6000c834        0x6 /usr/local/mcuxpressoide-24.12.148/ide/plugins/com.nxp.mcuxpresso.tools.linux_24.12.0.202407110909/tools/bin/../lib/gcc/arm-none-eabi/13.2.1/../../../../arm-none-eabi/lib/thumb/v7e-m+dp/hard/libcr_nohost_nf.a(__sys_istty.o)
                0x6000c834                __sys_istty
 .text.__sys_remove
                0x6000c83a        0x6 /usr/local/mcuxpressoide-24.12.148/ide/plugins/com.nxp.mcuxpresso.tools.linux_24.12.0.202407110909/tools/bin/../lib/gcc/arm-none-eabi/13.2.1/../../../../arm-none-eabi/lib/thumb/v7e-m+dp/hard/libcr_nohost_nf.a(__sys_remove.o)
                0x6000c83a                __sys_remove
 .text.__sys_seek
                0x6000c840        0x6 /usr/local/mcuxpressoide-24.12.148/ide/plugins/com.nxp.mcuxpresso.tools.linux_24.12.0.202407110909/tools/bin/../lib/gcc/arm-none-eabi/13.2.1/../../../../arm-none-eabi/lib/thumb/v7e-m+dp/hard/libcr_nohost_nf.a(__sys_seek.o)
                0x6000c840                __sys_seek
 .text.__sys_tmpnam
                0x6000c846        0x6 /usr/local/mcuxpressoide-24.12.148/ide/plugins/com.nxp.mcuxpresso.tools.linux_24.12.0.202407110909/tools/bin/../lib/gcc/arm-none-eabi/13.2.1/../../../../arm-none-eabi/lib/thumb/v7e-m+dp/hard/libcr_nohost_nf.a(__sys_tmpnam.o)
                0x6000c846                __sys_tmpnam
 .text.__sys_write
                0x6000c84c        0x4 /usr/local/mcuxpressoide-24.12.148/ide/plugins/com.nxp.mcuxpresso.tools.linux_24.12.0.202407110909/tools/bin/../lib/gcc/arm-none-eabi/13.2.1/../../../../arm-none-eabi/lib/thumb/v7e-m+dp/hard/libcr_nohost_nf.a(__sys_write.o)
                0x6000c84c                __sys_write
 *(SORT_BY_ALIGNMENT(.rodata) SORT_BY_ALIGNMENT(.rodata.*) SORT_BY_ALIGNMENT(.constdata) SORT_BY_ALIGNMENT(.constdata.*))
 .rodata.__assertion_failed.str1.4
                0x6000c850     0x1e5d ./utilities/fsl_assert.o
                                 0x14 (size before relaxing)
 .rodata.main.str1.4
                0x6000e6ad       0x67 ./source/sai_edma_record_playback.o
 .rodata.CLOCK_InitExternalClk.str1.4
                0x6000e6ad       0x21 ./drivers/fsl_clock.o
 .rodata.CLOCK_GetPllFreq.str1.4
                0x6000e6ad       0x6d ./drivers/fsl_clock.o
 *fill*         0x6000e6ad        0x3 ff
 .rodata.enetRefClkFreq.1
                0x6000e6b0       0x10 ./drivers/fsl_clock.o
 .rodata.SDK_DelayAtLeastUs.str1.4
                0x6000e6c0       0x2b ./drivers/fsl_common_arm.o
 .rodata.CLOCK_ControlGate.str1.4
                0x6000e6c0       0x20 ./drivers/fsl_dmamux.o
 .rodata.DMAMUX_GetInstance.str1.4
                0x6000e6c0       0x37 ./drivers/fsl_dmamux.o
 .rodata.CLOCK_ControlGate.str1.4
                0x6000e6c0       0x20 ./drivers/fsl_edma.o
 .rodata.s_edmaIRQNumber
                0x6000e6c0       0x40 ./drivers/fsl_edma.o
 .rodata.EDMA_GetInstance.str1.4
                0x6000e700       0x33 ./drivers/fsl_edma.o
 .rodata.EDMA_InstallTCD.str1.4
                0x6000e700       0x8e ./drivers/fsl_edma.o
 .rodata.EDMA_Init.str1.4
                0x6000e700       0x20 ./drivers/fsl_edma.o
 .rodata.EDMA_GetDefaultConfig.str1.4
                0x6000e700       0x20 ./drivers/fsl_edma.o
 .rodata.EDMA_SetTransferConfig.str1.4
                0x6000e700       0x9b ./drivers/fsl_edma.o
 .rodata.EDMA_TcdReset.str1.4
                0x6000e700       0x4f ./drivers/fsl_edma.o
 .rodata.EDMA_TcdSetTransferConfig.str1.4
                0x6000e700      0x154 ./drivers/fsl_edma.o
 .rodata.EDMA_TcdSetMinorOffsetConfig.str1.4
                0x6000e700       0x4f ./drivers/fsl_edma.o
 .rodata.EDMA_TcdEnableInterrupts.str1.4
                0x6000e700       0x1d ./drivers/fsl_edma.o
 .rodata.EDMA_GetChannelStatusFlags.str1.4
                0x6000e700       0x45 ./drivers/fsl_edma.o
 .rodata.EDMA_GetInstanceOffset.str1.4
                0x6000e700       0x2e ./drivers/fsl_edma.o
 .rodata.EDMA_CreateHandle.str1.4
                0x6000e700       0x65 ./drivers/fsl_edma.o
 .rodata.EDMA_InstallTCDMemory.str1.4
                0x6000e700       0x53 ./drivers/fsl_edma.o
 .rodata.EDMA_SetCallback.str1.4
                0x6000e700       0x20 ./drivers/fsl_edma.o
 .rodata.EDMA_TransferWidthMapping.str1.4
                0x6000e700       0x17 ./drivers/fsl_edma.o
 .rodata.EDMA_PrepareTransferConfig.str1.4
                0x6000e700      0x1fb ./drivers/fsl_edma.o
 .rodata.EDMA_SubmitTransfer.str1.4
                0x6000e700       0x45 ./drivers/fsl_edma.o
 .rodata.EDMA_StartTransfer.str1.4
                0x6000e700       0x21 ./drivers/fsl_edma.o
 .rodata.EDMA_HandleIRQ.str1.4
                0x6000e700       0x21 ./drivers/fsl_edma.o
 .rodata.CLOCK_ControlGate.str1.4
                0x6000e700       0x20 ./drivers/fsl_lpi2c.o
 .rodata.kLpi2cBases
                0x6000e700       0x14 ./drivers/fsl_lpi2c.o
 .rodata.kLpi2cClocks
                0x6000e714        0xa ./drivers/fsl_lpi2c.o
 .rodata.LPI2C_GetInstance.str1.4
                0x6000e71e       0x35 ./drivers/fsl_lpi2c.o
 .rodata.LPI2C_GetCyclesForWidth.str1.4
                0x6000e71e       0x26 ./drivers/fsl_lpi2c.o
 .rodata.LPI2C_MasterReceive.str1.4
                0x6000e71e       0x21 ./drivers/fsl_lpi2c.o
 .rodata.LPI2C_MasterSend.str1.4
                0x6000e71e       0x21 ./drivers/fsl_lpi2c.o
 .rodata.LPI2C_MasterTransferBlocking.str1.4
                0x6000e71e       0x70 ./drivers/fsl_lpi2c.o
 .rodata.CLOCK_ControlGate.str1.4
                0x6000e71e       0x20 ./drivers/fsl_lpuart.o
 *fill*         0x6000e71e        0x2 ff
 .rodata.s_lpuartBases
                0x6000e720       0x24 ./drivers/fsl_lpuart.o
 .rodata.s_lpuartClock
                0x6000e744       0x12 ./drivers/fsl_lpuart.o
 .rodata.LPUART_GetInstance.str1.4
                0x6000e756       0x38 ./drivers/fsl_lpuart.o
 .rodata.LPUART_Init.str1.4
                0x6000e756      0x10a ./drivers/fsl_lpuart.o
 .rodata.LPUART_GetDefaultConfig.str1.4
                0x6000e756       0x22 ./drivers/fsl_lpuart.o
 .rodata.LPUART_WriteBlocking.str1.4
                0x6000e756       0x21 ./drivers/fsl_lpuart.o
 .rodata.LPUART_ReadBlocking.str1.4
                0x6000e756       0x21 ./drivers/fsl_lpuart.o
 .rodata.CLOCK_ControlGate.str1.4
                0x6000e756       0x20 ./drivers/fsl_sai.o
 *fill*         0x6000e756        0x2 ff
 .rodata.s_saiBases
                0x6000e758       0x10 ./drivers/fsl_sai.o
 .rodata.s_saiClock
                0x6000e768        0x8 ./drivers/fsl_sai.o
 .rodata.SAI_GetInstance.str1.4
                0x6000e770       0x32 ./drivers/fsl_sai.o
 .rodata.SAI_GetCommonConfig.str1.4
                0x6000e770       0x45 ./drivers/fsl_sai.o
 .rodata.SAI_TxSetBitClockRate.str1.4
                0x6000e770       0x2e ./drivers/fsl_sai.o
 .rodata.SAI_RxSetBitClockRate.str1.4
                0x6000e770       0x2e ./drivers/fsl_sai.o
 .rodata.SAI_TxSetBitclockConfig.str1.4
                0x6000e770       0x1f ./drivers/fsl_sai.o
 .rodata.SAI_RxSetBitclockConfig.str1.4
                0x6000e770       0x1f ./drivers/fsl_sai.o
 .rodata.SAI_TxSetFifoConfig.str1.4
                0x6000e770       0x1f ./drivers/fsl_sai.o
 .rodata.SAI_RxSetFifoConfig.str1.4
                0x6000e770       0x1f ./drivers/fsl_sai.o
 .rodata.SAI_TxSetFrameSyncConfig.str1.4
                0x6000e770       0x7f ./drivers/fsl_sai.o
 .rodata.SAI_RxSetFrameSyncConfig.str1.4
                0x6000e770       0x7f ./drivers/fsl_sai.o
 .rodata.SAI_TxSetSerialDataConfig.str1.4
                0x6000e770       0x20 ./drivers/fsl_sai.o
 .rodata.SAI_RxSetSerialDataConfig.str1.4
                0x6000e770       0x20 ./drivers/fsl_sai.o
 .rodata.SAI_TxSetConfig.str1.4
                0x6000e770       0x5c ./drivers/fsl_sai.o
 .rodata.SAI_RxSetConfig.str1.4
                0x6000e770       0x5c ./drivers/fsl_sai.o
 .rodata.SAI3_TX_DriverIRQHandler.str1.4
                0x6000e770       0x2b ./drivers/fsl_sai.o
 .rodata.SAI3_RX_DriverIRQHandler.str1.4
                0x6000e770       0x2b ./drivers/fsl_sai.o
 .rodata.EDMA_TcdEnableAutoStopRequest.str1.4
                0x6000e770       0x4f ./drivers/fsl_sai_edma.o
 .rodata.s_saiBases
                0x6000e770       0x10 ./drivers/fsl_sai_edma.o
 .rodata.SAI_GetInstance.str1.4
                0x6000e780       0x36 ./drivers/fsl_sai_edma.o
 .rodata.SAI_TransferTxCreateHandleEDMA.str1.4
                0x6000e780       0x3f ./drivers/fsl_sai_edma.o
 .rodata.SAI_TransferRxCreateHandleEDMA.str1.4
                0x6000e780       0x3f ./drivers/fsl_sai_edma.o
 .rodata.SAI_TransferTxSetConfigEDMA.str1.4
                0x6000e780      0x12b ./drivers/fsl_sai_edma.o
 .rodata.SAI_TransferRxSetConfigEDMA.str1.4
                0x6000e780      0x12a ./drivers/fsl_sai_edma.o
 .rodata.SAI_TransferSendEDMA.str1.4
                0x6000e780       0x38 ./drivers/fsl_sai_edma.o
 .rodata.SAI_TransferReceiveEDMA.str1.4
                0x6000e780       0x38 ./drivers/fsl_sai_edma.o
 .rodata.s_LpuartAdapterBase
                0x6000e780       0x24 ./component/uart/fsl_adapter_lpuart.o
 .rodata.HAL_UartInit.str1.4
                0x6000e7a4      0x116 ./component/uart/fsl_adapter_lpuart.o
 .rodata.HAL_UartReceiveBlocking.str1.4
                0x6000e7a4       0x7b ./component/uart/fsl_adapter_lpuart.o
 .rodata.HAL_UartSendBlocking.str1.4
                0x6000e7a4       0x7b ./component/uart/fsl_adapter_lpuart.o
 .rodata.s_i2cBases
                0x6000e7a4       0x14 ./component/i2c/fsl_adapter_lpi2c.o
 .rodata.HAL_I2cMasterInit.str1.4
                0x6000e7b8       0x5b ./component/i2c/fsl_adapter_lpi2c.o
 .rodata.HAL_I2cMasterTransferBlocking.str1.4
                0x6000e7b8       0x53 ./component/i2c/fsl_adapter_lpi2c.o
 .rodata.s_wm8962_capability
                0x6000e7b8       0x10 ./codec/port/wm8962/fsl_codec_wm8962_adapter.o
 .rodata.HAL_CODEC_WM8962_Init.str1.4
                0x6000e7c8       0x45 ./codec/port/wm8962/fsl_codec_wm8962_adapter.o
 .rodata.HAL_CODEC_WM8962_SetVolume.str1.4
                0x6000e7c8       0x30 ./codec/port/wm8962/fsl_codec_wm8962_adapter.o
 .rodata.s_cs42448_capability
                0x6000e7c8       0x10 ./codec/port/cs42448/fsl_codec_cs42448_adapter.o
 .rodata.HAL_CODEC_CS42448_Init.str1.4
                0x6000e7d8       0x46 ./codec/port/cs42448/fsl_codec_cs42448_adapter.o
 .rodata.HAL_CODEC_CS42448_SetVolume.str1.4
                0x6000e7d8       0x31 ./codec/port/cs42448/fsl_codec_cs42448_adapter.o
 .rodata.HAL_CODEC_Init.str1.4
                0x6000e7d8       0x3e ./codec/port/fsl_codec_adapter.o
 .rodata.HAL_CODEC_SetVolume.str1.4
                0x6000e7d8       0x29 ./codec/port/fsl_codec_adapter.o
 .rodata.CODEC_Init.str1.4
                0x6000e7d8       0x3d ./codec/fsl_codec_common.o
 .rodata.CODEC_SetVolume.str1.4
                0x6000e7d8       0xc1 ./codec/fsl_codec_common.o
 .rodata.CS42448_Init.str1.4
                0x6000e7d8       0x46 ./codec/fsl_cs42448.o
 .rodata.CS42448_ConfigDataFormat.str1.4
                0x6000e7d8      0x12e ./codec/fsl_cs42448.o
 .rodata.CS42448_SetChannelMute.str1.4
                0x6000e7d8       0x37 ./codec/fsl_cs42448.o
 .rodata.CS42448_WriteReg.str1.4
                0x6000e7d8       0x2b ./codec/fsl_cs42448.o
 .rodata.CS42448_ReadReg.str1.4
                0x6000e7d8       0x2b ./codec/fsl_cs42448.o
 .rodata.WM8962_SetInternalFllConfig.str1.4
                0x6000e7d8       0x3a ./codec/fsl_wm8962.o
 .rodata.BOARD_ConfigMPU.str1.4
                0x6000e7d8       0x69 ./board/board.o
 .rodata.CLOCK_SetMux.str1.4
                0x6000e7d8       0x99 ./board/clock_config.o
 .rodata.CLOCK_SetDiv.str1.4
                0x6000e7d8       0x99 ./board/clock_config.o
 .rodata.CLOCK_ControlGate.str1.4
                0x6000e7d8       0x88 ./board/clock_config.o
 .rodata.armPllConfig_BOARD_BootClockRUN
                0x6000e7d8        0x8 ./board/clock_config.o
                0x6000e7d8                armPllConfig_BOARD_BootClockRUN