07:02:59 **** Incremental Build of configuration Debug for project evkbmimxrt1170_hello_world_cm7 ****
make -r -j2 all 
Building file: ../xip/dcd.c
Building file: ../xip/evkbmimxrt1170_flexspi_nor_config.c
Invoking: MCU C Compiler
arm-none-eabi-gcc -std=gnu99 -DCPU_MIMXRT1176DVMAA -DCPU_MIMXRT1176DVMAA_cm7 -DMCUXPRESSO_SDK -DXIP_EXTERNAL_FLASH=1 -DXIP_BOOT_HEADER_ENABLE=1 -DSDK_DEBUGCONSOLE=1 -DMCUX_META_BUILD -DCR_INTEGER_PRINTF -DPRINTF_FLOAT_ENABLE=0 -D__MCUXPRESSO -D__USE_CMSIS -DDEBUG -D__REDLIB__ -I"/home/nxf91053/Documents/MCUXpresso_24.12.148/workspace/evkbmimxrt1170_hello_world_cm7/source" -I"/home/nxf91053/Documents/MCUXpresso_24.12.148/workspace/evkbmimxrt1170_hello_world_cm7/xip" -I"/home/nxf91053/Documents/MCUXpresso_24.12.148/workspace/evkbmimxrt1170_hello_world_cm7/drivers" -I"/home/nxf91053/Documents/MCUXpresso_24.12.148/workspace/evkbmimxrt1170_hello_world_cm7/CMSIS" -I"/home/nxf91053/Documents/MCUXpresso_24.12.148/workspace/evkbmimxrt1170_hello_world_cm7/CMSIS/m-profile" -I"/home/nxf91053/Documents/MCUXpresso_24.12.148/workspace/evkbmimxrt1170_hello_world_cm7/device" -I"/home/nxf91053/Documents/MCUXpresso_24.12.148/workspace/evkbmimxrt1170_hello_world_cm7/device/periph" -I"/home/nxf91053/Documents/MCUXpresso_24.12.148/workspace/evkbmimxrt1170_hello_world_cm7/utilities" -I"/home/nxf91053/Documents/MCUXpresso_24.12.148/workspace/evkbmimxrt1170_hello_world_cm7/utilities/str" -I"/home/nxf91053/Documents/MCUXpresso_24.12.148/workspace/evkbmimxrt1170_hello_world_cm7/utilities/debug_console_lite" -I"/home/nxf91053/Documents/MCUXpresso_24.12.148/workspace/evkbmimxrt1170_hello_world_cm7/component/uart" -I"/home/nxf91053/Documents/MCUXpresso_24.12.148/workspace/evkbmimxrt1170_hello_world_cm7/board" -O0 -fno-common -g3 -gdwarf-4 -mthumb -c -ffunction-sections -fdata-sections -fno-builtin -imacros "/home/nxf91053/Documents/MCUXpresso_24.12.148/workspace/evkbmimxrt1170_hello_world_cm7/source/mcux_config.h" -fmerge-constants -fmacro-prefix-map="../xip/"= -mcpu=cortex-m7 -mfpu=fpv5-d16 -mfloat-abi=hard -mthumb -D__REDLIB__ -fstack-usage -specs=redlib.specs -MMD -MP -MF"xip/dcd.d" -MT"xip/dcd.o" -MT"xip/dcd.d" -o "xip/dcd.o" "../xip/dcd.c"
Invoking: MCU C Compiler
arm-none-eabi-gcc -std=gnu99 -DCPU_MIMXRT1176DVMAA -DCPU_MIMXRT1176DVMAA_cm7 -DMCUXPRESSO_SDK -DXIP_EXTERNAL_FLASH=1 -DXIP_BOOT_HEADER_ENABLE=1 -DSDK_DEBUGCONSOLE=1 -DMCUX_META_BUILD -DCR_INTEGER_PRINTF -DPRINTF_FLOAT_ENABLE=0 -D__MCUXPRESSO -D__USE_CMSIS -DDEBUG -D__REDLIB__ -I"/home/nxf91053/Documents/MCUXpresso_24.12.148/workspace/evkbmimxrt1170_hello_world_cm7/source" -I"/home/nxf91053/Documents/MCUXpresso_24.12.148/workspace/evkbmimxrt1170_hello_world_cm7/xip" -I"/home/nxf91053/Documents/MCUXpresso_24.12.148/workspace/evkbmimxrt1170_hello_world_cm7/drivers" -I"/home/nxf91053/Documents/MCUXpresso_24.12.148/workspace/evkbmimxrt1170_hello_world_cm7/CMSIS" -I"/home/nxf91053/Documents/MCUXpresso_24.12.148/workspace/evkbmimxrt1170_hello_world_cm7/CMSIS/m-profile" -I"/home/nxf91053/Documents/MCUXpresso_24.12.148/workspace/evkbmimxrt1170_hello_world_cm7/device" -I"/home/nxf91053/Documents/MCUXpresso_24.12.148/workspace/evkbmimxrt1170_hello_world_cm7/device/periph" -I"/home/nxf91053/Documents/MCUXpresso_24.12.148/workspace/evkbmimxrt1170_hello_world_cm7/utilities" -I"/home/nxf91053/Documents/MCUXpresso_24.12.148/workspace/evkbmimxrt1170_hello_world_cm7/utilities/str" -I"/home/nxf91053/Documents/MCUXpresso_24.12.148/workspace/evkbmimxrt1170_hello_world_cm7/utilities/debug_console_lite" -I"/home/nxf91053/Documents/MCUXpresso_24.12.148/workspace/evkbmimxrt1170_hello_world_cm7/component/uart" -I"/home/nxf91053/Documents/MCUXpresso_24.12.148/workspace/evkbmimxrt1170_hello_world_cm7/board" -O0 -fno-common -g3 -gdwarf-4 -mthumb -c -ffunction-sections -fdata-sections -fno-builtin -imacros "/home/nxf91053/Documents/MCUXpresso_24.12.148/workspace/evkbmimxrt1170_hello_world_cm7/source/mcux_config.h" -fmerge-constants -fmacro-prefix-map="../xip/"= -mcpu=cortex-m7 -mfpu=fpv5-d16 -mfloat-abi=hard -mthumb -D__REDLIB__ -fstack-usage -specs=redlib.specs -MMD -MP -MF"xip/evkbmimxrt1170_flexspi_nor_config.d" -MT"xip/evkbmimxrt1170_flexspi_nor_config.o" -MT"xip/evkbmimxrt1170_flexspi_nor_config.d" -o "xip/evkbmimxrt1170_flexspi_nor_config.o" "../xip/evkbmimxrt1170_flexspi_nor_config.c"
Finished building: ../xip/dcd.c
 
Building file: ../xip/fsl_flexspi_nor_boot.c
Invoking: MCU C Compiler
arm-none-eabi-gcc -std=gnu99 -DCPU_MIMXRT1176DVMAA -DCPU_MIMXRT1176DVMAA_cm7 -DMCUXPRESSO_SDK -DXIP_EXTERNAL_FLASH=1 -DXIP_BOOT_HEADER_ENABLE=1 -DSDK_DEBUGCONSOLE=1 -DMCUX_META_BUILD -DCR_INTEGER_PRINTF -DPRINTF_FLOAT_ENABLE=0 -D__MCUXPRESSO -D__USE_CMSIS -DDEBUG -D__REDLIB__ -I"/home/nxf91053/Documents/MCUXpresso_24.12.148/workspace/evkbmimxrt1170_hello_world_cm7/source" -I"/home/nxf91053/Documents/MCUXpresso_24.12.148/workspace/evkbmimxrt1170_hello_world_cm7/xip" -I"/home/nxf91053/Documents/MCUXpresso_24.12.148/workspace/evkbmimxrt1170_hello_world_cm7/drivers" -I"/home/nxf91053/Documents/MCUXpresso_24.12.148/workspace/evkbmimxrt1170_hello_world_cm7/CMSIS" -I"/home/nxf91053/Documents/MCUXpresso_24.12.148/workspace/evkbmimxrt1170_hello_world_cm7/CMSIS/m-profile" -I"/home/nxf91053/Documents/MCUXpresso_24.12.148/workspace/evkbmimxrt1170_hello_world_cm7/device" -I"/home/nxf91053/Documents/MCUXpresso_24.12.148/workspace/evkbmimxrt1170_hello_world_cm7/device/periph" -I"/home/nxf91053/Documents/MCUXpresso_24.12.148/workspace/evkbmimxrt1170_hello_world_cm7/utilities" -I"/home/nxf91053/Documents/MCUXpresso_24.12.148/workspace/evkbmimxrt1170_hello_world_cm7/utilities/str" -I"/home/nxf91053/Documents/MCUXpresso_24.12.148/workspace/evkbmimxrt1170_hello_world_cm7/utilities/debug_console_lite" -I"/home/nxf91053/Documents/MCUXpresso_24.12.148/workspace/evkbmimxrt1170_hello_world_cm7/component/uart" -I"/home/nxf91053/Documents/MCUXpresso_24.12.148/workspace/evkbmimxrt1170_hello_world_cm7/board" -O0 -fno-common -g3 -gdwarf-4 -mthumb -c -ffunction-sections -fdata-sections -fno-builtin -imacros "/home/nxf91053/Documents/MCUXpresso_24.12.148/workspace/evkbmimxrt1170_hello_world_cm7/source/mcux_config.h" -fmerge-constants -fmacro-prefix-map="../xip/"= -mcpu=cortex-m7 -mfpu=fpv5-d16 -mfloat-abi=hard -mthumb -D__REDLIB__ -fstack-usage -specs=redlib.specs -MMD -MP -MF"xip/fsl_flexspi_nor_boot.d" -MT"xip/fsl_flexspi_nor_boot.o" -MT"xip/fsl_flexspi_nor_boot.d" -o "xip/fsl_flexspi_nor_boot.o" "../xip/fsl_flexspi_nor_boot.c"
Finished building: ../xip/evkbmimxrt1170_flexspi_nor_config.c
 
Building file: ../xip/xmcd.c
Invoking: MCU C Compiler
arm-none-eabi-gcc -std=gnu99 -DCPU_MIMXRT1176DVMAA -DCPU_MIMXRT1176DVMAA_cm7 -DMCUXPRESSO_SDK -DXIP_EXTERNAL_FLASH=1 -DXIP_BOOT_HEADER_ENABLE=1 -DSDK_DEBUGCONSOLE=1 -DMCUX_META_BUILD -DCR_INTEGER_PRINTF -DPRINTF_FLOAT_ENABLE=0 -D__MCUXPRESSO -D__USE_CMSIS -DDEBUG -D__REDLIB__ -I"/home/nxf91053/Documents/MCUXpresso_24.12.148/workspace/evkbmimxrt1170_hello_world_cm7/source" -I"/home/nxf91053/Documents/MCUXpresso_24.12.148/workspace/evkbmimxrt1170_hello_world_cm7/xip" -I"/home/nxf91053/Documents/MCUXpresso_24.12.148/workspace/evkbmimxrt1170_hello_world_cm7/drivers" -I"/home/nxf91053/Documents/MCUXpresso_24.12.148/workspace/evkbmimxrt1170_hello_world_cm7/CMSIS" -I"/home/nxf91053/Documents/MCUXpresso_24.12.148/workspace/evkbmimxrt1170_hello_world_cm7/CMSIS/m-profile" -I"/home/nxf91053/Documents/MCUXpresso_24.12.148/workspace/evkbmimxrt1170_hello_world_cm7/device" -I"/home/nxf91053/Documents/MCUXpresso_24.12.148/workspace/evkbmimxrt1170_hello_world_cm7/device/periph" -I"/home/nxf91053/Documents/MCUXpresso_24.12.148/workspace/evkbmimxrt1170_hello_world_cm7/utilities" -I"/home/nxf91053/Documents/MCUXpresso_24.12.148/workspace/evkbmimxrt1170_hello_world_cm7/utilities/str" -I"/home/nxf91053/Documents/MCUXpresso_24.12.148/workspace/evkbmimxrt1170_hello_world_cm7/utilities/debug_console_lite" -I"/home/nxf91053/Documents/MCUXpresso_24.12.148/workspace/evkbmimxrt1170_hello_world_cm7/component/uart" -I"/home/nxf91053/Documents/MCUXpresso_24.12.148/workspace/evkbmimxrt1170_hello_world_cm7/board" -O0 -fno-common -g3 -gdwarf-4 -mthumb -c -ffunction-sections -fdata-sections -fno-builtin -imacros "/home/nxf91053/Documents/MCUXpresso_24.12.148/workspace/evkbmimxrt1170_hello_world_cm7/source/mcux_config.h" -fmerge-constants -fmacro-prefix-map="../xip/"= -mcpu=cortex-m7 -mfpu=fpv5-d16 -mfloat-abi=hard -mthumb -D__REDLIB__ -fstack-usage -specs=redlib.specs -MMD -MP -MF"xip/xmcd.d" -MT"xip/xmcd.o" -MT"xip/xmcd.d" -o "xip/xmcd.o" "../xip/xmcd.c"
Finished building: ../xip/xmcd.c
 
Building file: ../utilities/str/fsl_str.c
Invoking: MCU C Compiler
arm-none-eabi-gcc -std=gnu99 -DCPU_MIMXRT1176DVMAA -DCPU_MIMXRT1176DVMAA_cm7 -DMCUXPRESSO_SDK -DXIP_EXTERNAL_FLASH=1 -DXIP_BOOT_HEADER_ENABLE=1 -DSDK_DEBUGCONSOLE=1 -DMCUX_META_BUILD -DCR_INTEGER_PRINTF -DPRINTF_FLOAT_ENABLE=0 -D__MCUXPRESSO -D__USE_CMSIS -DDEBUG -D__REDLIB__ -I"/home/nxf91053/Documents/MCUXpresso_24.12.148/workspace/evkbmimxrt1170_hello_world_cm7/source" -I"/home/nxf91053/Documents/MCUXpresso_24.12.148/workspace/evkbmimxrt1170_hello_world_cm7/xip" -I"/home/nxf91053/Documents/MCUXpresso_24.12.148/workspace/evkbmimxrt1170_hello_world_cm7/drivers" -I"/home/nxf91053/Documents/MCUXpresso_24.12.148/workspace/evkbmimxrt1170_hello_world_cm7/CMSIS" -I"/home/nxf91053/Documents/MCUXpresso_24.12.148/workspace/evkbmimxrt1170_hello_world_cm7/CMSIS/m-profile" -I"/home/nxf91053/Documents/MCUXpresso_24.12.148/workspace/evkbmimxrt1170_hello_world_cm7/device" -I"/home/nxf91053/Documents/MCUXpresso_24.12.148/workspace/evkbmimxrt1170_hello_world_cm7/device/periph" -I"/home/nxf91053/Documents/MCUXpresso_24.12.148/workspace/evkbmimxrt1170_hello_world_cm7/utilities" -I"/home/nxf91053/Documents/MCUXpresso_24.12.148/workspace/evkbmimxrt1170_hello_world_cm7/utilities/str" -I"/home/nxf91053/Documents/MCUXpresso_24.12.148/workspace/evkbmimxrt1170_hello_world_cm7/utilities/debug_console_lite" -I"/home/nxf91053/Documents/MCUXpresso_24.12.148/workspace/evkbmimxrt1170_hello_world_cm7/component/uart" -I"/home/nxf91053/Documents/MCUXpresso_24.12.148/workspace/evkbmimxrt1170_hello_world_cm7/board" -O0 -fno-common -g3 -gdwarf-4 -mthumb -c -ffunction-sections -fdata-sections -fno-builtin -imacros "/home/nxf91053/Documents/MCUXpresso_24.12.148/workspace/evkbmimxrt1170_hello_world_cm7/source/mcux_config.h" -fmerge-constants -fmacro-prefix-map="../utilities/str/"= -mcpu=cortex-m7 -mfpu=fpv5-d16 -mfloat-abi=hard -mthumb -D__REDLIB__ -fstack-usage -specs=redlib.specs -MMD -MP -MF"utilities/str/fsl_str.d" -MT"utilities/str/fsl_str.o" -MT"utilities/str/fsl_str.d" -o "utilities/str/fsl_str.o" "../utilities/str/fsl_str.c"
Finished building: ../xip/fsl_flexspi_nor_boot.c
 
Building file: ../utilities/debug_console_lite/fsl_debug_console.c
Invoking: MCU C Compiler
arm-none-eabi-gcc -std=gnu99 -DCPU_MIMXRT1176DVMAA -DCPU_MIMXRT1176DVMAA_cm7 -DMCUXPRESSO_SDK -DXIP_EXTERNAL_FLASH=1 -DXIP_BOOT_HEADER_ENABLE=1 -DSDK_DEBUGCONSOLE=1 -DMCUX_META_BUILD -DCR_INTEGER_PRINTF -DPRINTF_FLOAT_ENABLE=0 -D__MCUXPRESSO -D__USE_CMSIS -DDEBUG -D__REDLIB__ -I"/home/nxf91053/Documents/MCUXpresso_24.12.148/workspace/evkbmimxrt1170_hello_world_cm7/source" -I"/home/nxf91053/Documents/MCUXpresso_24.12.148/workspace/evkbmimxrt1170_hello_world_cm7/xip" -I"/home/nxf91053/Documents/MCUXpresso_24.12.148/workspace/evkbmimxrt1170_hello_world_cm7/drivers" -I"/home/nxf91053/Documents/MCUXpresso_24.12.148/workspace/evkbmimxrt1170_hello_world_cm7/CMSIS" -I"/home/nxf91053/Documents/MCUXpresso_24.12.148/workspace/evkbmimxrt1170_hello_world_cm7/CMSIS/m-profile" -I"/home/nxf91053/Documents/MCUXpresso_24.12.148/workspace/evkbmimxrt1170_hello_world_cm7/device" -I"/home/nxf91053/Documents/MCUXpresso_24.12.148/workspace/evkbmimxrt1170_hello_world_cm7/device/periph" -I"/home/nxf91053/Documents/MCUXpresso_24.12.148/workspace/evkbmimxrt1170_hello_world_cm7/utilities" -I"/home/nxf91053/Documents/MCUXpresso_24.12.148/workspace/evkbmimxrt1170_hello_world_cm7/utilities/str" -I"/home/nxf91053/Documents/MCUXpresso_24.12.148/workspace/evkbmimxrt1170_hello_world_cm7/utilities/debug_console_lite" -I"/home/nxf91053/Documents/MCUXpresso_24.12.148/workspace/evkbmimxrt1170_hello_world_cm7/component/uart" -I"/home/nxf91053/Documents/MCUXpresso_24.12.148/workspace/evkbmimxrt1170_hello_world_cm7/board" -O0 -fno-common -g3 -gdwarf-4 -mthumb -c -ffunction-sections -fdata-sections -fno-builtin -imacros "/home/nxf91053/Documents/MCUXpresso_24.12.148/workspace/evkbmimxrt1170_hello_world_cm7/source/mcux_config.h" -fmerge-constants -fmacro-prefix-map="../utilities/debug_console_lite/"= -mcpu=cortex-m7 -mfpu=fpv5-d16 -mfloat-abi=hard -mthumb -D__REDLIB__ -fstack-usage -specs=redlib.specs -MMD -MP -MF"utilities/debug_console_lite/fsl_debug_console.d" -MT"utilities/debug_console_lite/fsl_debug_console.o" -MT"utilities/debug_console_lite/fsl_debug_console.d" -o "utilities/debug_console_lite/fsl_debug_console.o" "../utilities/debug_console_lite/fsl_debug_console.c"
Finished building: ../utilities/debug_console_lite/fsl_debug_console.c
 
Building file: ../utilities/fsl_assert.c
Invoking: MCU C Compiler
arm-none-eabi-gcc -std=gnu99 -DCPU_MIMXRT1176DVMAA -DCPU_MIMXRT1176DVMAA_cm7 -DMCUXPRESSO_SDK -DXIP_EXTERNAL_FLASH=1 -DXIP_BOOT_HEADER_ENABLE=1 -DSDK_DEBUGCONSOLE=1 -DMCUX_META_BUILD -DCR_INTEGER_PRINTF -DPRINTF_FLOAT_ENABLE=0 -D__MCUXPRESSO -D__USE_CMSIS -DDEBUG -D__REDLIB__ -I"/home/nxf91053/Documents/MCUXpresso_24.12.148/workspace/evkbmimxrt1170_hello_world_cm7/source" -I"/home/nxf91053/Documents/MCUXpresso_24.12.148/workspace/evkbmimxrt1170_hello_world_cm7/xip" -I"/home/nxf91053/Documents/MCUXpresso_24.12.148/workspace/evkbmimxrt1170_hello_world_cm7/drivers" -I"/home/nxf91053/Documents/MCUXpresso_24.12.148/workspace/evkbmimxrt1170_hello_world_cm7/CMSIS" -I"/home/nxf91053/Documents/MCUXpresso_24.12.148/workspace/evkbmimxrt1170_hello_world_cm7/CMSIS/m-profile" -I"/home/nxf91053/Documents/MCUXpresso_24.12.148/workspace/evkbmimxrt1170_hello_world_cm7/device" -I"/home/nxf91053/Documents/MCUXpresso_24.12.148/workspace/evkbmimxrt1170_hello_world_cm7/device/periph" -I"/home/nxf91053/Documents/MCUXpresso_24.12.148/workspace/evkbmimxrt1170_hello_world_cm7/utilities" -I"/home/nxf91053/Documents/MCUXpresso_24.12.148/workspace/evkbmimxrt1170_hello_world_cm7/utilities/str" -I"/home/nxf91053/Documents/MCUXpresso_24.12.148/workspace/evkbmimxrt1170_hello_world_cm7/utilities/debug_console_lite" -I"/home/nxf91053/Documents/MCUXpresso_24.12.148/workspace/evkbmimxrt1170_hello_world_cm7/component/uart" -I"/home/nxf91053/Documents/MCUXpresso_24.12.148/workspace/evkbmimxrt1170_hello_world_cm7/board" -O0 -fno-common -g3 -gdwarf-4 -mthumb -c -ffunction-sections -fdata-sections -fno-builtin -imacros "/home/nxf91053/Documents/MCUXpresso_24.12.148/workspace/evkbmimxrt1170_hello_world_cm7/source/mcux_config.h" -fmerge-constants -fmacro-prefix-map="../utilities/"= -mcpu=cortex-m7 -mfpu=fpv5-d16 -mfloat-abi=hard -mthumb -D__REDLIB__ -fstack-usage -specs=redlib.specs -MMD -MP -MF"utilities/fsl_assert.d" -MT"utilities/fsl_assert.o" -MT"utilities/fsl_assert.d" -o "utilities/fsl_assert.o" "../utilities/fsl_assert.c"
Finished building: ../utilities/str/fsl_str.c
 
Building file: ../utilities/fsl_memcpy.S
Invoking: MCU Assembler
arm-none-eabi-gcc -c -x assembler-with-cpp -D__REDLIB__ -I"/home/nxf91053/Documents/MCUXpresso_24.12.148/workspace/evkbmimxrt1170_hello_world_cm7/source" -I"/home/nxf91053/Documents/MCUXpresso_24.12.148/workspace/evkbmimxrt1170_hello_world_cm7/xip" -I"/home/nxf91053/Documents/MCUXpresso_24.12.148/workspace/evkbmimxrt1170_hello_world_cm7/drivers" -I"/home/nxf91053/Documents/MCUXpresso_24.12.148/workspace/evkbmimxrt1170_hello_world_cm7/CMSIS" -I"/home/nxf91053/Documents/MCUXpresso_24.12.148/workspace/evkbmimxrt1170_hello_world_cm7/CMSIS/m-profile" -I"/home/nxf91053/Documents/MCUXpresso_24.12.148/workspace/evkbmimxrt1170_hello_world_cm7/device" -I"/home/nxf91053/Documents/MCUXpresso_24.12.148/workspace/evkbmimxrt1170_hello_world_cm7/device/periph" -I"/home/nxf91053/Documents/MCUXpresso_24.12.148/workspace/evkbmimxrt1170_hello_world_cm7/utilities" -I"/home/nxf91053/Documents/MCUXpresso_24.12.148/workspace/evkbmimxrt1170_hello_world_cm7/utilities/str" -I"/home/nxf91053/Documents/MCUXpresso_24.12.148/workspace/evkbmimxrt1170_hello_world_cm7/utilities/debug_console_lite" -I"/home/nxf91053/Documents/MCUXpresso_24.12.148/workspace/evkbmimxrt1170_hello_world_cm7/component/uart" -g3 -gdwarf-4 -mcpu=cortex-m7 -mfpu=fpv5-d16 -mfloat-abi=hard -mthumb -D__REDLIB__ -specs=redlib.specs -o "utilities/fsl_memcpy.o" "../utilities/fsl_memcpy.S"
Finished building: ../utilities/fsl_memcpy.S
 
Building file: ../startup/boot_multicore_slave.c
Invoking: MCU C Compiler
arm-none-eabi-gcc -std=gnu99 -DCPU_MIMXRT1176DVMAA -DCPU_MIMXRT1176DVMAA_cm7 -DMCUXPRESSO_SDK -DXIP_EXTERNAL_FLASH=1 -DXIP_BOOT_HEADER_ENABLE=1 -DSDK_DEBUGCONSOLE=1 -DMCUX_META_BUILD -DCR_INTEGER_PRINTF -DPRINTF_FLOAT_ENABLE=0 -D__MCUXPRESSO -D__USE_CMSIS -DDEBUG -D__REDLIB__ -I"/home/nxf91053/Documents/MCUXpresso_24.12.148/workspace/evkbmimxrt1170_hello_world_cm7/source" -I"/home/nxf91053/Documents/MCUXpresso_24.12.148/workspace/evkbmimxrt1170_hello_world_cm7/xip" -I"/home/nxf91053/Documents/MCUXpresso_24.12.148/workspace/evkbmimxrt1170_hello_world_cm7/drivers" -I"/home/nxf91053/Documents/MCUXpresso_24.12.148/workspace/evkbmimxrt1170_hello_world_cm7/CMSIS" -I"/home/nxf91053/Documents/MCUXpresso_24.12.148/workspace/evkbmimxrt1170_hello_world_cm7/CMSIS/m-profile" -I"/home/nxf91053/Documents/MCUXpresso_24.12.148/workspace/evkbmimxrt1170_hello_world_cm7/device" -I"/home/nxf91053/Documents/MCUXpresso_24.12.148/workspace/evkbmimxrt1170_hello_world_cm7/device/periph" -I"/home/nxf91053/Documents/MCUXpresso_24.12.148/workspace/evkbmimxrt1170_hello_world_cm7/utilities" -I"/home/nxf91053/Documents/MCUXpresso_24.12.148/workspace/evkbmimxrt1170_hello_world_cm7/utilities/str" -I"/home/nxf91053/Documents/MCUXpresso_24.12.148/workspace/evkbmimxrt1170_hello_world_cm7/utilities/debug_console_lite" -I"/home/nxf91053/Documents/MCUXpresso_24.12.148/workspace/evkbmimxrt1170_hello_world_cm7/component/uart" -I"/home/nxf91053/Documents/MCUXpresso_24.12.148/workspace/evkbmimxrt1170_hello_world_cm7/board" -O0 -fno-common -g3 -gdwarf-4 -mthumb -c -ffunction-sections -fdata-sections -fno-builtin -imacros "/home/nxf91053/Documents/MCUXpresso_24.12.148/workspace/evkbmimxrt1170_hello_world_cm7/source/mcux_config.h" -fmerge-constants -fmacro-prefix-map="../startup/"= -mcpu=cortex-m7 -mfpu=fpv5-d16 -mfloat-abi=hard -mthumb -D__REDLIB__ -fstack-usage -specs=redlib.specs -MMD -MP -MF"startup/boot_multicore_slave.d" -MT"startup/boot_multicore_slave.o" -MT"startup/boot_multicore_slave.d" -o "startup/boot_multicore_slave.o" "../startup/boot_multicore_slave.c"
Finished building: ../startup/boot_multicore_slave.c
 
Building file: ../startup/startup_mimxrt1176_cm7.c
Invoking: MCU C Compiler
arm-none-eabi-gcc -std=gnu99 -DCPU_MIMXRT1176DVMAA -DCPU_MIMXRT1176DVMAA_cm7 -DMCUXPRESSO_SDK -DXIP_EXTERNAL_FLASH=1 -DXIP_BOOT_HEADER_ENABLE=1 -DSDK_DEBUGCONSOLE=1 -DMCUX_META_BUILD -DCR_INTEGER_PRINTF -DPRINTF_FLOAT_ENABLE=0 -D__MCUXPRESSO -D__USE_CMSIS -DDEBUG -D__REDLIB__ -I"/home/nxf91053/Documents/MCUXpresso_24.12.148/workspace/evkbmimxrt1170_hello_world_cm7/source" -I"/home/nxf91053/Documents/MCUXpresso_24.12.148/workspace/evkbmimxrt1170_hello_world_cm7/xip" -I"/home/nxf91053/Documents/MCUXpresso_24.12.148/workspace/evkbmimxrt1170_hello_world_cm7/drivers" -I"/home/nxf91053/Documents/MCUXpresso_24.12.148/workspace/evkbmimxrt1170_hello_world_cm7/CMSIS" -I"/home/nxf91053/Documents/MCUXpresso_24.12.148/workspace/evkbmimxrt1170_hello_world_cm7/CMSIS/m-profile" -I"/home/nxf91053/Documents/MCUXpresso_24.12.148/workspace/evkbmimxrt1170_hello_world_cm7/device" -I"/home/nxf91053/Documents/MCUXpresso_24.12.148/workspace/evkbmimxrt1170_hello_world_cm7/device/periph" -I"/home/nxf91053/Documents/MCUXpresso_24.12.148/workspace/evkbmimxrt1170_hello_world_cm7/utilities" -I"/home/nxf91053/Documents/MCUXpresso_24.12.148/workspace/evkbmimxrt1170_hello_world_cm7/utilities/str" -I"/home/nxf91053/Documents/MCUXpresso_24.12.148/workspace/evkbmimxrt1170_hello_world_cm7/utilities/debug_console_lite" -I"/home/nxf91053/Documents/MCUXpresso_24.12.148/workspace/evkbmimxrt1170_hello_world_cm7/component/uart" -I"/home/nxf91053/Documents/MCUXpresso_24.12.148/workspace/evkbmimxrt1170_hello_world_cm7/board" -O0 -fno-common -g3 -gdwarf-4 -mthumb -c -ffunction-sections -fdata-sections -fno-builtin -imacros "/home/nxf91053/Documents/MCUXpresso_24.12.148/workspace/evkbmimxrt1170_hello_world_cm7/source/mcux_config.h" -fmerge-constants -fmacro-prefix-map="../startup/"= -mcpu=cortex-m7 -mfpu=fpv5-d16 -mfloat-abi=hard -mthumb -D__REDLIB__ -fstack-usage -specs=redlib.specs -MMD -MP -MF"startup/startup_mimxrt1176_cm7.d" -MT"startup/startup_mimxrt1176_cm7.o" -MT"startup/startup_mimxrt1176_cm7.d" -o "startup/startup_mimxrt1176_cm7.o" "../startup/startup_mimxrt1176_cm7.c"
Finished building: ../utilities/fsl_assert.c
 
Building file: ../source/hello_world.c
Invoking: MCU C Compiler
arm-none-eabi-gcc -std=gnu99 -DCPU_MIMXRT1176DVMAA -DCPU_MIMXRT1176DVMAA_cm7 -DMCUXPRESSO_SDK -DXIP_EXTERNAL_FLASH=1 -DXIP_BOOT_HEADER_ENABLE=1 -DSDK_DEBUGCONSOLE=1 -DMCUX_META_BUILD -DCR_INTEGER_PRINTF -DPRINTF_FLOAT_ENABLE=0 -D__MCUXPRESSO -D__USE_CMSIS -DDEBUG -D__REDLIB__ -I"/home/nxf91053/Documents/MCUXpresso_24.12.148/workspace/evkbmimxrt1170_hello_world_cm7/source" -I"/home/nxf91053/Documents/MCUXpresso_24.12.148/workspace/evkbmimxrt1170_hello_world_cm7/xip" -I"/home/nxf91053/Documents/MCUXpresso_24.12.148/workspace/evkbmimxrt1170_hello_world_cm7/drivers" -I"/home/nxf91053/Documents/MCUXpresso_24.12.148/workspace/evkbmimxrt1170_hello_world_cm7/CMSIS" -I"/home/nxf91053/Documents/MCUXpresso_24.12.148/workspace/evkbmimxrt1170_hello_world_cm7/CMSIS/m-profile" -I"/home/nxf91053/Documents/MCUXpresso_24.12.148/workspace/evkbmimxrt1170_hello_world_cm7/device" -I"/home/nxf91053/Documents/MCUXpresso_24.12.148/workspace/evkbmimxrt1170_hello_world_cm7/device/periph" -I"/home/nxf91053/Documents/MCUXpresso_24.12.148/workspace/evkbmimxrt1170_hello_world_cm7/utilities" -I"/home/nxf91053/Documents/MCUXpresso_24.12.148/workspace/evkbmimxrt1170_hello_world_cm7/utilities/str" -I"/home/nxf91053/Documents/MCUXpresso_24.12.148/workspace/evkbmimxrt1170_hello_world_cm7/utilities/debug_console_lite" -I"/home/nxf91053/Documents/MCUXpresso_24.12.148/workspace/evkbmimxrt1170_hello_world_cm7/component/uart" -I"/home/nxf91053/Documents/MCUXpresso_24.12.148/workspace/evkbmimxrt1170_hello_world_cm7/board" -O0 -fno-common -g3 -gdwarf-4 -mthumb -c -ffunction-sections -fdata-sections -fno-builtin -imacros "/home/nxf91053/Documents/MCUXpresso_24.12.148/workspace/evkbmimxrt1170_hello_world_cm7/source/mcux_config.h" -fmerge-constants -fmacro-prefix-map="../source/"= -mcpu=cortex-m7 -mfpu=fpv5-d16 -mfloat-abi=hard -mthumb -D__REDLIB__ -fstack-usage -specs=redlib.specs -MMD -MP -MF"source/hello_world.d" -MT"source/hello_world.o" -MT"source/hello_world.d" -o "source/hello_world.o" "../source/hello_world.c"
Finished building: ../startup/startup_mimxrt1176_cm7.c
 
Building file: ../source/semihost_hardfault.c
Invoking: MCU C Compiler
arm-none-eabi-gcc -std=gnu99 -DCPU_MIMXRT1176DVMAA -DCPU_MIMXRT1176DVMAA_cm7 -DMCUXPRESSO_SDK -DXIP_EXTERNAL_FLASH=1 -DXIP_BOOT_HEADER_ENABLE=1 -DSDK_DEBUGCONSOLE=1 -DMCUX_META_BUILD -DCR_INTEGER_PRINTF -DPRINTF_FLOAT_ENABLE=0 -D__MCUXPRESSO -D__USE_CMSIS -DDEBUG -D__REDLIB__ -I"/home/nxf91053/Documents/MCUXpresso_24.12.148/workspace/evkbmimxrt1170_hello_world_cm7/source" -I"/home/nxf91053/Documents/MCUXpresso_24.12.148/workspace/evkbmimxrt1170_hello_world_cm7/xip" -I"/home/nxf91053/Documents/MCUXpresso_24.12.148/workspace/evkbmimxrt1170_hello_world_cm7/drivers" -I"/home/nxf91053/Documents/MCUXpresso_24.12.148/workspace/evkbmimxrt1170_hello_world_cm7/CMSIS" -I"/home/nxf91053/Documents/MCUXpresso_24.12.148/workspace/evkbmimxrt1170_hello_world_cm7/CMSIS/m-profile" -I"/home/nxf91053/Documents/MCUXpresso_24.12.148/workspace/evkbmimxrt1170_hello_world_cm7/device" -I"/home/nxf91053/Documents/MCUXpresso_24.12.148/workspace/evkbmimxrt1170_hello_world_cm7/device/periph" -I"/home/nxf91053/Documents/MCUXpresso_24.12.148/workspace/evkbmimxrt1170_hello_world_cm7/utilities" -I"/home/nxf91053/Documents/MCUXpresso_24.12.148/workspace/evkbmimxrt1170_hello_world_cm7/utilities/str" -I"/home/nxf91053/Documents/MCUXpresso_24.12.148/workspace/evkbmimxrt1170_hello_world_cm7/utilities/debug_console_lite" -I"/home/nxf91053/Documents/MCUXpresso_24.12.148/workspace/evkbmimxrt1170_hello_world_cm7/component/uart" -I"/home/nxf91053/Documents/MCUXpresso_24.12.148/workspace/evkbmimxrt1170_hello_world_cm7/board" -O0 -fno-common -g3 -gdwarf-4 -mthumb -c -ffunction-sections -fdata-sections -fno-builtin -imacros "/home/nxf91053/Documents/MCUXpresso_24.12.148/workspace/evkbmimxrt1170_hello_world_cm7/source/mcux_config.h" -fmerge-constants -fmacro-prefix-map="../source/"= -mcpu=cortex-m7 -mfpu=fpv5-d16 -mfloat-abi=hard -mthumb -D__REDLIB__ -fstack-usage -specs=redlib.specs -MMD -MP -MF"source/semihost_hardfault.d" -MT"source/semihost_hardfault.o" -MT"source/semihost_hardfault.d" -o "source/semihost_hardfault.o" "../source/semihost_hardfault.c"
Finished building: ../source/semihost_hardfault.c
 
Building file: ../drivers/fsl_anatop_ai.c
Invoking: MCU C Compiler
arm-none-eabi-gcc -std=gnu99 -DCPU_MIMXRT1176DVMAA -DCPU_MIMXRT1176DVMAA_cm7 -DMCUXPRESSO_SDK -DXIP_EXTERNAL_FLASH=1 -DXIP_BOOT_HEADER_ENABLE=1 -DSDK_DEBUGCONSOLE=1 -DMCUX_META_BUILD -DCR_INTEGER_PRINTF -DPRINTF_FLOAT_ENABLE=0 -D__MCUXPRESSO -D__USE_CMSIS -DDEBUG -D__REDLIB__ -I"/home/nxf91053/Documents/MCUXpresso_24.12.148/workspace/evkbmimxrt1170_hello_world_cm7/source" -I"/home/nxf91053/Documents/MCUXpresso_24.12.148/workspace/evkbmimxrt1170_hello_world_cm7/xip" -I"/home/nxf91053/Documents/MCUXpresso_24.12.148/workspace/evkbmimxrt1170_hello_world_cm7/drivers" -I"/home/nxf91053/Documents/MCUXpresso_24.12.148/workspace/evkbmimxrt1170_hello_world_cm7/CMSIS" -I"/home/nxf91053/Documents/MCUXpresso_24.12.148/workspace/evkbmimxrt1170_hello_world_cm7/CMSIS/m-profile" -I"/home/nxf91053/Documents/MCUXpresso_24.12.148/workspace/evkbmimxrt1170_hello_world_cm7/device" -I"/home/nxf91053/Documents/MCUXpresso_24.12.148/workspace/evkbmimxrt1170_hello_world_cm7/device/periph" -I"/home/nxf91053/Documents/MCUXpresso_24.12.148/workspace/evkbmimxrt1170_hello_world_cm7/utilities" -I"/home/nxf91053/Documents/MCUXpresso_24.12.148/workspace/evkbmimxrt1170_hello_world_cm7/utilities/str" -I"/home/nxf91053/Documents/MCUXpresso_24.12.148/workspace/evkbmimxrt1170_hello_world_cm7/utilities/debug_console_lite" -I"/home/nxf91053/Documents/MCUXpresso_24.12.148/workspace/evkbmimxrt1170_hello_world_cm7/component/uart" -I"/home/nxf91053/Documents/MCUXpresso_24.12.148/workspace/evkbmimxrt1170_hello_world_cm7/board" -O0 -fno-common -g3 -gdwarf-4 -mthumb -c -ffunction-sections -fdata-sections -fno-builtin -imacros "/home/nxf91053/Documents/MCUXpresso_24.12.148/workspace/evkbmimxrt1170_hello_world_cm7/source/mcux_config.h" -fmerge-constants -fmacro-prefix-map="../drivers/"= -mcpu=cortex-m7 -mfpu=fpv5-d16 -mfloat-abi=hard -mthumb -D__REDLIB__ -fstack-usage -specs=redlib.specs -MMD -MP -MF"drivers/fsl_anatop_ai.d" -MT"drivers/fsl_anatop_ai.o" -MT"drivers/fsl_anatop_ai.d" -o "drivers/fsl_anatop_ai.o" "../drivers/fsl_anatop_ai.c"
Finished building: ../source/hello_world.c
 
Building file: ../drivers/fsl_cache.c
Invoking: MCU C Compiler
arm-none-eabi-gcc -std=gnu99 -DCPU_MIMXRT1176DVMAA -DCPU_MIMXRT1176DVMAA_cm7 -DMCUXPRESSO_SDK -DXIP_EXTERNAL_FLASH=1 -DXIP_BOOT_HEADER_ENABLE=1 -DSDK_DEBUGCONSOLE=1 -DMCUX_META_BUILD -DCR_INTEGER_PRINTF -DPRINTF_FLOAT_ENABLE=0 -D__MCUXPRESSO -D__USE_CMSIS -DDEBUG -D__REDLIB__ -I"/home/nxf91053/Documents/MCUXpresso_24.12.148/workspace/evkbmimxrt1170_hello_world_cm7/source" -I"/home/nxf91053/Documents/MCUXpresso_24.12.148/workspace/evkbmimxrt1170_hello_world_cm7/xip" -I"/home/nxf91053/Documents/MCUXpresso_24.12.148/workspace/evkbmimxrt1170_hello_world_cm7/drivers" -I"/home/nxf91053/Documents/MCUXpresso_24.12.148/workspace/evkbmimxrt1170_hello_world_cm7/CMSIS" -I"/home/nxf91053/Documents/MCUXpresso_24.12.148/workspace/evkbmimxrt1170_hello_world_cm7/CMSIS/m-profile" -I"/home/nxf91053/Documents/MCUXpresso_24.12.148/workspace/evkbmimxrt1170_hello_world_cm7/device" -I"/home/nxf91053/Documents/MCUXpresso_24.12.148/workspace/evkbmimxrt1170_hello_world_cm7/device/periph" -I"/home/nxf91053/Documents/MCUXpresso_24.12.148/workspace/evkbmimxrt1170_hello_world_cm7/utilities" -I"/home/nxf91053/Documents/MCUXpresso_24.12.148/workspace/evkbmimxrt1170_hello_world_cm7/utilities/str" -I"/home/nxf91053/Documents/MCUXpresso_24.12.148/workspace/evkbmimxrt1170_hello_world_cm7/utilities/debug_console_lite" -I"/home/nxf91053/Documents/MCUXpresso_24.12.148/workspace/evkbmimxrt1170_hello_world_cm7/component/uart" -I"/home/nxf91053/Documents/MCUXpresso_24.12.148/workspace/evkbmimxrt1170_hello_world_cm7/board" -O0 -fno-common -g3 -gdwarf-4 -mthumb -c -ffunction-sections -fdata-sections -fno-builtin -imacros "/home/nxf91053/Documents/MCUXpresso_24.12.148/workspace/evkbmimxrt1170_hello_world_cm7/source/mcux_config.h" -fmerge-constants -fmacro-prefix-map="../drivers/"= -mcpu=cortex-m7 -mfpu=fpv5-d16 -mfloat-abi=hard -mthumb -D__REDLIB__ -fstack-usage -specs=redlib.specs -MMD -MP -MF"drivers/fsl_cache.d" -MT"drivers/fsl_cache.o" -MT"drivers/fsl_cache.d" -o "drivers/fsl_cache.o" "../drivers/fsl_cache.c"
Finished building: ../drivers/fsl_anatop_ai.c
 
Building file: ../drivers/fsl_clock.c
Invoking: MCU C Compiler
arm-none-eabi-gcc -std=gnu99 -DCPU_MIMXRT1176DVMAA -DCPU_MIMXRT1176DVMAA_cm7 -DMCUXPRESSO_SDK -DXIP_EXTERNAL_FLASH=1 -DXIP_BOOT_HEADER_ENABLE=1 -DSDK_DEBUGCONSOLE=1 -DMCUX_META_BUILD -DCR_INTEGER_PRINTF -DPRINTF_FLOAT_ENABLE=0 -D__MCUXPRESSO -D__USE_CMSIS -DDEBUG -D__REDLIB__ -I"/home/nxf91053/Documents/MCUXpresso_24.12.148/workspace/evkbmimxrt1170_hello_world_cm7/source" -I"/home/nxf91053/Documents/MCUXpresso_24.12.148/workspace/evkbmimxrt1170_hello_world_cm7/xip" -I"/home/nxf91053/Documents/MCUXpresso_24.12.148/workspace/evkbmimxrt1170_hello_world_cm7/drivers" -I"/home/nxf91053/Documents/MCUXpresso_24.12.148/workspace/evkbmimxrt1170_hello_world_cm7/CMSIS" -I"/home/nxf91053/Documents/MCUXpresso_24.12.148/workspace/evkbmimxrt1170_hello_world_cm7/CMSIS/m-profile" -I"/home/nxf91053/Documents/MCUXpresso_24.12.148/workspace/evkbmimxrt1170_hello_world_cm7/device" -I"/home/nxf91053/Documents/MCUXpresso_24.12.148/workspace/evkbmimxrt1170_hello_world_cm7/device/periph" -I"/home/nxf91053/Documents/MCUXpresso_24.12.148/workspace/evkbmimxrt1170_hello_world_cm7/utilities" -I"/home/nxf91053/Documents/MCUXpresso_24.12.148/workspace/evkbmimxrt1170_hello_world_cm7/utilities/str" -I"/home/nxf91053/Documents/MCUXpresso_24.12.148/workspace/evkbmimxrt1170_hello_world_cm7/utilities/debug_console_lite" -I"/home/nxf91053/Documents/MCUXpresso_24.12.148/workspace/evkbmimxrt1170_hello_world_cm7/component/uart" -I"/home/nxf91053/Documents/MCUXpresso_24.12.148/workspace/evkbmimxrt1170_hello_world_cm7/board" -O0 -fno-common -g3 -gdwarf-4 -mthumb -c -ffunction-sections -fdata-sections -fno-builtin -imacros "/home/nxf91053/Documents/MCUXpresso_24.12.148/workspace/evkbmimxrt1170_hello_world_cm7/source/mcux_config.h" -fmerge-constants -fmacro-prefix-map="../drivers/"= -mcpu=cortex-m7 -mfpu=fpv5-d16 -mfloat-abi=hard -mthumb -D__REDLIB__ -fstack-usage -specs=redlib.specs -MMD -MP -MF"drivers/fsl_clock.d" -MT"drivers/fsl_clock.o" -MT"drivers/fsl_clock.d" -o "drivers/fsl_clock.o" "../drivers/fsl_clock.c"
Finished building: ../drivers/fsl_cache.c
 
Building file: ../drivers/fsl_common.c
Invoking: MCU C Compiler
arm-none-eabi-gcc -std=gnu99 -DCPU_MIMXRT1176DVMAA -DCPU_MIMXRT1176DVMAA_cm7 -DMCUXPRESSO_SDK -DXIP_EXTERNAL_FLASH=1 -DXIP_BOOT_HEADER_ENABLE=1 -DSDK_DEBUGCONSOLE=1 -DMCUX_META_BUILD -DCR_INTEGER_PRINTF -DPRINTF_FLOAT_ENABLE=0 -D__MCUXPRESSO -D__USE_CMSIS -DDEBUG -D__REDLIB__ -I"/home/nxf91053/Documents/MCUXpresso_24.12.148/workspace/evkbmimxrt1170_hello_world_cm7/source" -I"/home/nxf91053/Documents/MCUXpresso_24.12.148/workspace/evkbmimxrt1170_hello_world_cm7/xip" -I"/home/nxf91053/Documents/MCUXpresso_24.12.148/workspace/evkbmimxrt1170_hello_world_cm7/drivers" -I"/home/nxf91053/Documents/MCUXpresso_24.12.148/workspace/evkbmimxrt1170_hello_world_cm7/CMSIS" -I"/home/nxf91053/Documents/MCUXpresso_24.12.148/workspace/evkbmimxrt1170_hello_world_cm7/CMSIS/m-profile" -I"/home/nxf91053/Documents/MCUXpresso_24.12.148/workspace/evkbmimxrt1170_hello_world_cm7/device" -I"/home/nxf91053/Documents/MCUXpresso_24.12.148/workspace/evkbmimxrt1170_hello_world_cm7/device/periph" -I"/home/nxf91053/Documents/MCUXpresso_24.12.148/workspace/evkbmimxrt1170_hello_world_cm7/utilities" -I"/home/nxf91053/Documents/MCUXpresso_24.12.148/workspace/evkbmimxrt1170_hello_world_cm7/utilities/str" -I"/home/nxf91053/Documents/MCUXpresso_24.12.148/workspace/evkbmimxrt1170_hello_world_cm7/utilities/debug_console_lite" -I"/home/nxf91053/Documents/MCUXpresso_24.12.148/workspace/evkbmimxrt1170_hello_world_cm7/component/uart" -I"/home/nxf91053/Documents/MCUXpresso_24.12.148/workspace/evkbmimxrt1170_hello_world_cm7/board" -O0 -fno-common -g3 -gdwarf-4 -mthumb -c -ffunction-sections -fdata-sections -fno-builtin -imacros "/home/nxf91053/Documents/MCUXpresso_24.12.148/workspace/evkbmimxrt1170_hello_world_cm7/source/mcux_config.h" -fmerge-constants -fmacro-prefix-map="../drivers/"= -mcpu=cortex-m7 -mfpu=fpv5-d16 -mfloat-abi=hard -mthumb -D__REDLIB__ -fstack-usage -specs=redlib.specs -MMD -MP -MF"drivers/fsl_common.d" -MT"drivers/fsl_common.o" -MT"drivers/fsl_common.d" -o "drivers/fsl_common.o" "../drivers/fsl_common.c"
Finished building: ../drivers/fsl_common.c
 
Building file: ../drivers/fsl_common_arm.c
Invoking: MCU C Compiler
arm-none-eabi-gcc -std=gnu99 -DCPU_MIMXRT1176DVMAA -DCPU_MIMXRT1176DVMAA_cm7 -DMCUXPRESSO_SDK -DXIP_EXTERNAL_FLASH=1 -DXIP_BOOT_HEADER_ENABLE=1 -DSDK_DEBUGCONSOLE=1 -DMCUX_META_BUILD -DCR_INTEGER_PRINTF -DPRINTF_FLOAT_ENABLE=0 -D__MCUXPRESSO -D__USE_CMSIS -DDEBUG -D__REDLIB__ -I"/home/nxf91053/Documents/MCUXpresso_24.12.148/workspace/evkbmimxrt1170_hello_world_cm7/source" -I"/home/nxf91053/Documents/MCUXpresso_24.12.148/workspace/evkbmimxrt1170_hello_world_cm7/xip" -I"/home/nxf91053/Documents/MCUXpresso_24.12.148/workspace/evkbmimxrt1170_hello_world_cm7/drivers" -I"/home/nxf91053/Documents/MCUXpresso_24.12.148/workspace/evkbmimxrt1170_hello_world_cm7/CMSIS" -I"/home/nxf91053/Documents/MCUXpresso_24.12.148/workspace/evkbmimxrt1170_hello_world_cm7/CMSIS/m-profile" -I"/home/nxf91053/Documents/MCUXpresso_24.12.148/workspace/evkbmimxrt1170_hello_world_cm7/device" -I"/home/nxf91053/Documents/MCUXpresso_24.12.148/workspace/evkbmimxrt1170_hello_world_cm7/device/periph" -I"/home/nxf91053/Documents/MCUXpresso_24.12.148/workspace/evkbmimxrt1170_hello_world_cm7/utilities" -I"/home/nxf91053/Documents/MCUXpresso_24.12.148/workspace/evkbmimxrt1170_hello_world_cm7/utilities/str" -I"/home/nxf91053/Documents/MCUXpresso_24.12.148/workspace/evkbmimxrt1170_hello_world_cm7/utilities/debug_console_lite" -I"/home/nxf91053/Documents/MCUXpresso_24.12.148/workspace/evkbmimxrt1170_hello_world_cm7/component/uart" -I"/home/nxf91053/Documents/MCUXpresso_24.12.148/workspace/evkbmimxrt1170_hello_world_cm7/board" -O0 -fno-common -g3 -gdwarf-4 -mthumb -c -ffunction-sections -fdata-sections -fno-builtin -imacros "/home/nxf91053/Documents/MCUXpresso_24.12.148/workspace/evkbmimxrt1170_hello_world_cm7/source/mcux_config.h" -fmerge-constants -fmacro-prefix-map="../drivers/"= -mcpu=cortex-m7 -mfpu=fpv5-d16 -mfloat-abi=hard -mthumb -D__REDLIB__ -fstack-usage -specs=redlib.specs -MMD -MP -MF"drivers/fsl_common_arm.d" -MT"drivers/fsl_common_arm.o" -MT"drivers/fsl_common_arm.d" -o "drivers/fsl_common_arm.o" "../drivers/fsl_common_arm.c"
Finished building: ../drivers/fsl_clock.c
 
Building file: ../drivers/fsl_dcdc.c
Invoking: MCU C Compiler
arm-none-eabi-gcc -std=gnu99 -DCPU_MIMXRT1176DVMAA -DCPU_MIMXRT1176DVMAA_cm7 -DMCUXPRESSO_SDK -DXIP_EXTERNAL_FLASH=1 -DXIP_BOOT_HEADER_ENABLE=1 -DSDK_DEBUGCONSOLE=1 -DMCUX_META_BUILD -DCR_INTEGER_PRINTF -DPRINTF_FLOAT_ENABLE=0 -D__MCUXPRESSO -D__USE_CMSIS -DDEBUG -D__REDLIB__ -I"/home/nxf91053/Documents/MCUXpresso_24.12.148/workspace/evkbmimxrt1170_hello_world_cm7/source" -I"/home/nxf91053/Documents/MCUXpresso_24.12.148/workspace/evkbmimxrt1170_hello_world_cm7/xip" -I"/home/nxf91053/Documents/MCUXpresso_24.12.148/workspace/evkbmimxrt1170_hello_world_cm7/drivers" -I"/home/nxf91053/Documents/MCUXpresso_24.12.148/workspace/evkbmimxrt1170_hello_world_cm7/CMSIS" -I"/home/nxf91053/Documents/MCUXpresso_24.12.148/workspace/evkbmimxrt1170_hello_world_cm7/CMSIS/m-profile" -I"/home/nxf91053/Documents/MCUXpresso_24.12.148/workspace/evkbmimxrt1170_hello_world_cm7/device" -I"/home/nxf91053/Documents/MCUXpresso_24.12.148/workspace/evkbmimxrt1170_hello_world_cm7/device/periph" -I"/home/nxf91053/Documents/MCUXpresso_24.12.148/workspace/evkbmimxrt1170_hello_world_cm7/utilities" -I"/home/nxf91053/Documents/MCUXpresso_24.12.148/workspace/evkbmimxrt1170_hello_world_cm7/utilities/str" -I"/home/nxf91053/Documents/MCUXpresso_24.12.148/workspace/evkbmimxrt1170_hello_world_cm7/utilities/debug_console_lite" -I"/home/nxf91053/Documents/MCUXpresso_24.12.148/workspace/evkbmimxrt1170_hello_world_cm7/component/uart" -I"/home/nxf91053/Documents/MCUXpresso_24.12.148/workspace/evkbmimxrt1170_hello_world_cm7/board" -O0 -fno-common -g3 -gdwarf-4 -mthumb -c -ffunction-sections -fdata-sections -fno-builtin -imacros "/home/nxf91053/Documents/MCUXpresso_24.12.148/workspace/evkbmimxrt1170_hello_world_cm7/source/mcux_config.h" -fmerge-constants -fmacro-prefix-map="../drivers/"= -mcpu=cortex-m7 -mfpu=fpv5-d16 -mfloat-abi=hard -mthumb -D__REDLIB__ -fstack-usage -specs=redlib.specs -MMD -MP -MF"drivers/fsl_dcdc.d" -MT"drivers/fsl_dcdc.o" -MT"drivers/fsl_dcdc.d" -o "drivers/fsl_dcdc.o" "../drivers/fsl_dcdc.c"
Finished building: ../drivers/fsl_common_arm.c
 
Building file: ../drivers/fsl_gpc.c
Invoking: MCU C Compiler
arm-none-eabi-gcc -std=gnu99 -DCPU_MIMXRT1176DVMAA -DCPU_MIMXRT1176DVMAA_cm7 -DMCUXPRESSO_SDK -DXIP_EXTERNAL_FLASH=1 -DXIP_BOOT_HEADER_ENABLE=1 -DSDK_DEBUGCONSOLE=1 -DMCUX_META_BUILD -DCR_INTEGER_PRINTF -DPRINTF_FLOAT_ENABLE=0 -D__MCUXPRESSO -D__USE_CMSIS -DDEBUG -D__REDLIB__ -I"/home/nxf91053/Documents/MCUXpresso_24.12.148/workspace/evkbmimxrt1170_hello_world_cm7/source" -I"/home/nxf91053/Documents/MCUXpresso_24.12.148/workspace/evkbmimxrt1170_hello_world_cm7/xip" -I"/home/nxf91053/Documents/MCUXpresso_24.12.148/workspace/evkbmimxrt1170_hello_world_cm7/drivers" -I"/home/nxf91053/Documents/MCUXpresso_24.12.148/workspace/evkbmimxrt1170_hello_world_cm7/CMSIS" -I"/home/nxf91053/Documents/MCUXpresso_24.12.148/workspace/evkbmimxrt1170_hello_world_cm7/CMSIS/m-profile" -I"/home/nxf91053/Documents/MCUXpresso_24.12.148/workspace/evkbmimxrt1170_hello_world_cm7/device" -I"/home/nxf91053/Documents/MCUXpresso_24.12.148/workspace/evkbmimxrt1170_hello_world_cm7/device/periph" -I"/home/nxf91053/Documents/MCUXpresso_24.12.148/workspace/evkbmimxrt1170_hello_world_cm7/utilities" -I"/home/nxf91053/Documents/MCUXpresso_24.12.148/workspace/evkbmimxrt1170_hello_world_cm7/utilities/str" -I"/home/nxf91053/Documents/MCUXpresso_24.12.148/workspace/evkbmimxrt1170_hello_world_cm7/utilities/debug_console_lite" -I"/home/nxf91053/Documents/MCUXpresso_24.12.148/workspace/evkbmimxrt1170_hello_world_cm7/component/uart" -I"/home/nxf91053/Documents/MCUXpresso_24.12.148/workspace/evkbmimxrt1170_hello_world_cm7/board" -O0 -fno-common -g3 -gdwarf-4 -mthumb -c -ffunction-sections -fdata-sections -fno-builtin -imacros "/home/nxf91053/Documents/MCUXpresso_24.12.148/workspace/evkbmimxrt1170_hello_world_cm7/source/mcux_config.h" -fmerge-constants -fmacro-prefix-map="../drivers/"= -mcpu=cortex-m7 -mfpu=fpv5-d16 -mfloat-abi=hard -mthumb -D__REDLIB__ -fstack-usage -specs=redlib.specs -MMD -MP -MF"drivers/fsl_gpc.d" -MT"drivers/fsl_gpc.o" -MT"drivers/fsl_gpc.d" -o "drivers/fsl_gpc.o" "../drivers/fsl_gpc.c"
Finished building: ../drivers/fsl_dcdc.c
 
Building file: ../drivers/fsl_gpio.c
Invoking: MCU C Compiler
arm-none-eabi-gcc -std=gnu99 -DCPU_MIMXRT1176DVMAA -DCPU_MIMXRT1176DVMAA_cm7 -DMCUXPRESSO_SDK -DXIP_EXTERNAL_FLASH=1 -DXIP_BOOT_HEADER_ENABLE=1 -DSDK_DEBUGCONSOLE=1 -DMCUX_META_BUILD -DCR_INTEGER_PRINTF -DPRINTF_FLOAT_ENABLE=0 -D__MCUXPRESSO -D__USE_CMSIS -DDEBUG -D__REDLIB__ -I"/home/nxf91053/Documents/MCUXpresso_24.12.148/workspace/evkbmimxrt1170_hello_world_cm7/source" -I"/home/nxf91053/Documents/MCUXpresso_24.12.148/workspace/evkbmimxrt1170_hello_world_cm7/xip" -I"/home/nxf91053/Documents/MCUXpresso_24.12.148/workspace/evkbmimxrt1170_hello_world_cm7/drivers" -I"/home/nxf91053/Documents/MCUXpresso_24.12.148/workspace/evkbmimxrt1170_hello_world_cm7/CMSIS" -I"/home/nxf91053/Documents/MCUXpresso_24.12.148/workspace/evkbmimxrt1170_hello_world_cm7/CMSIS/m-profile" -I"/home/nxf91053/Documents/MCUXpresso_24.12.148/workspace/evkbmimxrt1170_hello_world_cm7/device" -I"/home/nxf91053/Documents/MCUXpresso_24.12.148/workspace/evkbmimxrt1170_hello_world_cm7/device/periph" -I"/home/nxf91053/Documents/MCUXpresso_24.12.148/workspace/evkbmimxrt1170_hello_world_cm7/utilities" -I"/home/nxf91053/Documents/MCUXpresso_24.12.148/workspace/evkbmimxrt1170_hello_world_cm7/utilities/str" -I"/home/nxf91053/Documents/MCUXpresso_24.12.148/workspace/evkbmimxrt1170_hello_world_cm7/utilities/debug_console_lite" -I"/home/nxf91053/Documents/MCUXpresso_24.12.148/workspace/evkbmimxrt1170_hello_world_cm7/component/uart" -I"/home/nxf91053/Documents/MCUXpresso_24.12.148/workspace/evkbmimxrt1170_hello_world_cm7/board" -O0 -fno-common -g3 -gdwarf-4 -mthumb -c -ffunction-sections -fdata-sections -fno-builtin -imacros "/home/nxf91053/Documents/MCUXpresso_24.12.148/workspace/evkbmimxrt1170_hello_world_cm7/source/mcux_config.h" -fmerge-constants -fmacro-prefix-map="../drivers/"= -mcpu=cortex-m7 -mfpu=fpv5-d16 -mfloat-abi=hard -mthumb -D__REDLIB__ -fstack-usage -specs=redlib.specs -MMD -MP -MF"drivers/fsl_gpio.d" -MT"drivers/fsl_gpio.o" -MT"drivers/fsl_gpio.d" -o "drivers/fsl_gpio.o" "../drivers/fsl_gpio.c"
Finished building: ../drivers/fsl_gpc.c
 
Building file: ../drivers/fsl_lpuart.c
Invoking: MCU C Compiler
arm-none-eabi-gcc -std=gnu99 -DCPU_MIMXRT1176DVMAA -DCPU_MIMXRT1176DVMAA_cm7 -DMCUXPRESSO_SDK -DXIP_EXTERNAL_FLASH=1 -DXIP_BOOT_HEADER_ENABLE=1 -DSDK_DEBUGCONSOLE=1 -DMCUX_META_BUILD -DCR_INTEGER_PRINTF -DPRINTF_FLOAT_ENABLE=0 -D__MCUXPRESSO -D__USE_CMSIS -DDEBUG -D__REDLIB__ -I"/home/nxf91053/Documents/MCUXpresso_24.12.148/workspace/evkbmimxrt1170_hello_world_cm7/source" -I"/home/nxf91053/Documents/MCUXpresso_24.12.148/workspace/evkbmimxrt1170_hello_world_cm7/xip" -I"/home/nxf91053/Documents/MCUXpresso_24.12.148/workspace/evkbmimxrt1170_hello_world_cm7/drivers" -I"/home/nxf91053/Documents/MCUXpresso_24.12.148/workspace/evkbmimxrt1170_hello_world_cm7/CMSIS" -I"/home/nxf91053/Documents/MCUXpresso_24.12.148/workspace/evkbmimxrt1170_hello_world_cm7/CMSIS/m-profile" -I"/home/nxf91053/Documents/MCUXpresso_24.12.148/workspace/evkbmimxrt1170_hello_world_cm7/device" -I"/home/nxf91053/Documents/MCUXpresso_24.12.148/workspace/evkbmimxrt1170_hello_world_cm7/device/periph" -I"/home/nxf91053/Documents/MCUXpresso_24.12.148/workspace/evkbmimxrt1170_hello_world_cm7/utilities" -I"/home/nxf91053/Documents/MCUXpresso_24.12.148/workspace/evkbmimxrt1170_hello_world_cm7/utilities/str" -I"/home/nxf91053/Documents/MCUXpresso_24.12.148/workspace/evkbmimxrt1170_hello_world_cm7/utilities/debug_console_lite" -I"/home/nxf91053/Documents/MCUXpresso_24.12.148/workspace/evkbmimxrt1170_hello_world_cm7/component/uart" -I"/home/nxf91053/Documents/MCUXpresso_24.12.148/workspace/evkbmimxrt1170_hello_world_cm7/board" -O0 -fno-common -g3 -gdwarf-4 -mthumb -c -ffunction-sections -fdata-sections -fno-builtin -imacros "/home/nxf91053/Documents/MCUXpresso_24.12.148/workspace/evkbmimxrt1170_hello_world_cm7/source/mcux_config.h" -fmerge-constants -fmacro-prefix-map="../drivers/"= -mcpu=cortex-m7 -mfpu=fpv5-d16 -mfloat-abi=hard -mthumb -D__REDLIB__ -fstack-usage -specs=redlib.specs -MMD -MP -MF"drivers/fsl_lpuart.d" -MT"drivers/fsl_lpuart.o" -MT"drivers/fsl_lpuart.d" -o "drivers/fsl_lpuart.o" "../drivers/fsl_lpuart.c"
Finished building: ../drivers/fsl_gpio.c
 
Building file: ../drivers/fsl_mu.c
Invoking: MCU C Compiler
arm-none-eabi-gcc -std=gnu99 -DCPU_MIMXRT1176DVMAA -DCPU_MIMXRT1176DVMAA_cm7 -DMCUXPRESSO_SDK -DXIP_EXTERNAL_FLASH=1 -DXIP_BOOT_HEADER_ENABLE=1 -DSDK_DEBUGCONSOLE=1 -DMCUX_META_BUILD -DCR_INTEGER_PRINTF -DPRINTF_FLOAT_ENABLE=0 -D__MCUXPRESSO -D__USE_CMSIS -DDEBUG -D__REDLIB__ -I"/home/nxf91053/Documents/MCUXpresso_24.12.148/workspace/evkbmimxrt1170_hello_world_cm7/source" -I"/home/nxf91053/Documents/MCUXpresso_24.12.148/workspace/evkbmimxrt1170_hello_world_cm7/xip" -I"/home/nxf91053/Documents/MCUXpresso_24.12.148/workspace/evkbmimxrt1170_hello_world_cm7/drivers" -I"/home/nxf91053/Documents/MCUXpresso_24.12.148/workspace/evkbmimxrt1170_hello_world_cm7/CMSIS" -I"/home/nxf91053/Documents/MCUXpresso_24.12.148/workspace/evkbmimxrt1170_hello_world_cm7/CMSIS/m-profile" -I"/home/nxf91053/Documents/MCUXpresso_24.12.148/workspace/evkbmimxrt1170_hello_world_cm7/device" -I"/home/nxf91053/Documents/MCUXpresso_24.12.148/workspace/evkbmimxrt1170_hello_world_cm7/device/periph" -I"/home/nxf91053/Documents/MCUXpresso_24.12.148/workspace/evkbmimxrt1170_hello_world_cm7/utilities" -I"/home/nxf91053/Documents/MCUXpresso_24.12.148/workspace/evkbmimxrt1170_hello_world_cm7/utilities/str" -I"/home/nxf91053/Documents/MCUXpresso_24.12.148/workspace/evkbmimxrt1170_hello_world_cm7/utilities/debug_console_lite" -I"/home/nxf91053/Documents/MCUXpresso_24.12.148/workspace/evkbmimxrt1170_hello_world_cm7/component/uart" -I"/home/nxf91053/Documents/MCUXpresso_24.12.148/workspace/evkbmimxrt1170_hello_world_cm7/board" -O0 -fno-common -g3 -gdwarf-4 -mthumb -c -ffunction-sections -fdata-sections -fno-builtin -imacros "/home/nxf91053/Documents/MCUXpresso_24.12.148/workspace/evkbmimxrt1170_hello_world_cm7/source/mcux_config.h" -fmerge-constants -fmacro-prefix-map="../drivers/"= -mcpu=cortex-m7 -mfpu=fpv5-d16 -mfloat-abi=hard -mthumb -D__REDLIB__ -fstack-usage -specs=redlib.specs -MMD -MP -MF"drivers/fsl_mu.d" -MT"drivers/fsl_mu.o" -MT"drivers/fsl_mu.d" -o "drivers/fsl_mu.o" "../drivers/fsl_mu.c"
Finished building: ../drivers/fsl_lpuart.c
 
Building file: ../drivers/fsl_pgmc.c
Invoking: MCU C Compiler
arm-none-eabi-gcc -std=gnu99 -DCPU_MIMXRT1176DVMAA -DCPU_MIMXRT1176DVMAA_cm7 -DMCUXPRESSO_SDK -DXIP_EXTERNAL_FLASH=1 -DXIP_BOOT_HEADER_ENABLE=1 -DSDK_DEBUGCONSOLE=1 -DMCUX_META_BUILD -DCR_INTEGER_PRINTF -DPRINTF_FLOAT_ENABLE=0 -D__MCUXPRESSO -D__USE_CMSIS -DDEBUG -D__REDLIB__ -I"/home/nxf91053/Documents/MCUXpresso_24.12.148/workspace/evkbmimxrt1170_hello_world_cm7/source" -I"/home/nxf91053/Documents/MCUXpresso_24.12.148/workspace/evkbmimxrt1170_hello_world_cm7/xip" -I"/home/nxf91053/Documents/MCUXpresso_24.12.148/workspace/evkbmimxrt1170_hello_world_cm7/drivers" -I"/home/nxf91053/Documents/MCUXpresso_24.12.148/workspace/evkbmimxrt1170_hello_world_cm7/CMSIS" -I"/home/nxf91053/Documents/MCUXpresso_24.12.148/workspace/evkbmimxrt1170_hello_world_cm7/CMSIS/m-profile" -I"/home/nxf91053/Documents/MCUXpresso_24.12.148/workspace/evkbmimxrt1170_hello_world_cm7/device" -I"/home/nxf91053/Documents/MCUXpresso_24.12.148/workspace/evkbmimxrt1170_hello_world_cm7/device/periph" -I"/home/nxf91053/Documents/MCUXpresso_24.12.148/workspace/evkbmimxrt1170_hello_world_cm7/utilities" -I"/home/nxf91053/Documents/MCUXpresso_24.12.148/workspace/evkbmimxrt1170_hello_world_cm7/utilities/str" -I"/home/nxf91053/Documents/MCUXpresso_24.12.148/workspace/evkbmimxrt1170_hello_world_cm7/utilities/debug_console_lite" -I"/home/nxf91053/Documents/MCUXpresso_24.12.148/workspace/evkbmimxrt1170_hello_world_cm7/component/uart" -I"/home/nxf91053/Documents/MCUXpresso_24.12.148/workspace/evkbmimxrt1170_hello_world_cm7/board" -O0 -fno-common -g3 -gdwarf-4 -mthumb -c -ffunction-sections -fdata-sections -fno-builtin -imacros "/home/nxf91053/Documents/MCUXpresso_24.12.148/workspace/evkbmimxrt1170_hello_world_cm7/source/mcux_config.h" -fmerge-constants -fmacro-prefix-map="../drivers/"= -mcpu=cortex-m7 -mfpu=fpv5-d16 -mfloat-abi=hard -mthumb -D__REDLIB__ -fstack-usage -specs=redlib.specs -MMD -MP -MF"drivers/fsl_pgmc.d" -MT"drivers/fsl_pgmc.o" -MT"drivers/fsl_pgmc.d" -o "drivers/fsl_pgmc.o" "../drivers/fsl_pgmc.c"
Finished building: ../drivers/fsl_mu.c
 
Building file: ../drivers/fsl_pmu.c
Invoking: MCU C Compiler
arm-none-eabi-gcc -std=gnu99 -DCPU_MIMXRT1176DVMAA -DCPU_MIMXRT1176DVMAA_cm7 -DMCUXPRESSO_SDK -DXIP_EXTERNAL_FLASH=1 -DXIP_BOOT_HEADER_ENABLE=1 -DSDK_DEBUGCONSOLE=1 -DMCUX_META_BUILD -DCR_INTEGER_PRINTF -DPRINTF_FLOAT_ENABLE=0 -D__MCUXPRESSO -D__USE_CMSIS -DDEBUG -D__REDLIB__ -I"/home/nxf91053/Documents/MCUXpresso_24.12.148/workspace/evkbmimxrt1170_hello_world_cm7/source" -I"/home/nxf91053/Documents/MCUXpresso_24.12.148/workspace/evkbmimxrt1170_hello_world_cm7/xip" -I"/home/nxf91053/Documents/MCUXpresso_24.12.148/workspace/evkbmimxrt1170_hello_world_cm7/drivers" -I"/home/nxf91053/Documents/MCUXpresso_24.12.148/workspace/evkbmimxrt1170_hello_world_cm7/CMSIS" -I"/home/nxf91053/Documents/MCUXpresso_24.12.148/workspace/evkbmimxrt1170_hello_world_cm7/CMSIS/m-profile" -I"/home/nxf91053/Documents/MCUXpresso_24.12.148/workspace/evkbmimxrt1170_hello_world_cm7/device" -I"/home/nxf91053/Documents/MCUXpresso_24.12.148/workspace/evkbmimxrt1170_hello_world_cm7/device/periph" -I"/home/nxf91053/Documents/MCUXpresso_24.12.148/workspace/evkbmimxrt1170_hello_world_cm7/utilities" -I"/home/nxf91053/Documents/MCUXpresso_24.12.148/workspace/evkbmimxrt1170_hello_world_cm7/utilities/str" -I"/home/nxf91053/Documents/MCUXpresso_24.12.148/workspace/evkbmimxrt1170_hello_world_cm7/utilities/debug_console_lite" -I"/home/nxf91053/Documents/MCUXpresso_24.12.148/workspace/evkbmimxrt1170_hello_world_cm7/component/uart" -I"/home/nxf91053/Documents/MCUXpresso_24.12.148/workspace/evkbmimxrt1170_hello_world_cm7/board" -O0 -fno-common -g3 -gdwarf-4 -mthumb -c -ffunction-sections -fdata-sections -fno-builtin -imacros "/home/nxf91053/Documents/MCUXpresso_24.12.148/workspace/evkbmimxrt1170_hello_world_cm7/source/mcux_config.h" -fmerge-constants -fmacro-prefix-map="../drivers/"= -mcpu=cortex-m7 -mfpu=fpv5-d16 -mfloat-abi=hard -mthumb -D__REDLIB__ -fstack-usage -specs=redlib.specs -MMD -MP -MF"drivers/fsl_pmu.d" -MT"drivers/fsl_pmu.o" -MT"drivers/fsl_pmu.d" -o "drivers/fsl_pmu.o" "../drivers/fsl_pmu.c"
Finished building: ../drivers/fsl_pgmc.c
 
Building file: ../drivers/fsl_soc_src.c
Invoking: MCU C Compiler
arm-none-eabi-gcc -std=gnu99 -DCPU_MIMXRT1176DVMAA -DCPU_MIMXRT1176DVMAA_cm7 -DMCUXPRESSO_SDK -DXIP_EXTERNAL_FLASH=1 -DXIP_BOOT_HEADER_ENABLE=1 -DSDK_DEBUGCONSOLE=1 -DMCUX_META_BUILD -DCR_INTEGER_PRINTF -DPRINTF_FLOAT_ENABLE=0 -D__MCUXPRESSO -D__USE_CMSIS -DDEBUG -D__REDLIB__ -I"/home/nxf91053/Documents/MCUXpresso_24.12.148/workspace/evkbmimxrt1170_hello_world_cm7/source" -I"/home/nxf91053/Documents/MCUXpresso_24.12.148/workspace/evkbmimxrt1170_hello_world_cm7/xip" -I"/home/nxf91053/Documents/MCUXpresso_24.12.148/workspace/evkbmimxrt1170_hello_world_cm7/drivers" -I"/home/nxf91053/Documents/MCUXpresso_24.12.148/workspace/evkbmimxrt1170_hello_world_cm7/CMSIS" -I"/home/nxf91053/Documents/MCUXpresso_24.12.148/workspace/evkbmimxrt1170_hello_world_cm7/CMSIS/m-profile" -I"/home/nxf91053/Documents/MCUXpresso_24.12.148/workspace/evkbmimxrt1170_hello_world_cm7/device" -I"/home/nxf91053/Documents/MCUXpresso_24.12.148/workspace/evkbmimxrt1170_hello_world_cm7/device/periph" -I"/home/nxf91053/Documents/MCUXpresso_24.12.148/workspace/evkbmimxrt1170_hello_world_cm7/utilities" -I"/home/nxf91053/Documents/MCUXpresso_24.12.148/workspace/evkbmimxrt1170_hello_world_cm7/utilities/str" -I"/home/nxf91053/Documents/MCUXpresso_24.12.148/workspace/evkbmimxrt1170_hello_world_cm7/utilities/debug_console_lite" -I"/home/nxf91053/Documents/MCUXpresso_24.12.148/workspace/evkbmimxrt1170_hello_world_cm7/component/uart" -I"/home/nxf91053/Documents/MCUXpresso_24.12.148/workspace/evkbmimxrt1170_hello_world_cm7/board" -O0 -fno-common -g3 -gdwarf-4 -mthumb -c -ffunction-sections -fdata-sections -fno-builtin -imacros "/home/nxf91053/Documents/MCUXpresso_24.12.148/workspace/evkbmimxrt1170_hello_world_cm7/source/mcux_config.h" -fmerge-constants -fmacro-prefix-map="../drivers/"= -mcpu=cortex-m7 -mfpu=fpv5-d16 -mfloat-abi=hard -mthumb -D__REDLIB__ -fstack-usage -specs=redlib.specs -MMD -MP -MF"drivers/fsl_soc_src.d" -MT"drivers/fsl_soc_src.o" -MT"drivers/fsl_soc_src.d" -o "drivers/fsl_soc_src.o" "../drivers/fsl_soc_src.c"
Finished building: ../drivers/fsl_pmu.c
 
Building file: ../device/system_MIMXRT1176_cm7.c
Invoking: MCU C Compiler
arm-none-eabi-gcc -std=gnu99 -DCPU_MIMXRT1176DVMAA -DCPU_MIMXRT1176DVMAA_cm7 -DMCUXPRESSO_SDK -DXIP_EXTERNAL_FLASH=1 -DXIP_BOOT_HEADER_ENABLE=1 -DSDK_DEBUGCONSOLE=1 -DMCUX_META_BUILD -DCR_INTEGER_PRINTF -DPRINTF_FLOAT_ENABLE=0 -D__MCUXPRESSO -D__USE_CMSIS -DDEBUG -D__REDLIB__ -I"/home/nxf91053/Documents/MCUXpresso_24.12.148/workspace/evkbmimxrt1170_hello_world_cm7/source" -I"/home/nxf91053/Documents/MCUXpresso_24.12.148/workspace/evkbmimxrt1170_hello_world_cm7/xip" -I"/home/nxf91053/Documents/MCUXpresso_24.12.148/workspace/evkbmimxrt1170_hello_world_cm7/drivers" -I"/home/nxf91053/Documents/MCUXpresso_24.12.148/workspace/evkbmimxrt1170_hello_world_cm7/CMSIS" -I"/home/nxf91053/Documents/MCUXpresso_24.12.148/workspace/evkbmimxrt1170_hello_world_cm7/CMSIS/m-profile" -I"/home/nxf91053/Documents/MCUXpresso_24.12.148/workspace/evkbmimxrt1170_hello_world_cm7/device" -I"/home/nxf91053/Documents/MCUXpresso_24.12.148/workspace/evkbmimxrt1170_hello_world_cm7/device/periph" -I"/home/nxf91053/Documents/MCUXpresso_24.12.148/workspace/evkbmimxrt1170_hello_world_cm7/utilities" -I"/home/nxf91053/Documents/MCUXpresso_24.12.148/workspace/evkbmimxrt1170_hello_world_cm7/utilities/str" -I"/home/nxf91053/Documents/MCUXpresso_24.12.148/workspace/evkbmimxrt1170_hello_world_cm7/utilities/debug_console_lite" -I"/home/nxf91053/Documents/MCUXpresso_24.12.148/workspace/evkbmimxrt1170_hello_world_cm7/component/uart" -I"/home/nxf91053/Documents/MCUXpresso_24.12.148/workspace/evkbmimxrt1170_hello_world_cm7/board" -O0 -fno-common -g3 -gdwarf-4 -mthumb -c -ffunction-sections -fdata-sections -fno-builtin -imacros "/home/nxf91053/Documents/MCUXpresso_24.12.148/workspace/evkbmimxrt1170_hello_world_cm7/source/mcux_config.h" -fmerge-constants -fmacro-prefix-map="../device/"= -mcpu=cortex-m7 -mfpu=fpv5-d16 -mfloat-abi=hard -mthumb -D__REDLIB__ -fstack-usage -specs=redlib.specs -MMD -MP -MF"device/system_MIMXRT1176_cm7.d" -MT"device/system_MIMXRT1176_cm7.o" -MT"device/system_MIMXRT1176_cm7.d" -o "device/system_MIMXRT1176_cm7.o" "../device/system_MIMXRT1176_cm7.c"
Finished building: ../drivers/fsl_soc_src.c
 
Building file: ../component/uart/fsl_adapter_lpuart.c
Invoking: MCU C Compiler
arm-none-eabi-gcc -std=gnu99 -DCPU_MIMXRT1176DVMAA -DCPU_MIMXRT1176DVMAA_cm7 -DMCUXPRESSO_SDK -DXIP_EXTERNAL_FLASH=1 -DXIP_BOOT_HEADER_ENABLE=1 -DSDK_DEBUGCONSOLE=1 -DMCUX_META_BUILD -DCR_INTEGER_PRINTF -DPRINTF_FLOAT_ENABLE=0 -D__MCUXPRESSO -D__USE_CMSIS -DDEBUG -D__REDLIB__ -I"/home/nxf91053/Documents/MCUXpresso_24.12.148/workspace/evkbmimxrt1170_hello_world_cm7/source" -I"/home/nxf91053/Documents/MCUXpresso_24.12.148/workspace/evkbmimxrt1170_hello_world_cm7/xip" -I"/home/nxf91053/Documents/MCUXpresso_24.12.148/workspace/evkbmimxrt1170_hello_world_cm7/drivers" -I"/home/nxf91053/Documents/MCUXpresso_24.12.148/workspace/evkbmimxrt1170_hello_world_cm7/CMSIS" -I"/home/nxf91053/Documents/MCUXpresso_24.12.148/workspace/evkbmimxrt1170_hello_world_cm7/CMSIS/m-profile" -I"/home/nxf91053/Documents/MCUXpresso_24.12.148/workspace/evkbmimxrt1170_hello_world_cm7/device" -I"/home/nxf91053/Documents/MCUXpresso_24.12.148/workspace/evkbmimxrt1170_hello_world_cm7/device/periph" -I"/home/nxf91053/Documents/MCUXpresso_24.12.148/workspace/evkbmimxrt1170_hello_world_cm7/utilities" -I"/home/nxf91053/Documents/MCUXpresso_24.12.148/workspace/evkbmimxrt1170_hello_world_cm7/utilities/str" -I"/home/nxf91053/Documents/MCUXpresso_24.12.148/workspace/evkbmimxrt1170_hello_world_cm7/utilities/debug_console_lite" -I"/home/nxf91053/Documents/MCUXpresso_24.12.148/workspace/evkbmimxrt1170_hello_world_cm7/component/uart" -I"/home/nxf91053/Documents/MCUXpresso_24.12.148/workspace/evkbmimxrt1170_hello_world_cm7/board" -O0 -fno-common -g3 -gdwarf-4 -mthumb -c -ffunction-sections -fdata-sections -fno-builtin -imacros "/home/nxf91053/Documents/MCUXpresso_24.12.148/workspace/evkbmimxrt1170_hello_world_cm7/source/mcux_config.h" -fmerge-constants -fmacro-prefix-map="../component/uart/"= -mcpu=cortex-m7 -mfpu=fpv5-d16 -mfloat-abi=hard -mthumb -D__REDLIB__ -fstack-usage -specs=redlib.specs -MMD -MP -MF"component/uart/fsl_adapter_lpuart.d" -MT"component/uart/fsl_adapter_lpuart.o" -MT"component/uart/fsl_adapter_lpuart.d" -o "component/uart/fsl_adapter_lpuart.o" "../component/uart/fsl_adapter_lpuart.c"
Finished building: ../device/system_MIMXRT1176_cm7.c
 
Building file: ../board/board.c
Invoking: MCU C Compiler
arm-none-eabi-gcc -std=gnu99 -DCPU_MIMXRT1176DVMAA -DCPU_MIMXRT1176DVMAA_cm7 -DMCUXPRESSO_SDK -DXIP_EXTERNAL_FLASH=1 -DXIP_BOOT_HEADER_ENABLE=1 -DSDK_DEBUGCONSOLE=1 -DMCUX_META_BUILD -DCR_INTEGER_PRINTF -DPRINTF_FLOAT_ENABLE=0 -D__MCUXPRESSO -D__USE_CMSIS -DDEBUG -D__REDLIB__ -I"/home/nxf91053/Documents/MCUXpresso_24.12.148/workspace/evkbmimxrt1170_hello_world_cm7/source" -I"/home/nxf91053/Documents/MCUXpresso_24.12.148/workspace/evkbmimxrt1170_hello_world_cm7/xip" -I"/home/nxf91053/Documents/MCUXpresso_24.12.148/workspace/evkbmimxrt1170_hello_world_cm7/drivers" -I"/home/nxf91053/Documents/MCUXpresso_24.12.148/workspace/evkbmimxrt1170_hello_world_cm7/CMSIS" -I"/home/nxf91053/Documents/MCUXpresso_24.12.148/workspace/evkbmimxrt1170_hello_world_cm7/CMSIS/m-profile" -I"/home/nxf91053/Documents/MCUXpresso_24.12.148/workspace/evkbmimxrt1170_hello_world_cm7/device" -I"/home/nxf91053/Documents/MCUXpresso_24.12.148/workspace/evkbmimxrt1170_hello_world_cm7/device/periph" -I"/home/nxf91053/Documents/MCUXpresso_24.12.148/workspace/evkbmimxrt1170_hello_world_cm7/utilities" -I"/home/nxf91053/Documents/MCUXpresso_24.12.148/workspace/evkbmimxrt1170_hello_world_cm7/utilities/str" -I"/home/nxf91053/Documents/MCUXpresso_24.12.148/workspace/evkbmimxrt1170_hello_world_cm7/utilities/debug_console_lite" -I"/home/nxf91053/Documents/MCUXpresso_24.12.148/workspace/evkbmimxrt1170_hello_world_cm7/component/uart" -I"/home/nxf91053/Documents/MCUXpresso_24.12.148/workspace/evkbmimxrt1170_hello_world_cm7/board" -O0 -fno-common -g3 -gdwarf-4 -mthumb -c -ffunction-sections -fdata-sections -fno-builtin -imacros "/home/nxf91053/Documents/MCUXpresso_24.12.148/workspace/evkbmimxrt1170_hello_world_cm7/source/mcux_config.h" -fmerge-constants -fmacro-prefix-map="../board/"= -mcpu=cortex-m7 -mfpu=fpv5-d16 -mfloat-abi=hard -mthumb -D__REDLIB__ -fstack-usage -specs=redlib.specs -MMD -MP -MF"board/board.d" -MT"board/board.o" -MT"board/board.d" -o "board/board.o" "../board/board.c"
Finished building: ../component/uart/fsl_adapter_lpuart.c
 
Building file: ../board/clock_config.c
Invoking: MCU C Compiler
arm-none-eabi-gcc -std=gnu99 -DCPU_MIMXRT1176DVMAA -DCPU_MIMXRT1176DVMAA_cm7 -DMCUXPRESSO_SDK -DXIP_EXTERNAL_FLASH=1 -DXIP_BOOT_HEADER_ENABLE=1 -DSDK_DEBUGCONSOLE=1 -DMCUX_META_BUILD -DCR_INTEGER_PRINTF -DPRINTF_FLOAT_ENABLE=0 -D__MCUXPRESSO -D__USE_CMSIS -DDEBUG -D__REDLIB__ -I"/home/nxf91053/Documents/MCUXpresso_24.12.148/workspace/evkbmimxrt1170_hello_world_cm7/source" -I"/home/nxf91053/Documents/MCUXpresso_24.12.148/workspace/evkbmimxrt1170_hello_world_cm7/xip" -I"/home/nxf91053/Documents/MCUXpresso_24.12.148/workspace/evkbmimxrt1170_hello_world_cm7/drivers" -I"/home/nxf91053/Documents/MCUXpresso_24.12.148/workspace/evkbmimxrt1170_hello_world_cm7/CMSIS" -I"/home/nxf91053/Documents/MCUXpresso_24.12.148/workspace/evkbmimxrt1170_hello_world_cm7/CMSIS/m-profile" -I"/home/nxf91053/Documents/MCUXpresso_24.12.148/workspace/evkbmimxrt1170_hello_world_cm7/device" -I"/home/nxf91053/Documents/MCUXpresso_24.12.148/workspace/evkbmimxrt1170_hello_world_cm7/device/periph" -I"/home/nxf91053/Documents/MCUXpresso_24.12.148/workspace/evkbmimxrt1170_hello_world_cm7/utilities" -I"/home/nxf91053/Documents/MCUXpresso_24.12.148/workspace/evkbmimxrt1170_hello_world_cm7/utilities/str" -I"/home/nxf91053/Documents/MCUXpresso_24.12.148/workspace/evkbmimxrt1170_hello_world_cm7/utilities/debug_console_lite" -I"/home/nxf91053/Documents/MCUXpresso_24.12.148/workspace/evkbmimxrt1170_hello_world_cm7/component/uart" -I"/home/nxf91053/Documents/MCUXpresso_24.12.148/workspace/evkbmimxrt1170_hello_world_cm7/board" -O0 -fno-common -g3 -gdwarf-4 -mthumb -c -ffunction-sections -fdata-sections -fno-builtin -imacros "/home/nxf91053/Documents/MCUXpresso_24.12.148/workspace/evkbmimxrt1170_hello_world_cm7/source/mcux_config.h" -fmerge-constants -fmacro-prefix-map="../board/"= -mcpu=cortex-m7 -mfpu=fpv5-d16 -mfloat-abi=hard -mthumb -D__REDLIB__ -fstack-usage -specs=redlib.specs -MMD -MP -MF"board/clock_config.d" -MT"board/clock_config.o" -MT"board/clock_config.d" -o "board/clock_config.o" "../board/clock_config.c"
Finished building: ../board/board.c
 
Building file: ../board/hardware_init.c
Invoking: MCU C Compiler
arm-none-eabi-gcc -std=gnu99 -DCPU_MIMXRT1176DVMAA -DCPU_MIMXRT1176DVMAA_cm7 -DMCUXPRESSO_SDK -DXIP_EXTERNAL_FLASH=1 -DXIP_BOOT_HEADER_ENABLE=1 -DSDK_DEBUGCONSOLE=1 -DMCUX_META_BUILD -DCR_INTEGER_PRINTF -DPRINTF_FLOAT_ENABLE=0 -D__MCUXPRESSO -D__USE_CMSIS -DDEBUG -D__REDLIB__ -I"/home/nxf91053/Documents/MCUXpresso_24.12.148/workspace/evkbmimxrt1170_hello_world_cm7/source" -I"/home/nxf91053/Documents/MCUXpresso_24.12.148/workspace/evkbmimxrt1170_hello_world_cm7/xip" -I"/home/nxf91053/Documents/MCUXpresso_24.12.148/workspace/evkbmimxrt1170_hello_world_cm7/drivers" -I"/home/nxf91053/Documents/MCUXpresso_24.12.148/workspace/evkbmimxrt1170_hello_world_cm7/CMSIS" -I"/home/nxf91053/Documents/MCUXpresso_24.12.148/workspace/evkbmimxrt1170_hello_world_cm7/CMSIS/m-profile" -I"/home/nxf91053/Documents/MCUXpresso_24.12.148/workspace/evkbmimxrt1170_hello_world_cm7/device" -I"/home/nxf91053/Documents/MCUXpresso_24.12.148/workspace/evkbmimxrt1170_hello_world_cm7/device/periph" -I"/home/nxf91053/Documents/MCUXpresso_24.12.148/workspace/evkbmimxrt1170_hello_world_cm7/utilities" -I"/home/nxf91053/Documents/MCUXpresso_24.12.148/workspace/evkbmimxrt1170_hello_world_cm7/utilities/str" -I"/home/nxf91053/Documents/MCUXpresso_24.12.148/workspace/evkbmimxrt1170_hello_world_cm7/utilities/debug_console_lite" -I"/home/nxf91053/Documents/MCUXpresso_24.12.148/workspace/evkbmimxrt1170_hello_world_cm7/component/uart" -I"/home/nxf91053/Documents/MCUXpresso_24.12.148/workspace/evkbmimxrt1170_hello_world_cm7/board" -O0 -fno-common -g3 -gdwarf-4 -mthumb -c -ffunction-sections -fdata-sections -fno-builtin -imacros "/home/nxf91053/Documents/MCUXpresso_24.12.148/workspace/evkbmimxrt1170_hello_world_cm7/source/mcux_config.h" -fmerge-constants -fmacro-prefix-map="../board/"= -mcpu=cortex-m7 -mfpu=fpv5-d16 -mfloat-abi=hard -mthumb -D__REDLIB__ -fstack-usage -specs=redlib.specs -MMD -MP -MF"board/hardware_init.d" -MT"board/hardware_init.o" -MT"board/hardware_init.d" -o "board/hardware_init.o" "../board/hardware_init.c"
Finished building: ../board/clock_config.c
 
Building file: ../board/pin_mux.c
Invoking: MCU C Compiler
arm-none-eabi-gcc -std=gnu99 -DCPU_MIMXRT1176DVMAA -DCPU_MIMXRT1176DVMAA_cm7 -DMCUXPRESSO_SDK -DXIP_EXTERNAL_FLASH=1 -DXIP_BOOT_HEADER_ENABLE=1 -DSDK_DEBUGCONSOLE=1 -DMCUX_META_BUILD -DCR_INTEGER_PRINTF -DPRINTF_FLOAT_ENABLE=0 -D__MCUXPRESSO -D__USE_CMSIS -DDEBUG -D__REDLIB__ -I"/home/nxf91053/Documents/MCUXpresso_24.12.148/workspace/evkbmimxrt1170_hello_world_cm7/source" -I"/home/nxf91053/Documents/MCUXpresso_24.12.148/workspace/evkbmimxrt1170_hello_world_cm7/xip" -I"/home/nxf91053/Documents/MCUXpresso_24.12.148/workspace/evkbmimxrt1170_hello_world_cm7/drivers" -I"/home/nxf91053/Documents/MCUXpresso_24.12.148/workspace/evkbmimxrt1170_hello_world_cm7/CMSIS" -I"/home/nxf91053/Documents/MCUXpresso_24.12.148/workspace/evkbmimxrt1170_hello_world_cm7/CMSIS/m-profile" -I"/home/nxf91053/Documents/MCUXpresso_24.12.148/workspace/evkbmimxrt1170_hello_world_cm7/device" -I"/home/nxf91053/Documents/MCUXpresso_24.12.148/workspace/evkbmimxrt1170_hello_world_cm7/device/periph" -I"/home/nxf91053/Documents/MCUXpresso_24.12.148/workspace/evkbmimxrt1170_hello_world_cm7/utilities" -I"/home/nxf91053/Documents/MCUXpresso_24.12.148/workspace/evkbmimxrt1170_hello_world_cm7/utilities/str" -I"/home/nxf91053/Documents/MCUXpresso_24.12.148/workspace/evkbmimxrt1170_hello_world_cm7/utilities/debug_console_lite" -I"/home/nxf91053/Documents/MCUXpresso_24.12.148/workspace/evkbmimxrt1170_hello_world_cm7/component/uart" -I"/home/nxf91053/Documents/MCUXpresso_24.12.148/workspace/evkbmimxrt1170_hello_world_cm7/board" -O0 -fno-common -g3 -gdwarf-4 -mthumb -c -ffunction-sections -fdata-sections -fno-builtin -imacros "/home/nxf91053/Documents/MCUXpresso_24.12.148/workspace/evkbmimxrt1170_hello_world_cm7/source/mcux_config.h" -fmerge-constants -fmacro-prefix-map="../board/"= -mcpu=cortex-m7 -mfpu=fpv5-d16 -mfloat-abi=hard -mthumb -D__REDLIB__ -fstack-usage -specs=redlib.specs -MMD -MP -MF"board/pin_mux.d" -MT"board/pin_mux.o" -MT"board/pin_mux.d" -o "board/pin_mux.o" "../board/pin_mux.c"
Finished building: ../board/hardware_init.c
 
Finished building: ../board/pin_mux.c
 
Building target: evkbmimxrt1170_hello_world_cm7.axf
Invoking: MCU Linker
arm-none-eabi-gcc -nostdlib -Xlinker -no-warn-rwx-segments -Xlinker -Map="evkbmimxrt1170_hello_world_cm7.map" -Xlinker --gc-sections -Xlinker -print-memory-usage -Xlinker --sort-section=alignment -Xlinker --cref -mcpu=cortex-m7 -mfpu=fpv5-d16 -mfloat-abi=hard -mthumb -T evkbmimxrt1170_hello_world_cm7_Debug.ld -o "evkbmimxrt1170_hello_world_cm7.axf" ./xip/dcd.o ./xip/evkbmimxrt1170_flexspi_nor_config.o ./xip/fsl_flexspi_nor_boot.o ./xip/xmcd.o  ./utilities/str/fsl_str.o  ./utilities/debug_console_lite/fsl_debug_console.o  ./utilities/fsl_assert.o ./utilities/fsl_memcpy.o  ./startup/boot_multicore_slave.o ./startup/startup_mimxrt1176_cm7.o  ./source/hello_world.o ./source/semihost_hardfault.o  ./drivers/fsl_anatop_ai.o ./drivers/fsl_cache.o ./drivers/fsl_clock.o ./drivers/fsl_common.o ./drivers/fsl_common_arm.o ./drivers/fsl_dcdc.o ./drivers/fsl_gpc.o ./drivers/fsl_gpio.o ./drivers/fsl_lpuart.o ./drivers/fsl_mu.o ./drivers/fsl_pgmc.o ./drivers/fsl_pmu.o ./drivers/fsl_soc_src.o  ./device/system_MIMXRT1176_cm7.o  ./component/uart/fsl_adapter_lpuart.o  ./board/board.o ./board/clock_config.o ./board/hardware_init.o ./board/pin_mux.o   
Memory region         Used Size  Region Size  %age Used
     BOARD_FLASH:       32908 B        64 MB      0.05%
    SRAM_DTC_cm7:        8504 B       256 KB      3.24%
    SRAM_ITC_cm7:          0 GB       256 KB      0.00%
        SRAM_OC1:          0 GB       512 KB      0.00%
        SRAM_OC2:          0 GB       256 KB      0.00%
   NCACHE_REGION:          0 GB       256 KB      0.00%
    SRAM_OC_ECC1:          0 GB        64 KB      0.00%
    SRAM_OC_ECC2:          0 GB        64 KB      0.00%
     BOARD_SDRAM:          0 GB        64 MB      0.00%
Finished building target: evkbmimxrt1170_hello_world_cm7.axf
 
Performing post-build steps
arm-none-eabi-size "evkbmimxrt1170_hello_world_cm7.axf"; # arm-none-eabi-objcopy -v -O binary "evkbmimxrt1170_hello_world_cm7.axf" "evkbmimxrt1170_hello_world_cm7.bin" ; # checksum -p MIMXRT1176xxxxx -d "evkbmimxrt1170_hello_world_cm7.bin";
   text	   data	    bss	    dec	    hex	filename
  32904	      4	   8500	  41408	   a1c0	evkbmimxrt1170_hello_world_cm7.axf
 

07:03:04 Build Finished. 0 errors, 0 warnings. (took 5s.183ms)

